Archive member included to satisfy reference by file (symbol)

/usr/lib/gcc/arm-none-eabi/10.3.1/thumb/v7-m/nofp/libgcc.a(_arm_muldf3.o)
                              build/drivers/time.o (__aeabi_dmul)
/usr/lib/gcc/arm-none-eabi/10.3.1/thumb/v7-m/nofp/libgcc.a(_arm_mulsf3.o)
                              build/drivers/can_controller.o (__aeabi_fmul)
/usr/lib/gcc/arm-none-eabi/10.3.1/thumb/v7-m/nofp/libgcc.a(_arm_addsubdf3.o)
                              build/drivers/PWM.o (__aeabi_ui2d)
/usr/lib/gcc/arm-none-eabi/10.3.1/thumb/v7-m/nofp/libgcc.a(_arm_muldivdf3.o)
                              build/drivers/time.o (__aeabi_ddiv)
/usr/lib/gcc/arm-none-eabi/10.3.1/thumb/v7-m/nofp/libgcc.a(_arm_fixdfsi.o)
                              build/drivers/PWM.o (__aeabi_d2iz)
/usr/lib/gcc/arm-none-eabi/10.3.1/thumb/v7-m/nofp/libgcc.a(_arm_truncdfsf2.o)
                              build/drivers/time.o (__aeabi_d2f)
/usr/lib/gcc/arm-none-eabi/10.3.1/thumb/v7-m/nofp/libgcc.a(_arm_addsubsf3.o)
                              build/drivers/PWM.o (__aeabi_fsub)
/usr/lib/gcc/arm-none-eabi/10.3.1/thumb/v7-m/nofp/libgcc.a(_arm_muldivsf3.o)
                              build/drivers/can_controller.o (__aeabi_fdiv)
/usr/lib/gcc/arm-none-eabi/10.3.1/thumb/v7-m/nofp/libgcc.a(_arm_cmpsf2.o)
                              build/drivers/PI.o (__aeabi_fcmpeq)
/usr/lib/gcc/arm-none-eabi/10.3.1/thumb/v7-m/nofp/libgcc.a(_arm_fixsfsi.o)
                              build/main.o (__aeabi_f2iz)
/usr/lib/gcc/arm-none-eabi/10.3.1/thumb/v7-m/nofp/libgcc.a(_arm_fixunssfsi.o)
                              build/drivers/PWM.o (__aeabi_f2uiz)
/usr/lib/gcc/arm-none-eabi/10.3.1/thumb/v7-m/nofp/libgcc.a(_aeabi_uldivmod.o)
                              build/drivers/time.o (__aeabi_uldivmod)
/usr/lib/gcc/arm-none-eabi/10.3.1/thumb/v7-m/nofp/libgcc.a(_udivmoddi4.o)
                              /usr/lib/gcc/arm-none-eabi/10.3.1/thumb/v7-m/nofp/libgcc.a(_aeabi_uldivmod.o) (__udivmoddi4)
/usr/lib/gcc/arm-none-eabi/10.3.1/thumb/v7-m/nofp/libgcc.a(_dvmd_tls.o)
                              /usr/lib/gcc/arm-none-eabi/10.3.1/thumb/v7-m/nofp/libgcc.a(_aeabi_uldivmod.o) (__aeabi_ldiv0)
/usr/lib/gcc/arm-none-eabi/10.3.1/../../../arm-none-eabi/lib/thumb/v7-m/nofp/libc.a(lib_a-atexit.o)
                              /usr/lib/gcc/arm-none-eabi/10.3.1/../../../arm-none-eabi/lib/thumb/v7-m/nofp/crt0.o (atexit)
/usr/lib/gcc/arm-none-eabi/10.3.1/../../../arm-none-eabi/lib/thumb/v7-m/nofp/libc.a(lib_a-exit.o)
                              /usr/lib/gcc/arm-none-eabi/10.3.1/../../../arm-none-eabi/lib/thumb/v7-m/nofp/crt0.o (exit)
/usr/lib/gcc/arm-none-eabi/10.3.1/../../../arm-none-eabi/lib/thumb/v7-m/nofp/libc.a(lib_a-fflush.o)
                              build/main.o (fflush)
/usr/lib/gcc/arm-none-eabi/10.3.1/../../../arm-none-eabi/lib/thumb/v7-m/nofp/libc.a(lib_a-findfp.o)
                              /usr/lib/gcc/arm-none-eabi/10.3.1/../../../arm-none-eabi/lib/thumb/v7-m/nofp/libc.a(lib_a-fflush.o) (__sinit)
/usr/lib/gcc/arm-none-eabi/10.3.1/../../../arm-none-eabi/lib/thumb/v7-m/nofp/libc.a(lib_a-fini.o)
                              /usr/lib/gcc/arm-none-eabi/10.3.1/../../../arm-none-eabi/lib/thumb/v7-m/nofp/crt0.o (__libc_fini_array)
/usr/lib/gcc/arm-none-eabi/10.3.1/../../../arm-none-eabi/lib/thumb/v7-m/nofp/libc.a(lib_a-freer.o)
                              /usr/lib/gcc/arm-none-eabi/10.3.1/../../../arm-none-eabi/lib/thumb/v7-m/nofp/libc.a(lib_a-fflush.o) (_free_r)
/usr/lib/gcc/arm-none-eabi/10.3.1/../../../arm-none-eabi/lib/thumb/v7-m/nofp/libc.a(lib_a-fwalk.o)
                              /usr/lib/gcc/arm-none-eabi/10.3.1/../../../arm-none-eabi/lib/thumb/v7-m/nofp/libc.a(lib_a-findfp.o) (_fwalk)
/usr/lib/gcc/arm-none-eabi/10.3.1/../../../arm-none-eabi/lib/thumb/v7-m/nofp/libc.a(lib_a-impure.o)
                              /usr/lib/gcc/arm-none-eabi/10.3.1/../../../arm-none-eabi/lib/thumb/v7-m/nofp/libc.a(lib_a-exit.o) (_global_impure_ptr)
/usr/lib/gcc/arm-none-eabi/10.3.1/../../../arm-none-eabi/lib/thumb/v7-m/nofp/libc.a(lib_a-init.o)
                              /usr/lib/gcc/arm-none-eabi/10.3.1/../../../arm-none-eabi/lib/thumb/v7-m/nofp/crt0.o (__libc_init_array)
/usr/lib/gcc/arm-none-eabi/10.3.1/../../../arm-none-eabi/lib/thumb/v7-m/nofp/libc.a(lib_a-malloc.o)
                              build/main.o (malloc)
/usr/lib/gcc/arm-none-eabi/10.3.1/../../../arm-none-eabi/lib/thumb/v7-m/nofp/libc.a(lib_a-mallocr.o)
                              /usr/lib/gcc/arm-none-eabi/10.3.1/../../../arm-none-eabi/lib/thumb/v7-m/nofp/libc.a(lib_a-findfp.o) (_malloc_r)
/usr/lib/gcc/arm-none-eabi/10.3.1/../../../arm-none-eabi/lib/thumb/v7-m/nofp/libc.a(lib_a-memset.o)
                              /usr/lib/gcc/arm-none-eabi/10.3.1/../../../arm-none-eabi/lib/thumb/v7-m/nofp/crt0.o (memset)
/usr/lib/gcc/arm-none-eabi/10.3.1/../../../arm-none-eabi/lib/thumb/v7-m/nofp/libc.a(lib_a-mlock.o)
[...]
Memory Configuration

Name             Origin             Length             Attributes
rom              0x0000000000080000 0x0000000000080000 xr
sram0            0x0000000020000000 0x0000000000010000 xrw
sram1            0x0000000020080000 0x0000000000008000 xrw
ram              0x0000000020070000 0x0000000000018000 xrw
*default*        0x0000000000000000 0xffffffffffffffff

Linker script and memory map

LOAD /usr/lib/gcc/arm-none-eabi/10.3.1/thumb/v7-m/nofp/crti.o
LOAD /usr/lib/gcc/arm-none-eabi/10.3.1/thumb/v7-m/nofp/crtbegin.o
LOAD /usr/lib/gcc/arm-none-eabi/10.3.1/../../../arm-none-eabi/lib/thumb/v7-m/nofp/crt0.o
LOAD build/sam/sam3x/source/exceptions.o
LOAD build/sam/sam3x/source/startup_sam3x.o
LOAD build/sam/sam3x/source/system_sam3x.o
LOAD build/main.o
LOAD build/drivers/can_controller.o
LOAD build/drivers/can_interrupt.o
LOAD build/drivers/time.o
LOAD build/drivers/uart.o
LOAD build/drivers/PWM.o
LOAD build/drivers/adc.o
LOAD build/drivers/game_func.o
LOAD build/drivers/solenoid.o
LOAD build/drivers/motor_controller.o
LOAD build/drivers/PI.o
LOAD build/sam/interrupt/interrupt_sam_nvic.o
START GROUP
LOAD /usr/lib/gcc/arm-none-eabi/10.3.1/thumb/v7-m/nofp/libgcc.a
LOAD /usr/lib/gcc/arm-none-eabi/10.3.1/../../../arm-none-eabi/lib/thumb/v7-m/nofp/libc.a
END GROUP
LOAD /usr/lib/gcc/arm-none-eabi/10.3.1/thumb/v7-m/nofp/crtend.o
LOAD /usr/lib/gcc/arm-none-eabi/10.3.1/thumb/v7-m/nofp/crtn.o
                0x0000000000002000                __stack_size__ = DEFINED (__stack_size__)?__stack_size__:0x2000
                0x0000000020087ffc                __ram_end__ = ((ORIGIN (ram) + LENGTH (ram)) - 0x4)

.text           0x0000000000080000     0x9bdc
                0x0000000000080000                . = ALIGN (0x4)
                0x0000000000080000                _sfixed = .
 *(.vectors .vectors.*)
 .vectors       0x0000000000080000       0xf4 build/sam/sam3x/source/startup_sam3x.o
                0x0000000000080000                exception_table
 *(.text .text.* .gnu.linkonce.t.*)
 .text          0x00000000000800f4       0x88 /usr/lib/gcc/arm-none-eabi/10.3.1/thumb/v7-m/nofp/crtbegin.o
 .text          0x000000000008017c        0x6 build/sam/sam3x/source/exceptions.o
                0x000000000008017c                DACC_Handler
                0x000000000008017c                DebugMon_Handler
                0x000000000008017c                DMAC_Handler
                0x000000000008017c                TRNG_Handler
                0x000000000008017c                HardFault_Handler
                0x000000000008017c                TC2_Handler
                0x000000000008017c                USART3_Handler
                0x000000000008017c                TWI1_Handler
                0x000000000008017c                PendSV_Handler
                0x000000000008017c                NMI_Handler
                0x000000000008017c                TC7_Handler
                0x000000000008017c                ADC_Handler
                0x000000000008017c                SMC_Handler
                0x000000000008017c                USART0_Handler
                0x000000000008017c                RTT_Handler
                0x000000000008017c                EFC1_Handler
                0x000000000008017c                PIOB_Handler
                0x000000000008017c                RTC_Handler
                0x000000000008017c                UsageFault_Handler
                0x000000000008017c                TC6_Handler
                0x000000000008017c                WDT_Handler
                0x000000000008017c                TC4_Handler
                0x000000000008017c                TC1_Handler
                0x000000000008017c                HSMCI_Handler
                0x000000000008017c                TC3_Handler
                0x000000000008017c                Dummy_Handler
                0x000000000008017c                TWI0_Handler
                0x000000000008017c                USART1_Handler
                0x000000000008017c                PIOA_Handler
                0x000000000008017c                SSC_Handler
                0x000000000008017c                EFC0_Handler
                0x000000000008017c                PMC_Handler
                0x000000000008017c                PWM_Handler
                0x000000000008017c                CAN1_Handler
                0x000000000008017c                MemManage_Handler
                0x000000000008017c                SUPC_Handler
                0x000000000008017c                SVC_Handler
                0x000000000008017c                TC8_Handler
                0x000000000008017c                USART2_Handler
                0x000000000008017c                PIOD_Handler
                0x000000000008017c                EMAC_Handler
                0x000000000008017c                PIOC_Handler
                0x000000000008017c                BusFault_Handler
                0x000000000008017c                RSTC_Handler
                0x000000000008017c                TC0_Handler
                0x000000000008017c                TC5_Handler
                0x000000000008017c                UOTGHS_Handler
                0x000000000008017c                SPI0_Handler
 *fill*         0x0000000000080182        0x2 
 .text          0x0000000000080184       0xa0 build/sam/sam3x/source/startup_sam3x.o
                0x0000000000080184                Reset_Handler
 .text          0x0000000000080224      0x1f8 build/main.o
                0x0000000000080224                main
 .text          0x000000000008041c      0x5f8 build/drivers/can_controller.o
                0x000000000008041c                can_init_def_tx_rx_mb
                0x0000000000080438                can_init
                0x00000000000805b8                can_send
                0x0000000000080690                can_receive
                0x000000000008079c                scale_result
 .text          0x0000000000080a14       0xc0 build/drivers/can_interrupt.o
                0x0000000000080a50                CAN0_Handler
 .text          0x0000000000080ad4      0x8f4 build/drivers/time.o
                0x0000000000080b28                time_init
                0x0000000000080b74                SysTick_Handler
                0x0000000000080ba0                time_now
                0x0000000000080be8                usecs
                0x0000000000080c30                msecs
                0x0000000000080c68                seconds
                0x0000000000080cec                minutes
                0x0000000000080d8c                hours
                0x0000000000080de0                totalUsecs
                0x0000000000080e38                totalMsecs
                0x0000000000080e84                totalSeconds
                0x0000000000080edc                totalMinutes
                0x0000000000080f4c                totalHours
                0x0000000000080fcc                time_split
                0x0000000000081298                time_combine
                0x0000000000081360                time_spinFor
                0x0000000000081388                time_spinUntil
                0x00000000000813ae                ticksPerMs
 .text          0x00000000000813c8      0x3a4 build/drivers/uart.o
                0x0000000000081400                push
                0x0000000000081454                pop
                0x00000000000814a6                uart_init
                0x0000000000081524                uart_tx
                0x0000000000081550                uart_rx
                0x0000000000081570                uart_flush
                0x00000000000815b2                UART_Handler
                0x0000000000081608                _sbrk
                0x0000000000081644                _close
                0x000000000008165a                _fstat
                0x0000000000081678                _isatty
                0x000000000008168c                _lseek
                0x00000000000816a4                _exit
                0x00000000000816a6                _kill
                0x00000000000816ba                _getpid
                0x00000000000816ca                _write
                0x000000000008170e                _read
 *fill*         0x000000000008176c        0x4 
 .text          0x0000000000081770      0x3cc build/drivers/PWM.o
                0x0000000000081770                PWMinit
                0x00000000000818cc                ENABLEpwm_init
                0x0000000000081a24                controller_output_to_duty_ratio
                0x0000000000081acc                set_duty_cycle
 .text          0x0000000000081b3c       0x70 build/drivers/adc.o
                0x0000000000081b3c                ADC_init
                0x0000000000081b98                ADC_read
 .text          0x0000000000081bac       0x44 build/drivers/game_func.o
                0x0000000000081bac                score
 .text          0x0000000000081bf0       0x7c build/drivers/solenoid.o
                0x0000000000081bf0                solenoid_init
                0x0000000000081c34                solenoid_activate
                0x0000000000081c50                solenoid_deactivate
 .text          0x0000000000081c6c      0x1dc build/drivers/motor_controller.o
                0x0000000000081c6c                encoder_init
                0x0000000000081dd0                get_encoder_pos
                0x0000000000081de4                set_motor_dir
                0x0000000000081e24                set_motor_pos
 .text          0x0000000000081e48      0x368 build/drivers/PI.o
                0x0000000000081f88                motor_pid_step
                0x00000000000820f0                scale_joystick_pos_to_motor_pos
                0x0000000000082184                control_loop_tick
 .text          0x00000000000821b0      0x378 /usr/lib/gcc/arm-none-eabi/10.3.1/thumb/v7-m/nofp/libgcc.a(_arm_addsubdf3.o)
                0x00000000000821b0                __aeabi_drsub
                0x00000000000821b8                __aeabi_dsub
                0x00000000000821b8                __subdf3
                0x00000000000821bc                __adddf3
                0x00000000000821bc                __aeabi_dadd
                0x0000000000082434                __aeabi_ui2d
                0x0000000000082434                __floatunsidf
                0x0000000000082454                __floatsidf
                0x0000000000082454                __aeabi_i2d
                0x0000000000082478                __extendsfdf2
                0x0000000000082478                __aeabi_f2d
                0x00000000000824bc                __aeabi_ul2d
                0x00000000000824bc                __floatundidf
                0x00000000000824cc                __floatdidf
                0x00000000000824cc                __aeabi_l2d
 .text          0x0000000000082528      0x424 /usr/lib/gcc/arm-none-eabi/10.3.1/thumb/v7-m/nofp/libgcc.a(_arm_muldivdf3.o)
                0x0000000000082528                __aeabi_dmul
                0x0000000000082528                __muldf3
                0x000000000008277c                __aeabi_ddiv
                0x000000000008277c                __divdf3
 .text          0x000000000008294c       0x50 /usr/lib/gcc/arm-none-eabi/10.3.1/thumb/v7-m/nofp/libgcc.a(_arm_fixdfsi.o)
                0x000000000008294c                __fixdfsi
                0x000000000008294c                __aeabi_d2iz
 .text          0x000000000008299c       0xa0 /usr/lib/gcc/arm-none-eabi/10.3.1/thumb/v7-m/nofp/libgcc.a(_arm_truncdfsf2.o)
                0x000000000008299c                __aeabi_d2f
                0x000000000008299c                __truncdfsf2
 .text          0x0000000000082a3c      0x21c /usr/lib/gcc/arm-none-eabi/10.3.1/thumb/v7-m/nofp/libgcc.a(_arm_addsubsf3.o)
                0x0000000000082a3c                __aeabi_frsub
                0x0000000000082a44                __subsf3
                0x0000000000082a44                __aeabi_fsub
                0x0000000000082a48                __aeabi_fadd
                0x0000000000082a48                __addsf3
                0x0000000000082ba8                __aeabi_ui2f
                0x0000000000082ba8                __floatunsisf
                0x0000000000082bb0                __aeabi_i2f
                0x0000000000082bb0                __floatsisf
                0x0000000000082bcc                __floatundisf
                0x0000000000082bcc                __aeabi_ul2f
                0x0000000000082bdc                __floatdisf
                0x0000000000082bdc                __aeabi_l2f
 .text          0x0000000000082c58      0x2a0 /usr/lib/gcc/arm-none-eabi/10.3.1/thumb/v7-m/nofp/libgcc.a(_arm_muldivsf3.o)
                0x0000000000082c58                __mulsf3
                0x0000000000082c58                __aeabi_fmul
                0x0000000000082dc0                __divsf3
                0x0000000000082dc0                __aeabi_fdiv
 .text          0x0000000000082ef8       0xec /usr/lib/gcc/arm-none-eabi/10.3.1/thumb/v7-m/nofp/libgcc.a(_arm_cmpsf2.o)
                0x0000000000082ef8                __gtsf2
                0x0000000000082ef8                __gesf2
                0x0000000000082f00                __lesf2
                0x0000000000082f00                __ltsf2
                0x0000000000082f08                __nesf2
                0x0000000000082f08                __eqsf2
                0x0000000000082f08                __cmpsf2
                0x0000000000082f68                __aeabi_cfrcmple
                0x0000000000082f70                __aeabi_cfcmple
                0x0000000000082f70                __aeabi_cfcmpeq
                0x0000000000082f80                __aeabi_fcmpeq
                0x0000000000082f94                __aeabi_fcmplt
                0x0000000000082fa8                __aeabi_fcmple
                0x0000000000082fbc                __aeabi_fcmpge
                0x0000000000082fd0                __aeabi_fcmpgt
 .text          0x0000000000082fe4       0x4c /usr/lib/gcc/arm-none-eabi/10.3.1/thumb/v7-m/nofp/libgcc.a(_arm_fixsfsi.o)
                0x0000000000082fe4                __fixsfsi
                0x0000000000082fe4                __aeabi_f2iz
 .text          0x0000000000083030       0x40 /usr/lib/gcc/arm-none-eabi/10.3.1/thumb/v7-m/nofp/libgcc.a(_arm_fixunssfsi.o)
                0x0000000000083030                __aeabi_f2uiz
                0x0000000000083030                __fixunssfsi
 .text          0x0000000000083070       0x30 /usr/lib/gcc/arm-none-eabi/10.3.1/thumb/v7-m/nofp/libgcc.a(_aeabi_uldivmod.o)
                0x0000000000083070                __aeabi_uldivmod
 .text          0x00000000000830a0      0x2d4 /usr/lib/gcc/arm-none-eabi/10.3.1/thumb/v7-m/nofp/libgcc.a(_udivmoddi4.o)
                0x00000000000830a0                __udivmoddi4
 .text          0x0000000000083374        0x4 /usr/lib/gcc/arm-none-eabi/10.3.1/thumb/v7-m/nofp/libgcc.a(_dvmd_tls.o)
                0x0000000000083374                __aeabi_ldiv0
                0x0000000000083374                __aeabi_idiv0
 .text          0x0000000000083378        0xc /usr/lib/gcc/arm-none-eabi/10.3.1/../../../arm-none-eabi/lib/thumb/v7-m/nofp/libc.a(lib_a-atexit.o)
                0x0000000000083378                atexit
 .text          0x0000000000083384      0x1a0 /usr/lib/gcc/arm-none-eabi/10.3.1/../../../arm-none-eabi/lib/thumb/v7-m/nofp/libc.a(lib_a-fflush.o)
                0x0000000000083384                __sflush_r
                0x00000000000834a8                _fflush_r
                0x00000000000834d4                fflush
 .text          0x0000000000083524      0x214 /usr/lib/gcc/arm-none-eabi/10.3.1/../../../arm-none-eabi/lib/thumb/v7-m/nofp/libc.a(lib_a-findfp.o)
                0x0000000000083528                _cleanup_r
                0x000000000008360c                __sfmoreglue
                0x000000000008363c                __sfp
                0x00000000000836e4                _cleanup
                0x00000000000836f8                __sinit
                0x0000000000083700                __sfp_lock_acquire
                0x0000000000083704                __sfp_lock_release
                0x0000000000083708                __sinit_lock_acquire
                0x000000000008370c                __sinit_lock_release
                0x0000000000083710                __fp_lock_all
                0x0000000000083724                __fp_unlock_all
 .text          0x0000000000083738       0x2c /usr/lib/gcc/arm-none-eabi/10.3.1/../../../arm-none-eabi/lib/thumb/v7-m/nofp/libc.a(lib_a-fini.o)
                0x0000000000083738                __libc_fini_array
 .text          0x0000000000083764      0x2a0 /usr/lib/gcc/arm-none-eabi/10.3.1/../../../arm-none-eabi/lib/thumb/v7-m/nofp/libc.a(lib_a-freer.o)
                0x0000000000083764                _malloc_trim_r
                0x0000000000083804                _free_r
 .text          0x0000000000083a04       0x88 /usr/lib/gcc/arm-none-eabi/10.3.1/../../../arm-none-eabi/lib/thumb/v7-m/nofp/libc.a(lib_a-fwalk.o)
                0x0000000000083a04                _fwalk
                0x0000000000083a44                _fwalk_reent
 .text          0x0000000000083a8c       0x48 /usr/lib/gcc/arm-none-eabi/10.3.1/../../../arm-none-eabi/lib/thumb/v7-m/nofp/libc.a(lib_a-init.o)
                0x0000000000083a8c                __libc_init_array
 .text          0x0000000000083ad4       0x20 /usr/lib/gcc/arm-none-eabi/10.3.1/../../../arm-none-eabi/lib/thumb/v7-m/nofp/libc.a(lib_a-malloc.o)
                0x0000000000083ad4                malloc
                0x0000000000083ae4                free
 .text          0x0000000000083af4      0x54c /usr/lib/gcc/arm-none-eabi/10.3.1/../../../arm-none-eabi/lib/thumb/v7-m/nofp/libc.a(lib_a-mallocr.o)
                0x0000000000083af4                _malloc_r
 .text          0x0000000000084040       0xa4 /usr/lib/gcc/arm-none-eabi/10.3.1/../../../arm-none-eabi/lib/thumb/v7-m/nofp/libc.a(lib_a-memset.o)
                0x0000000000084040                memset
 .text          0x00000000000840e4        0x8 /usr/lib/gcc/arm-none-eabi/10.3.1/../../../arm-none-eabi/lib/thumb/v7-m/nofp/libc.a(lib_a-mlock.o)
                0x00000000000840e4                __malloc_lock
                0x00000000000840e8                __malloc_unlock
 .text          0x00000000000840ec       0x48 /usr/lib/gcc/arm-none-eabi/10.3.1/../../../arm-none-eabi/lib/thumb/v7-m/nofp/libc.a(lib_a-printf.o)
                0x00000000000840ec                _printf_r
                0x000000000008410c                printf
 .text          0x0000000000084134       0x78 /usr/lib/gcc/arm-none-eabi/10.3.1/../../../arm-none-eabi/lib/thumb/v7-m/nofp/libc.a(lib_a-puts.o)
                0x0000000000084134                _puts_r
                0x000000000008419c                puts
 .text          0x00000000000841ac       0x24 /usr/lib/gcc/arm-none-eabi/10.3.1/../../../arm-none-eabi/lib/thumb/v7-m/nofp/libc.a(lib_a-sbrkr.o)
                0x00000000000841ac                _sbrk_r
 .text          0x00000000000841d0       0x90 /usr/lib/gcc/arm-none-eabi/10.3.1/../../../arm-none-eabi/lib/thumb/v7-m/nofp/libc.a(lib_a-stdio.o)
                0x00000000000841d0                __sread
                0x00000000000841f4                __seofread
                0x00000000000841f8                __swrite
                0x0000000000084238                __sseek
                0x0000000000084258                __sclose
 .text          0x0000000000084260       0x5c /usr/lib/gcc/arm-none-eabi/10.3.1/../../../arm-none-eabi/lib/thumb/v7-m/nofp/libc.a(lib_a-strlen-stub.o)
                0x0000000000084260                strlen
 .text          0x00000000000842bc     0x1568 /usr/lib/gcc/arm-none-eabi/10.3.1/../../../arm-none-eabi/lib/thumb/v7-m/nofp/libc.a(lib_a-vfprintf.o)
                0x00000000000842bc                _vfprintf_r
                0x000000000008579c                vfprintf
 .text          0x0000000000085824       0x2c /usr/lib/gcc/arm-none-eabi/10.3.1/../../../arm-none-eabi/lib/thumb/v7-m/nofp/libc.a(lib_a-writer.o)
                0x0000000000085824                _write_r
 .text          0x0000000000085850       0xd4 /usr/lib/gcc/arm-none-eabi/10.3.1/../../../arm-none-eabi/lib/thumb/v7-m/nofp/libc.a(lib_a-wsetup.o)
                0x0000000000085850                __swsetup_r
 .text          0x0000000000085924       0x64 /usr/lib/gcc/arm-none-eabi/10.3.1/../../../arm-none-eabi/lib/thumb/v7-m/nofp/libc.a(lib_a-__atexit.o)
                0x0000000000085924                __register_exitproc
 .text.startup  0x0000000000085988       0x14 /usr/lib/gcc/arm-none-eabi/10.3.1/../../../arm-none-eabi/lib/thumb/v7-m/nofp/libc.a(lib_a-__call_atexit.o)
 .text          0x000000000008599c       0x24 /usr/lib/gcc/arm-none-eabi/10.3.1/../../../arm-none-eabi/lib/thumb/v7-m/nofp/libc.a(lib_a-closer.o)
                0x000000000008599c                _close_r
 .text          0x00000000000859c0      0xff4 /usr/lib/gcc/arm-none-eabi/10.3.1/../../../arm-none-eabi/lib/thumb/v7-m/nofp/libc.a(lib_a-dtoa.o)
                0x0000000000085aec                _dtoa_r
 .text          0x00000000000869b4       0xd4 /usr/lib/gcc/arm-none-eabi/10.3.1/../../../arm-none-eabi/lib/thumb/v7-m/nofp/libc.a(lib_a-fclose.o)
                0x0000000000086a18                _fclose_r
                0x0000000000086a4c                fclose
 .text          0x0000000000086a88      0x2f0 /usr/lib/gcc/arm-none-eabi/10.3.1/../../../arm-none-eabi/lib/thumb/v7-m/nofp/libc.a(lib_a-fvwrite.o)
                0x0000000000086a88                __sfvwrite_r
 .text          0x0000000000086d78       0x14 /usr/lib/gcc/arm-none-eabi/10.3.1/../../../arm-none-eabi/lib/thumb/v7-m/nofp/libc.a(lib_a-localeconv.o)
                0x0000000000086d78                __localeconv_l
                0x0000000000086d7c                _localeconv_r
                0x0000000000086d84                localeconv
 .text          0x0000000000086d8c       0x2c /usr/lib/gcc/arm-none-eabi/10.3.1/../../../arm-none-eabi/lib/thumb/v7-m/nofp/libc.a(lib_a-lseekr.o)
                0x0000000000086d8c                _lseek_r
 .text          0x0000000000086db8      0x140 /usr/lib/gcc/arm-none-eabi/10.3.1/../../../arm-none-eabi/lib/thumb/v7-m/nofp/libc.a(lib_a-makebuf.o)
                0x0000000000086db8                __smakebuf_r
                0x0000000000086e98                __swhatbuf_r
 .text          0x0000000000086ef8       0x90 /usr/lib/gcc/arm-none-eabi/10.3.1/../../../arm-none-eabi/lib/thumb/v7-m/nofp/libc.a(lib_a-memchr-stub.o)
                0x0000000000086ef8                memchr
 .text          0x0000000000086f88       0xec /usr/lib/gcc/arm-none-eabi/10.3.1/../../../arm-none-eabi/lib/thumb/v7-m/nofp/libc.a(lib_a-memcpy.o)
                0x0000000000086f88                memcpy
 .text          0x0000000000087074       0xf8 /usr/lib/gcc/arm-none-eabi/10.3.1/../../../arm-none-eabi/lib/thumb/v7-m/nofp/libc.a(lib_a-memmove.o)
                0x0000000000087074                memmove
 .text          0x000000000008716c      0xa68 /usr/lib/gcc/arm-none-eabi/10.3.1/../../../arm-none-eabi/lib/thumb/v7-m/nofp/libc.a(lib_a-mprec.o)
                0x000000000008716c                _Balloc
                0x00000000000871b8                _Bfree
                0x00000000000871cc                __multadd
                0x0000000000087270                __s2b
                0x0000000000087324                __hi0bits
                0x0000000000087364                __lo0bits
                0x00000000000873bc                __i2b
                0x0000000000087418                __multiply
                0x0000000000087574                __pow5mult
                0x000000000008762c                __lshift
                0x0000000000087718                __mcmp
                0x0000000000087758                __mdiff
                0x00000000000878a4                __ulp
                0x00000000000878e8                __b2d
                0x00000000000879b8                __d2b
                0x0000000000087a7c                __ratio
                0x0000000000087adc                _mprec_log10
                0x0000000000087b14                __copybits
                0x0000000000087b74                __any_on
 .text          0x0000000000087bd4       0x2c /usr/lib/gcc/arm-none-eabi/10.3.1/../../../arm-none-eabi/lib/thumb/v7-m/nofp/libc.a(lib_a-readr.o)
                0x0000000000087bd4                _read_r
 .text          0x0000000000087c00      0x3dc /usr/lib/gcc/arm-none-eabi/10.3.1/../../../arm-none-eabi/lib/thumb/v7-m/nofp/libc.a(lib_a-reallocr.o)
                0x0000000000087c00                _realloc_r
 .text          0x0000000000087fdc      0xd48 /usr/lib/gcc/arm-none-eabi/10.3.1/../../../arm-none-eabi/lib/thumb/v7-m/nofp/libc.a(lib_a-vfiprintf.o)
                0x0000000000088054                __sprint_r
                0x0000000000088068                _vfiprintf_r
                0x0000000000088c9c                vfiprintf
 .text          0x0000000000088d24       0x4c /usr/lib/gcc/arm-none-eabi/10.3.1/../../../arm-none-eabi/lib/thumb/v7-m/nofp/libc.a(lib_a-assert.o)
                0x0000000000088d24                __assert_func
                0x0000000000088d64                __assert
 .text          0x0000000000088d70       0x60 /usr/lib/gcc/arm-none-eabi/10.3.1/../../../arm-none-eabi/lib/thumb/v7-m/nofp/libc.a(lib_a-callocr.o)
                0x0000000000088d70                _calloc_r
 .text          0x0000000000088dd0       0x44 /usr/lib/gcc/arm-none-eabi/10.3.1/../../../arm-none-eabi/lib/thumb/v7-m/nofp/libc.a(lib_a-fiprintf.o)
                0x0000000000088dd0                _fiprintf_r
                0x0000000000088dec                fiprintf
 .text          0x0000000000088e14      0x104 /usr/lib/gcc/arm-none-eabi/10.3.1/../../../arm-none-eabi/lib/thumb/v7-m/nofp/libc.a(lib_a-fputwc.o)
                0x0000000000088e14                __fputwc
                0x0000000000088eb4                _fputwc_r
                0x0000000000088ed8                fputwc
 .text          0x0000000000088f18       0x28 /usr/lib/gcc/arm-none-eabi/10.3.1/../../../arm-none-eabi/lib/thumb/v7-m/nofp/libc.a(lib_a-fstatr.o)
                0x0000000000088f18                _fstat_r
 .text          0x0000000000088f40       0x24 /usr/lib/gcc/arm-none-eabi/10.3.1/../../../arm-none-eabi/lib/thumb/v7-m/nofp/libc.a(lib_a-isattyr.o)
                0x0000000000088f40                _isatty_r
 .text          0x0000000000088f64       0x8c /usr/lib/gcc/arm-none-eabi/10.3.1/../../../arm-none-eabi/lib/thumb/v7-m/nofp/libc.a(lib_a-locale.o)
                0x0000000000088f64                _setlocale_r
                0x0000000000088fa4                __locale_mb_cur_max
                0x0000000000088fb0                setlocale
 .text          0x0000000000088ff0       0x40 /usr/lib/gcc/arm-none-eabi/10.3.1/../../../arm-none-eabi/lib/thumb/v7-m/nofp/libc.a(lib_a-mbtowc_r.o)
                0x0000000000088ff0                _mbtowc_r
                0x0000000000089004                __ascii_mbtowc
 .text          0x0000000000089030      0x1bc /usr/lib/gcc/arm-none-eabi/10.3.1/../../../arm-none-eabi/lib/thumb/v7-m/nofp/libc.a(lib_a-strcmp.o)
                0x0000000000089030                strcmp
 .text          0x00000000000891ec       0xc4 /usr/lib/gcc/arm-none-eabi/10.3.1/../../../arm-none-eabi/lib/thumb/v7-m/nofp/libc.a(lib_a-wbuf.o)
                0x00000000000891ec                __swbuf_r
                0x000000000008929c                __swbuf
 .text          0x00000000000892b0       0x88 /usr/lib/gcc/arm-none-eabi/10.3.1/../../../arm-none-eabi/lib/thumb/v7-m/nofp/libc.a(lib_a-wcrtomb.o)
                0x00000000000892b0                _wcrtomb_r
                0x00000000000892ec                wcrtomb
 .text          0x0000000000089338       0x30 /usr/lib/gcc/arm-none-eabi/10.3.1/../../../arm-none-eabi/lib/thumb/v7-m/nofp/libc.a(lib_a-wctomb_r.o)
                0x0000000000089338                _wctomb_r
                0x000000000008934c                __ascii_wctomb
 .text          0x0000000000089368       0x10 /usr/lib/gcc/arm-none-eabi/10.3.1/../../../arm-none-eabi/lib/thumb/v7-m/nofp/libc.a(lib_a-abort.o)
                0x0000000000089368                abort
 .text          0x0000000000089378      0x28c /usr/lib/gcc/arm-none-eabi/10.3.1/../../../arm-none-eabi/lib/thumb/v7-m/nofp/libc.a(lib_a-signal.o)
                0x0000000000089378                _init_signal_r
                0x00000000000893a8                _signal_r
                0x00000000000893f4                _raise_r
                0x000000000008944c                __sigtramp_r
                0x00000000000894b4                raise
                0x0000000000089510                signal
                0x0000000000089564                _init_signal
                0x000000000008959c                __sigtramp
 .text          0x0000000000089604       0x2c /usr/lib/gcc/arm-none-eabi/10.3.1/../../../arm-none-eabi/lib/thumb/v7-m/nofp/libc.a(lib_a-signalr.o)
                0x0000000000089604                _kill_r
                0x000000000008962c                _getpid_r
 .text          0x0000000000089630      0x110 /usr/lib/gcc/arm-none-eabi/10.3.1/thumb/v7-m/nofp/libgcc.a(_arm_cmpdf2.o)
                0x0000000000089630                __gtdf2
                0x0000000000089630                __gedf2
                0x0000000000089638                __ltdf2
                0x0000000000089638                __ledf2
                0x0000000000089640                __cmpdf2
                0x0000000000089640                __eqdf2
                0x0000000000089640                __nedf2
                0x00000000000896bc                __aeabi_cdrcmple
                0x00000000000896cc                __aeabi_cdcmple
                0x00000000000896cc                __aeabi_cdcmpeq
                0x00000000000896dc                __aeabi_dcmpeq
                0x00000000000896f0                __aeabi_dcmplt
                0x0000000000089704                __aeabi_dcmple
                0x0000000000089718                __aeabi_dcmpge
                0x000000000008972c                __aeabi_dcmpgt
 .text          0x0000000000089740       0x2c /usr/lib/gcc/arm-none-eabi/10.3.1/thumb/v7-m/nofp/libgcc.a(_arm_unorddf2.o)
                0x0000000000089740                __aeabi_dcmpun
                0x0000000000089740                __unorddf2
 *(.glue_7t)
 .glue_7t       0x000000000008976c        0x0 linker stubs
 *(.glue_7)
 .glue_7        0x000000000008976c        0x0 linker stubs
 *(.rodata .rodata* .gnu.linkonce.r.*)
 .rodata        0x000000000008976c       0x57 build/main.o
 *fill*         0x00000000000897c3        0x1 
 .rodata        0x00000000000897c4       0x2b build/drivers/can_interrupt.o
 *fill*         0x00000000000897ef        0x1 
 .rodata        0x00000000000897f0       0x19 build/drivers/uart.o
 *fill*         0x0000000000089809        0x3 
 .rodata        0x000000000008980c        0xa build/drivers/PWM.o
 *fill*         0x0000000000089816        0x2 
 .rodata        0x0000000000089818        0x4 /usr/lib/gcc/arm-none-eabi/10.3.1/../../../arm-none-eabi/lib/thumb/v7-m/nofp/libc.a(lib_a-impure.o)
                0x0000000000089818                _global_impure_ptr
 .rodata.str1.4
                0x000000000008981c        0x2 /usr/lib/gcc/arm-none-eabi/10.3.1/../../../arm-none-eabi/lib/thumb/v7-m/nofp/libc.a(lib_a-puts.o)
 *fill*         0x000000000008981e        0x2 
 .rodata.str1.4
                0x0000000000089820       0x42 /usr/lib/gcc/arm-none-eabi/10.3.1/../../../arm-none-eabi/lib/thumb/v7-m/nofp/libc.a(lib_a-vfprintf.o)
 *fill*         0x0000000000089862        0x2 
 .rodata        0x0000000000089864       0x20 /usr/lib/gcc/arm-none-eabi/10.3.1/../../../arm-none-eabi/lib/thumb/v7-m/nofp/libc.a(lib_a-vfprintf.o)
 .rodata.str1.4
                0x0000000000089884       0x56 /usr/lib/gcc/arm-none-eabi/10.3.1/../../../arm-none-eabi/lib/thumb/v7-m/nofp/libc.a(lib_a-dtoa.o)
                                         0x5a (size before relaxing)
 *fill*         0x00000000000898da        0x2 
 .rodata.str1.4
                0x00000000000898dc       0x33 /usr/lib/gcc/arm-none-eabi/10.3.1/../../../arm-none-eabi/lib/thumb/v7-m/nofp/libc.a(lib_a-mprec.o)
                                         0x47 (size before relaxing)
 *fill*         0x000000000008990f        0x1 
 .rodata        0x0000000000089910      0x128 /usr/lib/gcc/arm-none-eabi/10.3.1/../../../arm-none-eabi/lib/thumb/v7-m/nofp/libc.a(lib_a-mprec.o)
                0x0000000000089920                __mprec_tens
                0x00000000000899e8                __mprec_tinytens
                0x0000000000089a10                __mprec_bigtens
 .rodata.str1.4
                0x0000000000089a38       0x2f /usr/lib/gcc/arm-none-eabi/10.3.1/../../../arm-none-eabi/lib/thumb/v7-m/nofp/libc.a(lib_a-vfiprintf.o)
 .rodata        0x0000000000089a38       0x20 /usr/lib/gcc/arm-none-eabi/10.3.1/../../../arm-none-eabi/lib/thumb/v7-m/nofp/libc.a(lib_a-vfiprintf.o)
 .rodata.str1.4
                0x0000000000089a58       0x3f /usr/lib/gcc/arm-none-eabi/10.3.1/../../../arm-none-eabi/lib/thumb/v7-m/nofp/libc.a(lib_a-assert.o)
                                         0x43 (size before relaxing)
 *fill*         0x0000000000089a97        0x1 
 .rodata.str1.4
                0x0000000000089a98        0xe /usr/lib/gcc/arm-none-eabi/10.3.1/../../../arm-none-eabi/lib/thumb/v7-m/nofp/libc.a(lib_a-locale.o)
                                         0x12 (size before relaxing)
 *fill*         0x0000000000089aa6        0x2 
 .rodata        0x0000000000089aa8      0x101 /usr/lib/gcc/arm-none-eabi/10.3.1/../../../arm-none-eabi/lib/thumb/v7-m/nofp/libc.a(lib_a-ctype_.o)
                0x0000000000089aa8                _ctype_
 *(.ARM.extab* .gnu.linkonce.armextab.*)
                0x0000000000089bac                . = ALIGN (0x4)
 *fill*         0x0000000000089ba9        0x3 
 *(.init)
 .init          0x0000000000089bac        0x4 /usr/lib/gcc/arm-none-eabi/10.3.1/thumb/v7-m/nofp/crti.o
                0x0000000000089bac                _init
 .init          0x0000000000089bb0        0x8 /usr/lib/gcc/arm-none-eabi/10.3.1/thumb/v7-m/nofp/crtn.o
                0x0000000000089bb8                . = ALIGN (0x4)
                0x0000000000089bb8                __preinit_array_start = .
 *(.preinit_array)
                0x0000000000089bb8                __preinit_array_end = .
                0x0000000000089bb8                . = ALIGN (0x4)
                0x0000000000089bb8                __init_array_start = .
 *(SORT_BY_NAME(.init_array.*))
 .init_array.00000
                0x0000000000089bb8        0x4 /usr/lib/gcc/arm-none-eabi/10.3.1/../../../arm-none-eabi/lib/thumb/v7-m/nofp/libc.a(lib_a-__call_atexit.o)
 *(.init_array)
 .init_array    0x0000000000089bbc        0x4 /usr/lib/gcc/arm-none-eabi/10.3.1/thumb/v7-m/nofp/crtbegin.o
 .init_array    0x0000000000089bc0        0x4 build/drivers/time.o
                0x0000000000089bc4                __init_array_end = .
                0x0000000000089bc4                . = ALIGN (0x4)
 *crtbegin.o(.ctors)
 *(EXCLUDE_FILE(*crtend.o) .ctors)
 *(SORT_BY_NAME(.ctors.*))
 *crtend.o(.ctors)
                0x0000000000089bc4                . = ALIGN (0x4)
 *(.fini)
 .fini          0x0000000000089bc4        0x4 /usr/lib/gcc/arm-none-eabi/10.3.1/thumb/v7-m/nofp/crti.o
                0x0000000000089bc4                _fini
 .fini          0x0000000000089bc8        0x8 /usr/lib/gcc/arm-none-eabi/10.3.1/thumb/v7-m/nofp/crtn.o
 .fini.__stub   0x0000000000089bd0        0x8 linker stubs
                0x0000000000089bd8                . = ALIGN (0x4)
                0x0000000000089bd8                __fini_array_start = .
 *(.fini_array)
 .fini_array    0x0000000000089bd8        0x4 /usr/lib/gcc/arm-none-eabi/10.3.1/thumb/v7-m/nofp/crtbegin.o
 *(SORT_BY_NAME(.fini_array.*))
                0x0000000000089bdc                __fini_array_end = .
 *crtbegin.o(.dtors)
 *(EXCLUDE_FILE(*crtend.o) .dtors)
 *(SORT_BY_NAME(.dtors.*))
 *crtend.o(.dtors)
                0x0000000000089bdc                . = ALIGN (0x4)
                0x0000000000089bdc                _efixed = .
                [!provide]                        PROVIDE (__exidx_start = .)

.vfp11_veneer   0x0000000000089bdc        0x0
 .vfp11_veneer  0x0000000000089bdc        0x0 linker stubs

.v4_bx          0x0000000000089bdc        0x0
 .v4_bx         0x0000000000089bdc        0x0 linker stubs

.iplt           0x0000000000089bdc        0x0
 .iplt          0x0000000000089bdc        0x0 /usr/lib/gcc/arm-none-eabi/10.3.1/thumb/v7-m/nofp/crtbegin.o

.ARM.exidx      0x0000000000089bdc        0x8
 *(.ARM.exidx* .gnu.linkonce.armexidx.*)
 .ARM.exidx     0x0000000000089bdc        0x8 /usr/lib/gcc/arm-none-eabi/10.3.1/thumb/v7-m/nofp/libgcc.a(_udivmoddi4.o)
                [!provide]                        PROVIDE (__exidx_end = .)

.eh_frame       0x0000000000089be4        0x0
 .eh_frame      0x0000000000089be4        0x0 /usr/lib/gcc/arm-none-eabi/10.3.1/thumb/v7-m/nofp/crtbegin.o

.rel.dyn        0x0000000000089be4        0x0
 .rel.iplt      0x0000000000089be4        0x0 /usr/lib/gcc/arm-none-eabi/10.3.1/thumb/v7-m/nofp/crtbegin.o

.tm_clone_table
                0x0000000000089be4        0x0
 .tm_clone_table
                0x0000000000089be4        0x0 /usr/lib/gcc/arm-none-eabi/10.3.1/thumb/v7-m/nofp/crtbegin.o
 .tm_clone_table
                0x0000000000089be4        0x0 /usr/lib/gcc/arm-none-eabi/10.3.1/thumb/v7-m/nofp/crtend.o

.igot.plt       0x0000000000089be4        0x0
 .igot.plt      0x0000000000089be4        0x0 /usr/lib/gcc/arm-none-eabi/10.3.1/thumb/v7-m/nofp/crtbegin.o
                0x0000000000089be4                . = ALIGN (0x4)
                0x0000000000089be4                _etext = .

.relocate       0x0000000020070000      0xb4c load address 0x0000000000089be4
                0x0000000020070000                . = ALIGN (0x4)
                0x0000000020070000                _srelocate = .
 *(.ramfunc .ramfunc.*)
 .ramfunc       0x0000000020070000      0x18c build/sam/sam3x/source/system_sam3x.o
                0x0000000020070000                SystemInit
                0x00000000200700d0                system_init_flash
 *(.data .data.*)
 .data          0x000000002007018c        0x4 build/sam/sam3x/source/system_sam3x.o
                0x000000002007018c                SystemCoreClock
 .data          0x0000000020070190        0x1 build/drivers/game_func.o
                0x0000000020070190                register_goal
 *fill*         0x0000000020070191        0x3 
 .data          0x0000000020070194        0xc build/drivers/PI.o
 .data          0x00000000200701a0      0x430 /usr/lib/gcc/arm-none-eabi/10.3.1/../../../arm-none-eabi/lib/thumb/v7-m/nofp/libc.a(lib_a-impure.o)
                0x00000000200701a0                _impure_ptr
 .data          0x00000000200705d0      0x410 /usr/lib/gcc/arm-none-eabi/10.3.1/../../../arm-none-eabi/lib/thumb/v7-m/nofp/libc.a(lib_a-mallocr.o)
                0x00000000200705d0                __malloc_av_
                0x00000000200709d8                __malloc_sbrk_base
                0x00000000200709dc                __malloc_trim_threshold
 .data          0x00000000200709e0      0x16c /usr/lib/gcc/arm-none-eabi/10.3.1/../../../arm-none-eabi/lib/thumb/v7-m/nofp/libc.a(lib_a-locale.o)
                0x00000000200709e0                __global_locale
                0x0000000020070b4c                . = ALIGN (0x4)
                0x0000000020070b4c                _erelocate = .

.bss            0x0000000020070b50      0x4c0 load address 0x000000000008a738
                0x0000000020070b50                . = ALIGN (0x4)
                0x0000000020070b50                _sbss = .
                0x0000000020070b50                _szero = .
 *(.bss .bss.*)
 .bss           0x0000000020070b50       0x1c /usr/lib/gcc/arm-none-eabi/10.3.1/thumb/v7-m/nofp/crtbegin.o
 .bss           0x0000000020070b6c       0x1c build/main.o
                0x0000000020070b84                goals
 .bss           0x0000000020070b88       0x10 build/drivers/time.o
 .bss           0x0000000020070b98      0x41c build/drivers/uart.o
                0x0000000020070ba0                ringBuf
 .bss           0x0000000020070fb4       0x18 build/drivers/PI.o
 .bss           0x0000000020070fcc       0x34 /usr/lib/gcc/arm-none-eabi/10.3.1/../../../arm-none-eabi/lib/thumb/v7-m/nofp/libc.a(lib_a-mallocr.o)
                0x0000000020070fcc                __malloc_top_pad
                0x0000000020070fd0                __malloc_current_mallinfo
                0x0000000020070ff8                __malloc_max_sbrked_mem
                0x0000000020070ffc                __malloc_max_total_mem
 .bss           0x0000000020071000        0x4 /usr/lib/gcc/arm-none-eabi/10.3.1/../../../arm-none-eabi/lib/thumb/v7-m/nofp/libc.a(lib_a-reent.o)
                0x0000000020071000                errno
 *(COMMON)
 *fill*         0x0000000020071004        0x4 
 COMMON         0x0000000020071008        0x8 build/drivers/time.o
                0x0000000020071008                calib
                0x0000000020071010                . = ALIGN (0x4)
                0x0000000020071010                _ebss = .
                0x0000000020071010                _ezero = .

.stack          0x0000000020071010     0x2000 load address 0x000000000008abf8
                0x0000000020071010                . = ALIGN (0x8)
                0x0000000020071010                _sstack = .
                0x0000000020073010                . = (. + __stack_size__)
 *fill*         0x0000000020071010     0x2000 
                0x0000000020073010                . = ALIGN (0x8)
                0x0000000020073010                _estack = .
                0x0000000020073010                . = ALIGN (0x4)
                0x0000000020073010                _end = .
OUTPUT(build/main.elf elf32-littlearm)
LOAD linker stubs

.ARM.attributes
                0x0000000000000000       0x29
 .ARM.attributes
                0x0000000000000000       0x1d /usr/lib/gcc/arm-none-eabi/10.3.1/thumb/v7-m/nofp/crti.o
 .ARM.attributes
                0x000000000000001d       0x2d /usr/lib/gcc/arm-none-eabi/10.3.1/thumb/v7-m/nofp/crtbegin.o
 .ARM.attributes
                0x000000000000004a       0x2d build/sam/sam3x/source/exceptions.o
 .ARM.attributes
                0x0000000000000077       0x2d build/sam/sam3x/source/startup_sam3x.o
 .ARM.attributes
                0x00000000000000a4       0x2d build/sam/sam3x/source/system_sam3x.o
 .ARM.attributes
                0x00000000000000d1       0x2d build/main.o
 .ARM.attributes
                0x00000000000000fe       0x2d build/drivers/can_controller.o
 .ARM.attributes
                0x000000000000012b       0x2d build/drivers/can_interrupt.o
 .ARM.attributes
                0x0000000000000158       0x2d build/drivers/time.o
 .ARM.attributes
                0x0000000000000185       0x2d build/drivers/uart.o
 .ARM.attributes
                0x00000000000001b2       0x2d build/drivers/PWM.o
 .ARM.attributes
                0x00000000000001df       0x2d build/drivers/adc.o
 .ARM.attributes
                0x000000000000020c       0x2d build/drivers/game_func.o
 .ARM.attributes
                0x0000000000000239       0x2d build/drivers/solenoid.o
 .ARM.attributes
                0x0000000000000266       0x2d build/drivers/motor_controller.o
 .ARM.attributes
                0x0000000000000293       0x2d build/drivers/PI.o
 .ARM.attributes
                0x00000000000002c0       0x1d /usr/lib/gcc/arm-none-eabi/10.3.1/thumb/v7-m/nofp/libgcc.a(_arm_addsubdf3.o)
 .ARM.attributes
                0x00000000000002dd       0x1d /usr/lib/gcc/arm-none-eabi/10.3.1/thumb/v7-m/nofp/libgcc.a(_arm_muldivdf3.o)
 .ARM.attributes
                0x00000000000002fa       0x1d /usr/lib/gcc/arm-none-eabi/10.3.1/thumb/v7-m/nofp/libgcc.a(_arm_fixdfsi.o)
 .ARM.attributes
                0x0000000000000317       0x1d /usr/lib/gcc/arm-none-eabi/10.3.1/thumb/v7-m/nofp/libgcc.a(_arm_truncdfsf2.o)
 .ARM.attributes
                0x0000000000000334       0x1d /usr/lib/gcc/arm-none-eabi/10.3.1/thumb/v7-m/nofp/libgcc.a(_arm_addsubsf3.o)
 .ARM.attributes
                0x0000000000000351       0x1d /usr/lib/gcc/arm-none-eabi/10.3.1/thumb/v7-m/nofp/libgcc.a(_arm_muldivsf3.o)
 .ARM.attributes
                0x000000000000036e       0x1d /usr/lib/gcc/arm-none-eabi/10.3.1/thumb/v7-m/nofp/libgcc.a(_arm_cmpsf2.o)
 .ARM.attributes
                0x000000000000038b       0x1d /usr/lib/gcc/arm-none-eabi/10.3.1/thumb/v7-m/nofp/libgcc.a(_arm_fixsfsi.o)
 .ARM.attributes
                0x00000000000003a8       0x1d /usr/lib/gcc/arm-none-eabi/10.3.1/thumb/v7-m/nofp/libgcc.a(_arm_fixunssfsi.o)
 .ARM.attributes
                0x00000000000003c5       0x1d /usr/lib/gcc/arm-none-eabi/10.3.1/thumb/v7-m/nofp/libgcc.a(_aeabi_uldivmod.o)
 .ARM.attributes
                0x00000000000003e2       0x2d /usr/lib/gcc/arm-none-eabi/10.3.1/thumb/v7-m/nofp/libgcc.a(_udivmoddi4.o)
 .ARM.attributes
                0x000000000000040f       0x1d /usr/lib/gcc/arm-none-eabi/10.3.1/thumb/v7-m/nofp/libgcc.a(_dvmd_tls.o)
 .ARM.attributes
                0x000000000000042c       0x2d /usr/lib/gcc/arm-none-eabi/10.3.1/../../../arm-none-eabi/lib/thumb/v7-m/nofp/libc.a(lib_a-atexit.o)
 .ARM.attributes
                0x0000000000000459       0x2d /usr/lib/gcc/arm-none-eabi/10.3.1/../../../arm-none-eabi/lib/thumb/v7-m/nofp/libc.a(lib_a-fflush.o)
 .ARM.attributes
                0x0000000000000486       0x2d /usr/lib/gcc/arm-none-eabi/10.3.1/../../../arm-none-eabi/lib/thumb/v7-m/nofp/libc.a(lib_a-findfp.o)
 .ARM.attributes
                0x00000000000004b3       0x2d /usr/lib/gcc/arm-none-eabi/10.3.1/../../../arm-none-eabi/lib/thumb/v7-m/nofp/libc.a(lib_a-fini.o)
 .ARM.attributes
                0x00000000000004e0       0x2d /usr/lib/gcc/arm-none-eabi/10.3.1/../../../arm-none-eabi/lib/thumb/v7-m/nofp/libc.a(lib_a-freer.o)
 .ARM.attributes
                0x000000000000050d       0x2d /usr/lib/gcc/arm-none-eabi/10.3.1/../../../arm-none-eabi/lib/thumb/v7-m/nofp/libc.a(lib_a-fwalk.o)
 .ARM.attributes
                0x000000000000053a       0x2d /usr/lib/gcc/arm-none-eabi/10.3.1/../../../arm-none-eabi/lib/thumb/v7-m/nofp/libc.a(lib_a-impure.o)
 .ARM.attributes
                0x0000000000000567       0x2d /usr/lib/gcc/arm-none-eabi/10.3.1/../../../arm-none-eabi/lib/thumb/v7-m/nofp/libc.a(lib_a-init.o)
 .ARM.attributes
                0x0000000000000594       0x2d /usr/lib/gcc/arm-none-eabi/10.3.1/../../../arm-none-eabi/lib/thumb/v7-m/nofp/libc.a(lib_a-malloc.o)
 .ARM.attributes
                0x00000000000005c1       0x2d /usr/lib/gcc/arm-none-eabi/10.3.1/../../../arm-none-eabi/lib/thumb/v7-m/nofp/libc.a(lib_a-mallocr.o)
 .ARM.attributes
                0x00000000000005ee       0x2d /usr/lib/gcc/arm-none-eabi/10.3.1/../../../arm-none-eabi/lib/thumb/v7-m/nofp/libc.a(lib_a-memset.o)
 .ARM.attributes
                0x000000000000061b       0x2d /usr/lib/gcc/arm-none-eabi/10.3.1/../../../arm-none-eabi/lib/thumb/v7-m/nofp/libc.a(lib_a-mlock.o)
 .ARM.attributes
                0x0000000000000648       0x2d /usr/lib/gcc/arm-none-eabi/10.3.1/../../../arm-none-eabi/lib/thumb/v7-m/nofp/libc.a(lib_a-printf.o)
 .ARM.attributes
                0x0000000000000675       0x2d /usr/lib/gcc/arm-none-eabi/10.3.1/../../../arm-none-eabi/lib/thumb/v7-m/nofp/libc.a(lib_a-puts.o)
 .ARM.attributes
                0x00000000000006a2       0x2d /usr/lib/gcc/arm-none-eabi/10.3.1/../../../arm-none-eabi/lib/thumb/v7-m/nofp/libc.a(lib_a-sbrkr.o)
 .ARM.attributes
                0x00000000000006cf       0x2d /usr/lib/gcc/arm-none-eabi/10.3.1/../../../arm-none-eabi/lib/thumb/v7-m/nofp/libc.a(lib_a-stdio.o)
 .ARM.attributes
                0x00000000000006fc       0x2d /usr/lib/gcc/arm-none-eabi/10.3.1/../../../arm-none-eabi/lib/thumb/v7-m/nofp/libc.a(lib_a-strlen-stub.o)
 .ARM.attributes
                0x0000000000000729       0x2d /usr/lib/gcc/arm-none-eabi/10.3.1/../../../arm-none-eabi/lib/thumb/v7-m/nofp/libc.a(lib_a-vfprintf.o)
 .ARM.attributes
                0x0000000000000756       0x2d /usr/lib/gcc/arm-none-eabi/10.3.1/../../../arm-none-eabi/lib/thumb/v7-m/nofp/libc.a(lib_a-writer.o)
 .ARM.attributes
                0x0000000000000783       0x2d /usr/lib/gcc/arm-none-eabi/10.3.1/../../../arm-none-eabi/lib/thumb/v7-m/nofp/libc.a(lib_a-wsetup.o)
 .ARM.attributes
                0x00000000000007b0       0x2d /usr/lib/gcc/arm-none-eabi/10.3.1/../../../arm-none-eabi/lib/thumb/v7-m/nofp/libc.a(lib_a-__atexit.o)
 .ARM.attributes
                0x00000000000007dd       0x2d /usr/lib/gcc/arm-none-eabi/10.3.1/../../../arm-none-eabi/lib/thumb/v7-m/nofp/libc.a(lib_a-__call_atexit.o)
 .ARM.attributes
                0x000000000000080a       0x2d /usr/lib/gcc/arm-none-eabi/10.3.1/../../../arm-none-eabi/lib/thumb/v7-m/nofp/libc.a(lib_a-closer.o)
 .ARM.attributes
                0x0000000000000837       0x2d /usr/lib/gcc/arm-none-eabi/10.3.1/../../../arm-none-eabi/lib/thumb/v7-m/nofp/libc.a(lib_a-dtoa.o)
 .ARM.attributes
                0x0000000000000864       0x2d /usr/lib/gcc/arm-none-eabi/10.3.1/../../../arm-none-eabi/lib/thumb/v7-m/nofp/libc.a(lib_a-fclose.o)
 .ARM.attributes
                0x0000000000000891       0x2d /usr/lib/gcc/arm-none-eabi/10.3.1/../../../arm-none-eabi/lib/thumb/v7-m/nofp/libc.a(lib_a-fvwrite.o)
 .ARM.attributes
                0x00000000000008be       0x2d /usr/lib/gcc/arm-none-eabi/10.3.1/../../../arm-none-eabi/lib/thumb/v7-m/nofp/libc.a(lib_a-localeconv.o)
 .ARM.attributes
                0x00000000000008eb       0x2d /usr/lib/gcc/arm-none-eabi/10.3.1/../../../arm-none-eabi/lib/thumb/v7-m/nofp/libc.a(lib_a-lseekr.o)
 .ARM.attributes
                0x0000000000000918       0x2d /usr/lib/gcc/arm-none-eabi/10.3.1/../../../arm-none-eabi/lib/thumb/v7-m/nofp/libc.a(lib_a-makebuf.o)
 .ARM.attributes
                0x0000000000000945       0x2d /usr/lib/gcc/arm-none-eabi/10.3.1/../../../arm-none-eabi/lib/thumb/v7-m/nofp/libc.a(lib_a-memchr-stub.o)
 .ARM.attributes
                0x0000000000000972       0x1b /usr/lib/gcc/arm-none-eabi/10.3.1/../../../arm-none-eabi/lib/thumb/v7-m/nofp/libc.a(lib_a-memcpy.o)
 .ARM.attributes
                0x000000000000098d       0x2d /usr/lib/gcc/arm-none-eabi/10.3.1/../../../arm-none-eabi/lib/thumb/v7-m/nofp/libc.a(lib_a-memmove.o)
 .ARM.attributes
                0x00000000000009ba       0x2d /usr/lib/gcc/arm-none-eabi/10.3.1/../../../arm-none-eabi/lib/thumb/v7-m/nofp/libc.a(lib_a-mprec.o)
 .ARM.attributes
                0x00000000000009e7       0x2d /usr/lib/gcc/arm-none-eabi/10.3.1/../../../arm-none-eabi/lib/thumb/v7-m/nofp/libc.a(lib_a-readr.o)
 .ARM.attributes
                0x0000000000000a14       0x2d /usr/lib/gcc/arm-none-eabi/10.3.1/../../../arm-none-eabi/lib/thumb/v7-m/nofp/libc.a(lib_a-reallocr.o)
 .ARM.attributes
                0x0000000000000a41       0x2d /usr/lib/gcc/arm-none-eabi/10.3.1/../../../arm-none-eabi/lib/thumb/v7-m/nofp/libc.a(lib_a-reent.o)
 .ARM.attributes
                0x0000000000000a6e       0x2d /usr/lib/gcc/arm-none-eabi/10.3.1/../../../arm-none-eabi/lib/thumb/v7-m/nofp/libc.a(lib_a-vfiprintf.o)
 .ARM.attributes
                0x0000000000000a9b       0x2d /usr/lib/gcc/arm-none-eabi/10.3.1/../../../arm-none-eabi/lib/thumb/v7-m/nofp/libc.a(lib_a-assert.o)
 .ARM.attributes
                0x0000000000000ac8       0x2d /usr/lib/gcc/arm-none-eabi/10.3.1/../../../arm-none-eabi/lib/thumb/v7-m/nofp/libc.a(lib_a-callocr.o)
 .ARM.attributes
                0x0000000000000af5       0x2d /usr/lib/gcc/arm-none-eabi/10.3.1/../../../arm-none-eabi/lib/thumb/v7-m/nofp/libc.a(lib_a-fiprintf.o)
 .ARM.attributes
                0x0000000000000b22       0x2d /usr/lib/gcc/arm-none-eabi/10.3.1/../../../arm-none-eabi/lib/thumb/v7-m/nofp/libc.a(lib_a-fputwc.o)
 .ARM.attributes
                0x0000000000000b4f       0x2d /usr/lib/gcc/arm-none-eabi/10.3.1/../../../arm-none-eabi/lib/thumb/v7-m/nofp/libc.a(lib_a-fstatr.o)
 .ARM.attributes
                0x0000000000000b7c       0x2d /usr/lib/gcc/arm-none-eabi/10.3.1/../../../arm-none-eabi/lib/thumb/v7-m/nofp/libc.a(lib_a-isattyr.o)
 .ARM.attributes
                0x0000000000000ba9       0x2d /usr/lib/gcc/arm-none-eabi/10.3.1/../../../arm-none-eabi/lib/thumb/v7-m/nofp/libc.a(lib_a-locale.o)
 .ARM.attributes
                0x0000000000000bd6       0x2d /usr/lib/gcc/arm-none-eabi/10.3.1/../../../arm-none-eabi/lib/thumb/v7-m/nofp/libc.a(lib_a-mbtowc_r.o)
 .ARM.attributes
                0x0000000000000c03       0x1b /usr/lib/gcc/arm-none-eabi/10.3.1/../../../arm-none-eabi/lib/thumb/v7-m/nofp/libc.a(lib_a-strcmp.o)
 .ARM.attributes
                0x0000000000000c1e       0x2d /usr/lib/gcc/arm-none-eabi/10.3.1/../../../arm-none-eabi/lib/thumb/v7-m/nofp/libc.a(lib_a-wbuf.o)
 .ARM.attributes
                0x0000000000000c4b       0x2d /usr/lib/gcc/arm-none-eabi/10.3.1/../../../arm-none-eabi/lib/thumb/v7-m/nofp/libc.a(lib_a-wcrtomb.o)
 .ARM.attributes
                0x0000000000000c78       0x2d /usr/lib/gcc/arm-none-eabi/10.3.1/../../../arm-none-eabi/lib/thumb/v7-m/nofp/libc.a(lib_a-wctomb_r.o)
 .ARM.attributes
                0x0000000000000ca5       0x2d /usr/lib/gcc/arm-none-eabi/10.3.1/../../../arm-none-eabi/lib/thumb/v7-m/nofp/libc.a(lib_a-abort.o)
 .ARM.attributes
                0x0000000000000cd2       0x2d /usr/lib/gcc/arm-none-eabi/10.3.1/../../../arm-none-eabi/lib/thumb/v7-m/nofp/libc.a(lib_a-ctype_.o)
 .ARM.attributes
                0x0000000000000cff       0x2d /usr/lib/gcc/arm-none-eabi/10.3.1/../../../arm-none-eabi/lib/thumb/v7-m/nofp/libc.a(lib_a-signal.o)
 .ARM.attributes
                0x0000000000000d2c       0x2d /usr/lib/gcc/arm-none-eabi/10.3.1/../../../arm-none-eabi/lib/thumb/v7-m/nofp/libc.a(lib_a-signalr.o)
 .ARM.attributes
                0x0000000000000d59       0x1d /usr/lib/gcc/arm-none-eabi/10.3.1/thumb/v7-m/nofp/libgcc.a(_arm_cmpdf2.o)
 .ARM.attributes
                0x0000000000000d76       0x1d /usr/lib/gcc/arm-none-eabi/10.3.1/thumb/v7-m/nofp/libgcc.a(_arm_unorddf2.o)
 .ARM.attributes
                0x0000000000000d93       0x2d /usr/lib/gcc/arm-none-eabi/10.3.1/thumb/v7-m/nofp/crtend.o
 .ARM.attributes
                0x0000000000000dc0       0x1d /usr/lib/gcc/arm-none-eabi/10.3.1/thumb/v7-m/nofp/crtn.o

.comment        0x0000000000000000       0x8c
 .comment       0x0000000000000000       0x33 /usr/lib/gcc/arm-none-eabi/10.3.1/thumb/v7-m/nofp/crtbegin.o
                                         0x34 (size before relaxing)
 .comment       0x0000000000000033       0x59 build/sam/sam3x/source/exceptions.o
                                         0x5a (size before relaxing)
 .comment       0x000000000000008c       0x5a build/sam/sam3x/source/startup_sam3x.o
 .comment       0x000000000000008c       0x5a build/sam/sam3x/source/system_sam3x.o
 .comment       0x000000000000008c       0x34 build/main.o
 .comment       0x000000000000008c       0x34 build/drivers/can_controller.o
 .comment       0x000000000000008c       0x34 build/drivers/can_interrupt.o
 .comment       0x000000000000008c       0x5a build/drivers/time.o
 .comment       0x000000000000008c       0x5a build/drivers/uart.o
 .comment       0x000000000000008c       0x34 build/drivers/PWM.o
 .comment       0x000000000000008c       0x34 build/drivers/adc.o
 .comment       0x000000000000008c       0x34 build/drivers/game_func.o
 .comment       0x000000000000008c       0x34 build/drivers/solenoid.o
 .comment       0x000000000000008c       0x34 build/drivers/motor_controller.o
 .comment       0x000000000000008c       0x34 build/drivers/PI.o
 .comment       0x000000000000008c       0x34 /usr/lib/gcc/arm-none-eabi/10.3.1/thumb/v7-m/nofp/libgcc.a(_udivmoddi4.o)
 .comment       0x000000000000008c       0x34 /usr/lib/gcc/arm-none-eabi/10.3.1/../../../arm-none-eabi/lib/thumb/v7-m/nofp/libc.a(lib_a-atexit.o)
 .comment       0x000000000000008c       0x34 /usr/lib/gcc/arm-none-eabi/10.3.1/../../../arm-none-eabi/lib/thumb/v7-m/nofp/libc.a(lib_a-fflush.o)
 .comment       0x000000000000008c       0x34 /usr/lib/gcc/arm-none-eabi/10.3.1/../../../arm-none-eabi/lib/thumb/v7-m/nofp/libc.a(lib_a-findfp.o)
 .comment       0x000000000000008c       0x34 /usr/lib/gcc/arm-none-eabi/10.3.1/../../../arm-none-eabi/lib/thumb/v7-m/nofp/libc.a(lib_a-fini.o)
 .comment       0x000000000000008c       0x34 /usr/lib/gcc/arm-none-eabi/10.3.1/../../../arm-none-eabi/lib/thumb/v7-m/nofp/libc.a(lib_a-freer.o)
 .comment       0x000000000000008c       0x34 /usr/lib/gcc/arm-none-eabi/10.3.1/../../../arm-none-eabi/lib/thumb/v7-m/nofp/libc.a(lib_a-fwalk.o)
 .comment       0x000000000000008c       0x34 /usr/lib/gcc/arm-none-eabi/10.3.1/../../../arm-none-eabi/lib/thumb/v7-m/nofp/libc.a(lib_a-impure.o)
 .comment       0x000000000000008c       0x34 /usr/lib/gcc/arm-none-eabi/10.3.1/../../../arm-none-eabi/lib/thumb/v7-m/nofp/libc.a(lib_a-init.o)
 .comment       0x000000000000008c       0x34 /usr/lib/gcc/arm-none-eabi/10.3.1/../../../arm-none-eabi/lib/thumb/v7-m/nofp/libc.a(lib_a-malloc.o)
 .comment       0x000000000000008c       0x34 /usr/lib/gcc/arm-none-eabi/10.3.1/../../../arm-none-eabi/lib/thumb/v7-m/nofp/libc.a(lib_a-mallocr.o)
 .comment       0x000000000000008c       0x34 /usr/lib/gcc/arm-none-eabi/10.3.1/../../../arm-none-eabi/lib/thumb/v7-m/nofp/libc.a(lib_a-memset.o)
 .comment       0x000000000000008c       0x34 /usr/lib/gcc/arm-none-eabi/10.3.1/../../../arm-none-eabi/lib/thumb/v7-m/nofp/libc.a(lib_a-mlock.o)
 .comment       0x000000000000008c       0x34 /usr/lib/gcc/arm-none-eabi/10.3.1/../../../arm-none-eabi/lib/thumb/v7-m/nofp/libc.a(lib_a-printf.o)
 .comment       0x000000000000008c       0x34 /usr/lib/gcc/arm-none-eabi/10.3.1/../../../arm-none-eabi/lib/thumb/v7-m/nofp/libc.a(lib_a-puts.o)
 .comment       0x000000000000008c       0x34 /usr/lib/gcc/arm-none-eabi/10.3.1/../../../arm-none-eabi/lib/thumb/v7-m/nofp/libc.a(lib_a-sbrkr.o)
 .comment       0x000000000000008c       0x34 /usr/lib/gcc/arm-none-eabi/10.3.1/../../../arm-none-eabi/lib/thumb/v7-m/nofp/libc.a(lib_a-stdio.o)
 .comment       0x000000000000008c       0x34 /usr/lib/gcc/arm-none-eabi/10.3.1/../../../arm-none-eabi/lib/thumb/v7-m/nofp/libc.a(lib_a-strlen-stub.o)
 .comment       0x000000000000008c       0x34 /usr/lib/gcc/arm-none-eabi/10.3.1/../../../arm-none-eabi/lib/thumb/v7-m/nofp/libc.a(lib_a-vfprintf.o)
 .comment       0x000000000000008c       0x34 /usr/lib/gcc/arm-none-eabi/10.3.1/../../../arm-none-eabi/lib/thumb/v7-m/nofp/libc.a(lib_a-writer.o)
 .comment       0x000000000000008c       0x34 /usr/lib/gcc/arm-none-eabi/10.3.1/../../../arm-none-eabi/lib/thumb/v7-m/nofp/libc.a(lib_a-wsetup.o)
 .comment       0x000000000000008c       0x34 /usr/lib/gcc/arm-none-eabi/10.3.1/../../../arm-none-eabi/lib/thumb/v7-m/nofp/libc.a(lib_a-__atexit.o)
 .comment       0x000000000000008c       0x34 /usr/lib/gcc/arm-none-eabi/10.3.1/../../../arm-none-eabi/lib/thumb/v7-m/nofp/libc.a(lib_a-__call_atexit.o)
 .comment       0x000000000000008c       0x34 /usr/lib/gcc/arm-none-eabi/10.3.1/../../../arm-none-eabi/lib/thumb/v7-m/nofp/libc.a(lib_a-closer.o)
 .comment       0x000000000000008c       0x34 /usr/lib/gcc/arm-none-eabi/10.3.1/../../../arm-none-eabi/lib/thumb/v7-m/nofp/libc.a(lib_a-dtoa.o)
 .comment       0x000000000000008c       0x34 /usr/lib/gcc/arm-none-eabi/10.3.1/../../../arm-none-eabi/lib/thumb/v7-m/nofp/libc.a(lib_a-fclose.o)
 .comment       0x000000000000008c       0x34 /usr/lib/gcc/arm-none-eabi/10.3.1/../../../arm-none-eabi/lib/thumb/v7-m/nofp/libc.a(lib_a-fvwrite.o)
 .comment       0x000000000000008c       0x34 /usr/lib/gcc/arm-none-eabi/10.3.1/../../../arm-none-eabi/lib/thumb/v7-m/nofp/libc.a(lib_a-localeconv.o)
 .comment       0x000000000000008c       0x34 /usr/lib/gcc/arm-none-eabi/10.3.1/../../../arm-none-eabi/lib/thumb/v7-m/nofp/libc.a(lib_a-lseekr.o)
 .comment       0x000000000000008c       0x34 /usr/lib/gcc/arm-none-eabi/10.3.1/../../../arm-none-eabi/lib/thumb/v7-m/nofp/libc.a(lib_a-makebuf.o)
 .comment       0x000000000000008c       0x34 /usr/lib/gcc/arm-none-eabi/10.3.1/../../../arm-none-eabi/lib/thumb/v7-m/nofp/libc.a(lib_a-memchr-stub.o)
 .comment       0x000000000000008c       0x34 /usr/lib/gcc/arm-none-eabi/10.3.1/../../../arm-none-eabi/lib/thumb/v7-m/nofp/libc.a(lib_a-memmove.o)
 .comment       0x000000000000008c       0x34 /usr/lib/gcc/arm-none-eabi/10.3.1/../../../arm-none-eabi/lib/thumb/v7-m/nofp/libc.a(lib_a-mprec.o)
 .comment       0x000000000000008c       0x34 /usr/lib/gcc/arm-none-eabi/10.3.1/../../../arm-none-eabi/lib/thumb/v7-m/nofp/libc.a(lib_a-readr.o)
 .comment       0x000000000000008c       0x34 /usr/lib/gcc/arm-none-eabi/10.3.1/../../../arm-none-eabi/lib/thumb/v7-m/nofp/libc.a(lib_a-reallocr.o)
 .comment       0x000000000000008c       0x34 /usr/lib/gcc/arm-none-eabi/10.3.1/../../../arm-none-eabi/lib/thumb/v7-m/nofp/libc.a(lib_a-reent.o)
 .comment       0x000000000000008c       0x34 /usr/lib/gcc/arm-none-eabi/10.3.1/../../../arm-none-eabi/lib/thumb/v7-m/nofp/libc.a(lib_a-vfiprintf.o)
 .comment       0x000000000000008c       0x34 /usr/lib/gcc/arm-none-eabi/10.3.1/../../../arm-none-eabi/lib/thumb/v7-m/nofp/libc.a(lib_a-assert.o)
 .comment       0x000000000000008c       0x34 /usr/lib/gcc/arm-none-eabi/10.3.1/../../../arm-none-eabi/lib/thumb/v7-m/nofp/libc.a(lib_a-callocr.o)
 .comment       0x000000000000008c       0x34 /usr/lib/gcc/arm-none-eabi/10.3.1/../../../arm-none-eabi/lib/thumb/v7-m/nofp/libc.a(lib_a-fiprintf.o)
 .comment       0x000000000000008c       0x34 /usr/lib/gcc/arm-none-eabi/10.3.1/../../../arm-none-eabi/lib/thumb/v7-m/nofp/libc.a(lib_a-fputwc.o)
 .comment       0x000000000000008c       0x34 /usr/lib/gcc/arm-none-eabi/10.3.1/../../../arm-none-eabi/lib/thumb/v7-m/nofp/libc.a(lib_a-fstatr.o)
 .comment       0x000000000000008c       0x34 /usr/lib/gcc/arm-none-eabi/10.3.1/../../../arm-none-eabi/lib/thumb/v7-m/nofp/libc.a(lib_a-isattyr.o)
 .comment       0x000000000000008c       0x34 /usr/lib/gcc/arm-none-eabi/10.3.1/../../../arm-none-eabi/lib/thumb/v7-m/nofp/libc.a(lib_a-locale.o)
 .comment       0x000000000000008c       0x34 /usr/lib/gcc/arm-none-eabi/10.3.1/../../../arm-none-eabi/lib/thumb/v7-m/nofp/libc.a(lib_a-mbtowc_r.o)
 .comment       0x000000000000008c       0x34 /usr/lib/gcc/arm-none-eabi/10.3.1/../../../arm-none-eabi/lib/thumb/v7-m/nofp/libc.a(lib_a-wbuf.o)
 .comment       0x000000000000008c       0x34 /usr/lib/gcc/arm-none-eabi/10.3.1/../../../arm-none-eabi/lib/thumb/v7-m/nofp/libc.a(lib_a-wcrtomb.o)
 .comment       0x000000000000008c       0x34 /usr/lib/gcc/arm-none-eabi/10.3.1/../../../arm-none-eabi/lib/thumb/v7-m/nofp/libc.a(lib_a-wctomb_r.o)
 .comment       0x000000000000008c       0x34 /usr/lib/gcc/arm-none-eabi/10.3.1/../../../arm-none-eabi/lib/thumb/v7-m/nofp/libc.a(lib_a-abort.o)
 .comment       0x000000000000008c       0x34 /usr/lib/gcc/arm-none-eabi/10.3.1/../../../arm-none-eabi/lib/thumb/v7-m/nofp/libc.a(lib_a-ctype_.o)
 .comment       0x000000000000008c       0x34 /usr/lib/gcc/arm-none-eabi/10.3.1/../../../arm-none-eabi/lib/thumb/v7-m/nofp/libc.a(lib_a-signal.o)
 .comment       0x000000000000008c       0x34 /usr/lib/gcc/arm-none-eabi/10.3.1/../../../arm-none-eabi/lib/thumb/v7-m/nofp/libc.a(lib_a-signalr.o)
 .comment       0x000000000000008c       0x34 /usr/lib/gcc/arm-none-eabi/10.3.1/thumb/v7-m/nofp/crtend.o

.debug_info     0x0000000000000000    0x2cfe4
 .debug_info    0x0000000000000000      0x9a1 build/sam/sam3x/source/exceptions.o
 .debug_info    0x00000000000009a1      0xc30 build/sam/sam3x/source/startup_sam3x.o
 .debug_info    0x00000000000015d1      0xd02 build/sam/sam3x/source/system_sam3x.o
 .debug_info    0x00000000000022d3     0x113a build/main.o
 .debug_info    0x000000000000340d      0xafd build/drivers/can_controller.o
 .debug_info    0x0000000000003f0a      0x63b build/drivers/can_interrupt.o
 .debug_info    0x0000000000004545     0x1190 build/drivers/time.o
 .debug_info    0x00000000000056d5     0x19a2 build/drivers/uart.o
 .debug_info    0x0000000000007077      0xc9d build/drivers/PWM.o
 .debug_info    0x0000000000007d14      0x59e build/drivers/adc.o
 .debug_info    0x00000000000082b2       0xfd build/drivers/game_func.o
 .debug_info    0x00000000000083af      0x6a1 build/drivers/solenoid.o
 .debug_info    0x0000000000008a50      0x869 build/drivers/motor_controller.o
 .debug_info    0x00000000000092b9      0xb2d build/drivers/PI.o
 .debug_info    0x0000000000009de6       0x26 /usr/lib/gcc/arm-none-eabi/10.3.1/thumb/v7-m/nofp/libgcc.a(_arm_addsubdf3.o)
 .debug_info    0x0000000000009e0c       0x26 /usr/lib/gcc/arm-none-eabi/10.3.1/thumb/v7-m/nofp/libgcc.a(_arm_muldivdf3.o)
 .debug_info    0x0000000000009e32       0x26 /usr/lib/gcc/arm-none-eabi/10.3.1/thumb/v7-m/nofp/libgcc.a(_arm_fixdfsi.o)
 .debug_info    0x0000000000009e58       0x26 /usr/lib/gcc/arm-none-eabi/10.3.1/thumb/v7-m/nofp/libgcc.a(_arm_truncdfsf2.o)
 .debug_info    0x0000000000009e7e       0x26 /usr/lib/gcc/arm-none-eabi/10.3.1/thumb/v7-m/nofp/libgcc.a(_arm_addsubsf3.o)
 .debug_info    0x0000000000009ea4       0x26 /usr/lib/gcc/arm-none-eabi/10.3.1/thumb/v7-m/nofp/libgcc.a(_arm_muldivsf3.o)
 .debug_info    0x0000000000009eca       0x26 /usr/lib/gcc/arm-none-eabi/10.3.1/thumb/v7-m/nofp/libgcc.a(_arm_cmpsf2.o)
 .debug_info    0x0000000000009ef0       0x26 /usr/lib/gcc/arm-none-eabi/10.3.1/thumb/v7-m/nofp/libgcc.a(_arm_fixsfsi.o)
 .debug_info    0x0000000000009f16       0x26 /usr/lib/gcc/arm-none-eabi/10.3.1/thumb/v7-m/nofp/libgcc.a(_arm_fixunssfsi.o)
 .debug_info    0x0000000000009f3c       0x26 /usr/lib/gcc/arm-none-eabi/10.3.1/thumb/v7-m/nofp/libgcc.a(_aeabi_uldivmod.o)
 .debug_info    0x0000000000009f62      0x717 /usr/lib/gcc/arm-none-eabi/10.3.1/thumb/v7-m/nofp/libgcc.a(_udivmoddi4.o)
 .debug_info    0x000000000000a679       0x26 /usr/lib/gcc/arm-none-eabi/10.3.1/thumb/v7-m/nofp/libgcc.a(_dvmd_tls.o)
 .debug_info    0x000000000000a69f      0x100 /usr/lib/gcc/arm-none-eabi/10.3.1/../../../arm-none-eabi/lib/thumb/v7-m/nofp/libc.a(lib_a-atexit.o)
 .debug_info    0x000000000000a79f      0xbe0 /usr/lib/gcc/arm-none-eabi/10.3.1/../../../arm-none-eabi/lib/thumb/v7-m/nofp/libc.a(lib_a-fflush.o)
 .debug_info    0x000000000000b37f      0xf66 /usr/lib/gcc/arm-none-eabi/10.3.1/../../../arm-none-eabi/lib/thumb/v7-m/nofp/libc.a(lib_a-findfp.o)
 .debug_info    0x000000000000c2e5      0x102 /usr/lib/gcc/arm-none-eabi/10.3.1/../../../arm-none-eabi/lib/thumb/v7-m/nofp/libc.a(lib_a-fini.o)
 .debug_info    0x000000000000c3e7      0xd10 /usr/lib/gcc/arm-none-eabi/10.3.1/../../../arm-none-eabi/lib/thumb/v7-m/nofp/libc.a(lib_a-freer.o)
 .debug_info    0x000000000000d0f7      0xa66 /usr/lib/gcc/arm-none-eabi/10.3.1/../../../arm-none-eabi/lib/thumb/v7-m/nofp/libc.a(lib_a-fwalk.o)
 .debug_info    0x000000000000db5d      0x92a /usr/lib/gcc/arm-none-eabi/10.3.1/../../../arm-none-eabi/lib/thumb/v7-m/nofp/libc.a(lib_a-impure.o)
 .debug_info    0x000000000000e487      0x11a /usr/lib/gcc/arm-none-eabi/10.3.1/../../../arm-none-eabi/lib/thumb/v7-m/nofp/libc.a(lib_a-init.o)
 .debug_info    0x000000000000e5a1      0x998 /usr/lib/gcc/arm-none-eabi/10.3.1/../../../arm-none-eabi/lib/thumb/v7-m/nofp/libc.a(lib_a-malloc.o)
 .debug_info    0x000000000000ef39      0xe94 /usr/lib/gcc/arm-none-eabi/10.3.1/../../../arm-none-eabi/lib/thumb/v7-m/nofp/libc.a(lib_a-mallocr.o)
 .debug_info    0x000000000000fdcd      0x137 /usr/lib/gcc/arm-none-eabi/10.3.1/../../../arm-none-eabi/lib/thumb/v7-m/nofp/libc.a(lib_a-memset.o)
 .debug_info    0x000000000000ff04      0x942 /usr/lib/gcc/arm-none-eabi/10.3.1/../../../arm-none-eabi/lib/thumb/v7-m/nofp/libc.a(lib_a-mlock.o)
 .debug_info    0x0000000000010846      0xa31 /usr/lib/gcc/arm-none-eabi/10.3.1/../../../arm-none-eabi/lib/thumb/v7-m/nofp/libc.a(lib_a-printf.o)
 .debug_info    0x0000000000011277      0xadb /usr/lib/gcc/arm-none-eabi/10.3.1/../../../arm-none-eabi/lib/thumb/v7-m/nofp/libc.a(lib_a-puts.o)
 .debug_info    0x0000000000011d52      0x98e /usr/lib/gcc/arm-none-eabi/10.3.1/../../../arm-none-eabi/lib/thumb/v7-m/nofp/libc.a(lib_a-sbrkr.o)
 .debug_info    0x00000000000126e0      0xc22 /usr/lib/gcc/arm-none-eabi/10.3.1/../../../arm-none-eabi/lib/thumb/v7-m/nofp/libc.a(lib_a-stdio.o)
 .debug_info    0x0000000000013302       0xbc /usr/lib/gcc/arm-none-eabi/10.3.1/../../../arm-none-eabi/lib/thumb/v7-m/nofp/libc.a(lib_a-strlen-stub.o)
 .debug_info    0x00000000000133be     0x1b17 /usr/lib/gcc/arm-none-eabi/10.3.1/../../../arm-none-eabi/lib/thumb/v7-m/nofp/libc.a(lib_a-vfprintf.o)
 .debug_info    0x0000000000014ed5      0x9c0 /usr/lib/gcc/arm-none-eabi/10.3.1/../../../arm-none-eabi/lib/thumb/v7-m/nofp/libc.a(lib_a-writer.o)
 .debug_info    0x0000000000015895      0x9c2 /usr/lib/gcc/arm-none-eabi/10.3.1/../../../arm-none-eabi/lib/thumb/v7-m/nofp/libc.a(lib_a-wsetup.o)
 .debug_info    0x0000000000016257      0x9b0 /usr/lib/gcc/arm-none-eabi/10.3.1/../../../arm-none-eabi/lib/thumb/v7-m/nofp/libc.a(lib_a-__atexit.o)
 .debug_info    0x0000000000016c07      0xa3d /usr/lib/gcc/arm-none-eabi/10.3.1/../../../arm-none-eabi/lib/thumb/v7-m/nofp/libc.a(lib_a-__call_atexit.o)
 .debug_info    0x0000000000017644      0x96b /usr/lib/gcc/arm-none-eabi/10.3.1/../../../arm-none-eabi/lib/thumb/v7-m/nofp/libc.a(lib_a-closer.o)
 .debug_info    0x0000000000017faf     0x1a50 /usr/lib/gcc/arm-none-eabi/10.3.1/../../../arm-none-eabi/lib/thumb/v7-m/nofp/libc.a(lib_a-dtoa.o)
 .debug_info    0x00000000000199ff      0xb4a /usr/lib/gcc/arm-none-eabi/10.3.1/../../../arm-none-eabi/lib/thumb/v7-m/nofp/libc.a(lib_a-fclose.o)
 .debug_info    0x000000000001a549      0xcba /usr/lib/gcc/arm-none-eabi/10.3.1/../../../arm-none-eabi/lib/thumb/v7-m/nofp/libc.a(lib_a-fvwrite.o)
 .debug_info    0x000000000001b203      0xc3e /usr/lib/gcc/arm-none-eabi/10.3.1/../../../arm-none-eabi/lib/thumb/v7-m/nofp/libc.a(lib_a-localeconv.o)
 .debug_info    0x000000000001be41      0x9a1 /usr/lib/gcc/arm-none-eabi/10.3.1/../../../arm-none-eabi/lib/thumb/v7-m/nofp/libc.a(lib_a-lseekr.o)
 .debug_info    0x000000000001c7e2      0xdf2 /usr/lib/gcc/arm-none-eabi/10.3.1/../../../arm-none-eabi/lib/thumb/v7-m/nofp/libc.a(lib_a-makebuf.o)
 .debug_info    0x000000000001d5d4      0x14e /usr/lib/gcc/arm-none-eabi/10.3.1/../../../arm-none-eabi/lib/thumb/v7-m/nofp/libc.a(lib_a-memchr-stub.o)
 .debug_info    0x000000000001d722       0x26 /usr/lib/gcc/arm-none-eabi/10.3.1/../../../arm-none-eabi/lib/thumb/v7-m/nofp/libc.a(lib_a-memcpy.o)
 .debug_info    0x000000000001d748      0x152 /usr/lib/gcc/arm-none-eabi/10.3.1/../../../arm-none-eabi/lib/thumb/v7-m/nofp/libc.a(lib_a-memmove.o)
 .debug_info    0x000000000001d89a     0x20b7 /usr/lib/gcc/arm-none-eabi/10.3.1/../../../arm-none-eabi/lib/thumb/v7-m/nofp/libc.a(lib_a-mprec.o)
 .debug_info    0x000000000001f951      0x9b9 /usr/lib/gcc/arm-none-eabi/10.3.1/../../../arm-none-eabi/lib/thumb/v7-m/nofp/libc.a(lib_a-readr.o)
 .debug_info    0x000000000002030a      0xdb4 /usr/lib/gcc/arm-none-eabi/10.3.1/../../../arm-none-eabi/lib/thumb/v7-m/nofp/libc.a(lib_a-reallocr.o)
 .debug_info    0x00000000000210be      0xbda /usr/lib/gcc/arm-none-eabi/10.3.1/../../../arm-none-eabi/lib/thumb/v7-m/nofp/libc.a(lib_a-reent.o)
 .debug_info    0x0000000000021c98     0x1926 /usr/lib/gcc/arm-none-eabi/10.3.1/../../../arm-none-eabi/lib/thumb/v7-m/nofp/libc.a(lib_a-vfiprintf.o)
 .debug_info    0x00000000000235be      0xa23 /usr/lib/gcc/arm-none-eabi/10.3.1/../../../arm-none-eabi/lib/thumb/v7-m/nofp/libc.a(lib_a-assert.o)
 .debug_info    0x0000000000023fe1      0xa81 /usr/lib/gcc/arm-none-eabi/10.3.1/../../../arm-none-eabi/lib/thumb/v7-m/nofp/libc.a(lib_a-callocr.o)
 .debug_info    0x0000000000024a62      0xa5f /usr/lib/gcc/arm-none-eabi/10.3.1/../../../arm-none-eabi/lib/thumb/v7-m/nofp/libc.a(lib_a-fiprintf.o)
 .debug_info    0x00000000000254c1      0xc26 /usr/lib/gcc/arm-none-eabi/10.3.1/../../../arm-none-eabi/lib/thumb/v7-m/nofp/libc.a(lib_a-fputwc.o)
 .debug_info    0x00000000000260e7      0xb83 /usr/lib/gcc/arm-none-eabi/10.3.1/../../../arm-none-eabi/lib/thumb/v7-m/nofp/libc.a(lib_a-fstatr.o)
 .debug_info    0x0000000000026c6a      0x96b /usr/lib/gcc/arm-none-eabi/10.3.1/../../../arm-none-eabi/lib/thumb/v7-m/nofp/libc.a(lib_a-isattyr.o)
 .debug_info    0x00000000000275d5      0xe0a /usr/lib/gcc/arm-none-eabi/10.3.1/../../../arm-none-eabi/lib/thumb/v7-m/nofp/libc.a(lib_a-locale.o)
 .debug_info    0x00000000000283df      0xccd /usr/lib/gcc/arm-none-eabi/10.3.1/../../../arm-none-eabi/lib/thumb/v7-m/nofp/libc.a(lib_a-mbtowc_r.o)
 .debug_info    0x00000000000290ac       0x26 /usr/lib/gcc/arm-none-eabi/10.3.1/../../../arm-none-eabi/lib/thumb/v7-m/nofp/libc.a(lib_a-strcmp.o)
 .debug_info    0x00000000000290d2      0xa5f /usr/lib/gcc/arm-none-eabi/10.3.1/../../../arm-none-eabi/lib/thumb/v7-m/nofp/libc.a(lib_a-wbuf.o)
 .debug_info    0x0000000000029b31      0xd4f /usr/lib/gcc/arm-none-eabi/10.3.1/../../../arm-none-eabi/lib/thumb/v7-m/nofp/libc.a(lib_a-wcrtomb.o)
 .debug_info    0x000000000002a880      0xc8c /usr/lib/gcc/arm-none-eabi/10.3.1/../../../arm-none-eabi/lib/thumb/v7-m/nofp/libc.a(lib_a-wctomb_r.o)
 .debug_info    0x000000000002b50c       0xcb /usr/lib/gcc/arm-none-eabi/10.3.1/../../../arm-none-eabi/lib/thumb/v7-m/nofp/libc.a(lib_a-abort.o)
 .debug_info    0x000000000002b5d7       0xb8 /usr/lib/gcc/arm-none-eabi/10.3.1/../../../arm-none-eabi/lib/thumb/v7-m/nofp/libc.a(lib_a-ctype_.o)
 .debug_info    0x000000000002b68f      0xf32 /usr/lib/gcc/arm-none-eabi/10.3.1/../../../arm-none-eabi/lib/thumb/v7-m/nofp/libc.a(lib_a-signal.o)
 .debug_info    0x000000000002c5c1      0x9d7 /usr/lib/gcc/arm-none-eabi/10.3.1/../../../arm-none-eabi/lib/thumb/v7-m/nofp/libc.a(lib_a-signalr.o)
 .debug_info    0x000000000002cf98       0x26 /usr/lib/gcc/arm-none-eabi/10.3.1/thumb/v7-m/nofp/libgcc.a(_arm_cmpdf2.o)
 .debug_info    0x000000000002cfbe       0x26 /usr/lib/gcc/arm-none-eabi/10.3.1/thumb/v7-m/nofp/libgcc.a(_arm_unorddf2.o)

.debug_abbrev   0x0000000000000000     0x8f22
 .debug_abbrev  0x0000000000000000      0x1e7 build/sam/sam3x/source/exceptions.o
 .debug_abbrev  0x00000000000001e7      0x20d build/sam/sam3x/source/startup_sam3x.o
 .debug_abbrev  0x00000000000003f4      0x241 build/sam/sam3x/source/system_sam3x.o
 .debug_abbrev  0x0000000000000635      0x239 build/main.o
 .debug_abbrev  0x000000000000086e      0x183 build/drivers/can_controller.o
 .debug_abbrev  0x00000000000009f1      0x1bb build/drivers/can_interrupt.o
 .debug_abbrev  0x0000000000000bac      0x345 build/drivers/time.o
 .debug_abbrev  0x0000000000000ef1      0x368 build/drivers/uart.o
 .debug_abbrev  0x0000000000001259      0x149 build/drivers/PWM.o
 .debug_abbrev  0x00000000000013a2       0xdc build/drivers/adc.o
 .debug_abbrev  0x000000000000147e       0x7e build/drivers/game_func.o
 .debug_abbrev  0x00000000000014fc       0xd1 build/drivers/solenoid.o
 .debug_abbrev  0x00000000000015cd      0x136 build/drivers/motor_controller.o
 .debug_abbrev  0x0000000000001703      0x158 build/drivers/PI.o
 .debug_abbrev  0x000000000000185b       0x14 /usr/lib/gcc/arm-none-eabi/10.3.1/thumb/v7-m/nofp/libgcc.a(_arm_addsubdf3.o)
 .debug_abbrev  0x000000000000186f       0x14 /usr/lib/gcc/arm-none-eabi/10.3.1/thumb/v7-m/nofp/libgcc.a(_arm_muldivdf3.o)
 .debug_abbrev  0x0000000000001883       0x14 /usr/lib/gcc/arm-none-eabi/10.3.1/thumb/v7-m/nofp/libgcc.a(_arm_fixdfsi.o)
 .debug_abbrev  0x0000000000001897       0x14 /usr/lib/gcc/arm-none-eabi/10.3.1/thumb/v7-m/nofp/libgcc.a(_arm_truncdfsf2.o)
 .debug_abbrev  0x00000000000018ab       0x14 /usr/lib/gcc/arm-none-eabi/10.3.1/thumb/v7-m/nofp/libgcc.a(_arm_addsubsf3.o)
 .debug_abbrev  0x00000000000018bf       0x14 /usr/lib/gcc/arm-none-eabi/10.3.1/thumb/v7-m/nofp/libgcc.a(_arm_muldivsf3.o)
 .debug_abbrev  0x00000000000018d3       0x14 /usr/lib/gcc/arm-none-eabi/10.3.1/thumb/v7-m/nofp/libgcc.a(_arm_cmpsf2.o)
 .debug_abbrev  0x00000000000018e7       0x14 /usr/lib/gcc/arm-none-eabi/10.3.1/thumb/v7-m/nofp/libgcc.a(_arm_fixsfsi.o)
 .debug_abbrev  0x00000000000018fb       0x14 /usr/lib/gcc/arm-none-eabi/10.3.1/thumb/v7-m/nofp/libgcc.a(_arm_fixunssfsi.o)
 .debug_abbrev  0x000000000000190f       0x14 /usr/lib/gcc/arm-none-eabi/10.3.1/thumb/v7-m/nofp/libgcc.a(_aeabi_uldivmod.o)
 .debug_abbrev  0x0000000000001923      0x163 /usr/lib/gcc/arm-none-eabi/10.3.1/thumb/v7-m/nofp/libgcc.a(_udivmoddi4.o)
 .debug_abbrev  0x0000000000001a86       0x14 /usr/lib/gcc/arm-none-eabi/10.3.1/thumb/v7-m/nofp/libgcc.a(_dvmd_tls.o)
 .debug_abbrev  0x0000000000001a9a       0xb7 /usr/lib/gcc/arm-none-eabi/10.3.1/../../../arm-none-eabi/lib/thumb/v7-m/nofp/libc.a(lib_a-atexit.o)
 .debug_abbrev  0x0000000000001b51      0x333 /usr/lib/gcc/arm-none-eabi/10.3.1/../../../arm-none-eabi/lib/thumb/v7-m/nofp/libc.a(lib_a-fflush.o)
 .debug_abbrev  0x0000000000001e84      0x41a /usr/lib/gcc/arm-none-eabi/10.3.1/../../../arm-none-eabi/lib/thumb/v7-m/nofp/libc.a(lib_a-findfp.o)
 .debug_abbrev  0x000000000000229e       0xcf /usr/lib/gcc/arm-none-eabi/10.3.1/../../../arm-none-eabi/lib/thumb/v7-m/nofp/libc.a(lib_a-fini.o)
 .debug_abbrev  0x000000000000236d      0x2b1 /usr/lib/gcc/arm-none-eabi/10.3.1/../../../arm-none-eabi/lib/thumb/v7-m/nofp/libc.a(lib_a-freer.o)
 .debug_abbrev  0x000000000000261e      0x1fe /usr/lib/gcc/arm-none-eabi/10.3.1/../../../arm-none-eabi/lib/thumb/v7-m/nofp/libc.a(lib_a-fwalk.o)
 .debug_abbrev  0x000000000000281c      0x1b8 /usr/lib/gcc/arm-none-eabi/10.3.1/../../../arm-none-eabi/lib/thumb/v7-m/nofp/libc.a(lib_a-impure.o)
 .debug_abbrev  0x00000000000029d4       0xcc /usr/lib/gcc/arm-none-eabi/10.3.1/../../../arm-none-eabi/lib/thumb/v7-m/nofp/libc.a(lib_a-init.o)
 .debug_abbrev  0x0000000000002aa0      0x21d /usr/lib/gcc/arm-none-eabi/10.3.1/../../../arm-none-eabi/lib/thumb/v7-m/nofp/libc.a(lib_a-malloc.o)
 .debug_abbrev  0x0000000000002cbd      0x2f6 /usr/lib/gcc/arm-none-eabi/10.3.1/../../../arm-none-eabi/lib/thumb/v7-m/nofp/libc.a(lib_a-mallocr.o)
 .debug_abbrev  0x0000000000002fb3       0xb4 /usr/lib/gcc/arm-none-eabi/10.3.1/../../../arm-none-eabi/lib/thumb/v7-m/nofp/libc.a(lib_a-memset.o)
 .debug_abbrev  0x0000000000003067      0x1f0 /usr/lib/gcc/arm-none-eabi/10.3.1/../../../arm-none-eabi/lib/thumb/v7-m/nofp/libc.a(lib_a-mlock.o)
 .debug_abbrev  0x0000000000003257      0x27a /usr/lib/gcc/arm-none-eabi/10.3.1/../../../arm-none-eabi/lib/thumb/v7-m/nofp/libc.a(lib_a-printf.o)
 .debug_abbrev  0x00000000000034d1      0x28d /usr/lib/gcc/arm-none-eabi/10.3.1/../../../arm-none-eabi/lib/thumb/v7-m/nofp/libc.a(lib_a-puts.o)
 .debug_abbrev  0x000000000000375e      0x23d /usr/lib/gcc/arm-none-eabi/10.3.1/../../../arm-none-eabi/lib/thumb/v7-m/nofp/libc.a(lib_a-sbrkr.o)
 .debug_abbrev  0x000000000000399b      0x262 /usr/lib/gcc/arm-none-eabi/10.3.1/../../../arm-none-eabi/lib/thumb/v7-m/nofp/libc.a(lib_a-stdio.o)
 .debug_abbrev  0x0000000000003bfd       0x79 /usr/lib/gcc/arm-none-eabi/10.3.1/../../../arm-none-eabi/lib/thumb/v7-m/nofp/libc.a(lib_a-strlen-stub.o)
 .debug_abbrev  0x0000000000003c76      0x44f /usr/lib/gcc/arm-none-eabi/10.3.1/../../../arm-none-eabi/lib/thumb/v7-m/nofp/libc.a(lib_a-vfprintf.o)
 .debug_abbrev  0x00000000000040c5      0x217 /usr/lib/gcc/arm-none-eabi/10.3.1/../../../arm-none-eabi/lib/thumb/v7-m/nofp/libc.a(lib_a-writer.o)
 .debug_abbrev  0x00000000000042dc      0x246 /usr/lib/gcc/arm-none-eabi/10.3.1/../../../arm-none-eabi/lib/thumb/v7-m/nofp/libc.a(lib_a-wsetup.o)
 .debug_abbrev  0x0000000000004522      0x23f /usr/lib/gcc/arm-none-eabi/10.3.1/../../../arm-none-eabi/lib/thumb/v7-m/nofp/libc.a(lib_a-__atexit.o)
 .debug_abbrev  0x0000000000004761      0x2b2 /usr/lib/gcc/arm-none-eabi/10.3.1/../../../arm-none-eabi/lib/thumb/v7-m/nofp/libc.a(lib_a-__call_atexit.o)
 .debug_abbrev  0x0000000000004a13      0x212 /usr/lib/gcc/arm-none-eabi/10.3.1/../../../arm-none-eabi/lib/thumb/v7-m/nofp/libc.a(lib_a-closer.o)
 .debug_abbrev  0x0000000000004c25      0x323 /usr/lib/gcc/arm-none-eabi/10.3.1/../../../arm-none-eabi/lib/thumb/v7-m/nofp/libc.a(lib_a-dtoa.o)
 .debug_abbrev  0x0000000000004f48      0x2f1 /usr/lib/gcc/arm-none-eabi/10.3.1/../../../arm-none-eabi/lib/thumb/v7-m/nofp/libc.a(lib_a-fclose.o)
 .debug_abbrev  0x0000000000005239      0x25b /usr/lib/gcc/arm-none-eabi/10.3.1/../../../arm-none-eabi/lib/thumb/v7-m/nofp/libc.a(lib_a-fvwrite.o)
 .debug_abbrev  0x0000000000005494      0x26a /usr/lib/gcc/arm-none-eabi/10.3.1/../../../arm-none-eabi/lib/thumb/v7-m/nofp/libc.a(lib_a-localeconv.o)
 .debug_abbrev  0x00000000000056fe      0x226 /usr/lib/gcc/arm-none-eabi/10.3.1/../../../arm-none-eabi/lib/thumb/v7-m/nofp/libc.a(lib_a-lseekr.o)
 .debug_abbrev  0x0000000000005924      0x2df /usr/lib/gcc/arm-none-eabi/10.3.1/../../../arm-none-eabi/lib/thumb/v7-m/nofp/libc.a(lib_a-makebuf.o)
 .debug_abbrev  0x0000000000005c03       0xd4 /usr/lib/gcc/arm-none-eabi/10.3.1/../../../arm-none-eabi/lib/thumb/v7-m/nofp/libc.a(lib_a-memchr-stub.o)
 .debug_abbrev  0x0000000000005cd7       0x14 /usr/lib/gcc/arm-none-eabi/10.3.1/../../../arm-none-eabi/lib/thumb/v7-m/nofp/libc.a(lib_a-memcpy.o)
 .debug_abbrev  0x0000000000005ceb       0xc0 /usr/lib/gcc/arm-none-eabi/10.3.1/../../../arm-none-eabi/lib/thumb/v7-m/nofp/libc.a(lib_a-memmove.o)
 .debug_abbrev  0x0000000000005dab      0x4ae /usr/lib/gcc/arm-none-eabi/10.3.1/../../../arm-none-eabi/lib/thumb/v7-m/nofp/libc.a(lib_a-mprec.o)
 .debug_abbrev  0x0000000000006259      0x212 /usr/lib/gcc/arm-none-eabi/10.3.1/../../../arm-none-eabi/lib/thumb/v7-m/nofp/libc.a(lib_a-readr.o)
 .debug_abbrev  0x000000000000646b      0x275 /usr/lib/gcc/arm-none-eabi/10.3.1/../../../arm-none-eabi/lib/thumb/v7-m/nofp/libc.a(lib_a-reallocr.o)
 .debug_abbrev  0x00000000000066e0      0x2f4 /usr/lib/gcc/arm-none-eabi/10.3.1/../../../arm-none-eabi/lib/thumb/v7-m/nofp/libc.a(lib_a-reent.o)
 .debug_abbrev  0x00000000000069d4      0x430 /usr/lib/gcc/arm-none-eabi/10.3.1/../../../arm-none-eabi/lib/thumb/v7-m/nofp/libc.a(lib_a-vfiprintf.o)
 .debug_abbrev  0x0000000000006e04      0x22a /usr/lib/gcc/arm-none-eabi/10.3.1/../../../arm-none-eabi/lib/thumb/v7-m/nofp/libc.a(lib_a-assert.o)
 .debug_abbrev  0x000000000000702e      0x241 /usr/lib/gcc/arm-none-eabi/10.3.1/../../../arm-none-eabi/lib/thumb/v7-m/nofp/libc.a(lib_a-callocr.o)
 .debug_abbrev  0x000000000000726f      0x255 /usr/lib/gcc/arm-none-eabi/10.3.1/../../../arm-none-eabi/lib/thumb/v7-m/nofp/libc.a(lib_a-fiprintf.o)
 .debug_abbrev  0x00000000000074c4      0x34f /usr/lib/gcc/arm-none-eabi/10.3.1/../../../arm-none-eabi/lib/thumb/v7-m/nofp/libc.a(lib_a-fputwc.o)
 .debug_abbrev  0x0000000000007813      0x226 /usr/lib/gcc/arm-none-eabi/10.3.1/../../../arm-none-eabi/lib/thumb/v7-m/nofp/libc.a(lib_a-fstatr.o)
 .debug_abbrev  0x0000000000007a39      0x212 /usr/lib/gcc/arm-none-eabi/10.3.1/../../../arm-none-eabi/lib/thumb/v7-m/nofp/libc.a(lib_a-isattyr.o)
 .debug_abbrev  0x0000000000007c4b      0x2f5 /usr/lib/gcc/arm-none-eabi/10.3.1/../../../arm-none-eabi/lib/thumb/v7-m/nofp/libc.a(lib_a-locale.o)
 .debug_abbrev  0x0000000000007f40      0x247 /usr/lib/gcc/arm-none-eabi/10.3.1/../../../arm-none-eabi/lib/thumb/v7-m/nofp/libc.a(lib_a-mbtowc_r.o)
 .debug_abbrev  0x0000000000008187       0x14 /usr/lib/gcc/arm-none-eabi/10.3.1/../../../arm-none-eabi/lib/thumb/v7-m/nofp/libc.a(lib_a-strcmp.o)
 .debug_abbrev  0x000000000000819b      0x286 /usr/lib/gcc/arm-none-eabi/10.3.1/../../../arm-none-eabi/lib/thumb/v7-m/nofp/libc.a(lib_a-wbuf.o)
 .debug_abbrev  0x0000000000008421      0x254 /usr/lib/gcc/arm-none-eabi/10.3.1/../../../arm-none-eabi/lib/thumb/v7-m/nofp/libc.a(lib_a-wcrtomb.o)
 .debug_abbrev  0x0000000000008675      0x240 /usr/lib/gcc/arm-none-eabi/10.3.1/../../../arm-none-eabi/lib/thumb/v7-m/nofp/libc.a(lib_a-wctomb_r.o)
 .debug_abbrev  0x00000000000088b5       0x80 /usr/lib/gcc/arm-none-eabi/10.3.1/../../../arm-none-eabi/lib/thumb/v7-m/nofp/libc.a(lib_a-abort.o)
 .debug_abbrev  0x0000000000008935       0x62 /usr/lib/gcc/arm-none-eabi/10.3.1/../../../arm-none-eabi/lib/thumb/v7-m/nofp/libc.a(lib_a-ctype_.o)
 .debug_abbrev  0x0000000000008997      0x321 /usr/lib/gcc/arm-none-eabi/10.3.1/../../../arm-none-eabi/lib/thumb/v7-m/nofp/libc.a(lib_a-signal.o)
 .debug_abbrev  0x0000000000008cb8      0x242 /usr/lib/gcc/arm-none-eabi/10.3.1/../../../arm-none-eabi/lib/thumb/v7-m/nofp/libc.a(lib_a-signalr.o)
 .debug_abbrev  0x0000000000008efa       0x14 /usr/lib/gcc/arm-none-eabi/10.3.1/thumb/v7-m/nofp/libgcc.a(_arm_cmpdf2.o)
 .debug_abbrev  0x0000000000008f0e       0x14 /usr/lib/gcc/arm-none-eabi/10.3.1/thumb/v7-m/nofp/libgcc.a(_arm_unorddf2.o)

.debug_aranges  0x0000000000000000      0xa28
 .debug_aranges
                0x0000000000000000       0x20 build/sam/sam3x/source/exceptions.o
 .debug_aranges
                0x0000000000000020       0x20 build/sam/sam3x/source/startup_sam3x.o
 .debug_aranges
                0x0000000000000040       0x30 build/sam/sam3x/source/system_sam3x.o
 .debug_aranges
                0x0000000000000070       0x20 build/main.o
 .debug_aranges
                0x0000000000000090       0x20 build/drivers/can_controller.o
 .debug_aranges
                0x00000000000000b0       0x20 build/drivers/can_interrupt.o
 .debug_aranges
                0x00000000000000d0       0x20 build/drivers/time.o
 .debug_aranges
                0x00000000000000f0       0x20 build/drivers/uart.o
 .debug_aranges
                0x0000000000000110       0x20 build/drivers/PWM.o
 .debug_aranges
                0x0000000000000130       0x20 build/drivers/adc.o
 .debug_aranges
                0x0000000000000150       0x20 build/drivers/game_func.o
 .debug_aranges
                0x0000000000000170       0x20 build/drivers/solenoid.o
 .debug_aranges
                0x0000000000000190       0x20 build/drivers/motor_controller.o
 .debug_aranges
                0x00000000000001b0       0x20 build/drivers/PI.o
 .debug_aranges
                0x00000000000001d0       0x20 /usr/lib/gcc/arm-none-eabi/10.3.1/thumb/v7-m/nofp/libgcc.a(_arm_addsubdf3.o)
 .debug_aranges
                0x00000000000001f0       0x20 /usr/lib/gcc/arm-none-eabi/10.3.1/thumb/v7-m/nofp/libgcc.a(_arm_muldivdf3.o)
 .debug_aranges
                0x0000000000000210       0x20 /usr/lib/gcc/arm-none-eabi/10.3.1/thumb/v7-m/nofp/libgcc.a(_arm_fixdfsi.o)
 .debug_aranges
                0x0000000000000230       0x20 /usr/lib/gcc/arm-none-eabi/10.3.1/thumb/v7-m/nofp/libgcc.a(_arm_truncdfsf2.o)
 .debug_aranges
                0x0000000000000250       0x20 /usr/lib/gcc/arm-none-eabi/10.3.1/thumb/v7-m/nofp/libgcc.a(_arm_addsubsf3.o)
 .debug_aranges
                0x0000000000000270       0x20 /usr/lib/gcc/arm-none-eabi/10.3.1/thumb/v7-m/nofp/libgcc.a(_arm_muldivsf3.o)
 .debug_aranges
                0x0000000000000290       0x20 /usr/lib/gcc/arm-none-eabi/10.3.1/thumb/v7-m/nofp/libgcc.a(_arm_cmpsf2.o)
 .debug_aranges
                0x00000000000002b0       0x20 /usr/lib/gcc/arm-none-eabi/10.3.1/thumb/v7-m/nofp/libgcc.a(_arm_fixsfsi.o)
 .debug_aranges
                0x00000000000002d0       0x20 /usr/lib/gcc/arm-none-eabi/10.3.1/thumb/v7-m/nofp/libgcc.a(_arm_fixunssfsi.o)
 .debug_aranges
                0x00000000000002f0       0x20 /usr/lib/gcc/arm-none-eabi/10.3.1/thumb/v7-m/nofp/libgcc.a(_aeabi_uldivmod.o)
 .debug_aranges
                0x0000000000000310       0x20 /usr/lib/gcc/arm-none-eabi/10.3.1/thumb/v7-m/nofp/libgcc.a(_udivmoddi4.o)
 .debug_aranges
                0x0000000000000330       0x20 /usr/lib/gcc/arm-none-eabi/10.3.1/thumb/v7-m/nofp/libgcc.a(_dvmd_tls.o)
 .debug_aranges
                0x0000000000000350       0x20 /usr/lib/gcc/arm-none-eabi/10.3.1/../../../arm-none-eabi/lib/thumb/v7-m/nofp/libc.a(lib_a-atexit.o)
 .debug_aranges
                0x0000000000000370       0x20 /usr/lib/gcc/arm-none-eabi/10.3.1/../../../arm-none-eabi/lib/thumb/v7-m/nofp/libc.a(lib_a-fflush.o)
 .debug_aranges
                0x0000000000000390       0x20 /usr/lib/gcc/arm-none-eabi/10.3.1/../../../arm-none-eabi/lib/thumb/v7-m/nofp/libc.a(lib_a-findfp.o)
 .debug_aranges
                0x00000000000003b0       0x20 /usr/lib/gcc/arm-none-eabi/10.3.1/../../../arm-none-eabi/lib/thumb/v7-m/nofp/libc.a(lib_a-fini.o)
 .debug_aranges
                0x00000000000003d0       0x20 /usr/lib/gcc/arm-none-eabi/10.3.1/../../../arm-none-eabi/lib/thumb/v7-m/nofp/libc.a(lib_a-freer.o)
 .debug_aranges
                0x00000000000003f0       0x20 /usr/lib/gcc/arm-none-eabi/10.3.1/../../../arm-none-eabi/lib/thumb/v7-m/nofp/libc.a(lib_a-fwalk.o)
 .debug_aranges
                0x0000000000000410       0x18 /usr/lib/gcc/arm-none-eabi/10.3.1/../../../arm-none-eabi/lib/thumb/v7-m/nofp/libc.a(lib_a-impure.o)
 .debug_aranges
                0x0000000000000428       0x20 /usr/lib/gcc/arm-none-eabi/10.3.1/../../../arm-none-eabi/lib/thumb/v7-m/nofp/libc.a(lib_a-init.o)
 .debug_aranges
                0x0000000000000448       0x20 /usr/lib/gcc/arm-none-eabi/10.3.1/../../../arm-none-eabi/lib/thumb/v7-m/nofp/libc.a(lib_a-malloc.o)
 .debug_aranges
                0x0000000000000468       0x20 /usr/lib/gcc/arm-none-eabi/10.3.1/../../../arm-none-eabi/lib/thumb/v7-m/nofp/libc.a(lib_a-mallocr.o)
 .debug_aranges
                0x0000000000000488       0x20 /usr/lib/gcc/arm-none-eabi/10.3.1/../../../arm-none-eabi/lib/thumb/v7-m/nofp/libc.a(lib_a-memset.o)
 .debug_aranges
                0x00000000000004a8       0x20 /usr/lib/gcc/arm-none-eabi/10.3.1/../../../arm-none-eabi/lib/thumb/v7-m/nofp/libc.a(lib_a-mlock.o)
 .debug_aranges
                0x00000000000004c8       0x20 /usr/lib/gcc/arm-none-eabi/10.3.1/../../../arm-none-eabi/lib/thumb/v7-m/nofp/libc.a(lib_a-printf.o)
 .debug_aranges
                0x00000000000004e8       0x20 /usr/lib/gcc/arm-none-eabi/10.3.1/../../../arm-none-eabi/lib/thumb/v7-m/nofp/libc.a(lib_a-puts.o)
 .debug_aranges
                0x0000000000000508       0x20 /usr/lib/gcc/arm-none-eabi/10.3.1/../../../arm-none-eabi/lib/thumb/v7-m/nofp/libc.a(lib_a-sbrkr.o)
 .debug_aranges
                0x0000000000000528       0x20 /usr/lib/gcc/arm-none-eabi/10.3.1/../../../arm-none-eabi/lib/thumb/v7-m/nofp/libc.a(lib_a-stdio.o)
 .debug_aranges
                0x0000000000000548       0x20 /usr/lib/gcc/arm-none-eabi/10.3.1/../../../arm-none-eabi/lib/thumb/v7-m/nofp/libc.a(lib_a-strlen-stub.o)
 .debug_aranges
                0x0000000000000568       0x20 /usr/lib/gcc/arm-none-eabi/10.3.1/../../../arm-none-eabi/lib/thumb/v7-m/nofp/libc.a(lib_a-vfprintf.o)
 .debug_aranges
                0x0000000000000588       0x20 /usr/lib/gcc/arm-none-eabi/10.3.1/../../../arm-none-eabi/lib/thumb/v7-m/nofp/libc.a(lib_a-writer.o)
 .debug_aranges
                0x00000000000005a8       0x20 /usr/lib/gcc/arm-none-eabi/10.3.1/../../../arm-none-eabi/lib/thumb/v7-m/nofp/libc.a(lib_a-wsetup.o)
 .debug_aranges
                0x00000000000005c8       0x20 /usr/lib/gcc/arm-none-eabi/10.3.1/../../../arm-none-eabi/lib/thumb/v7-m/nofp/libc.a(lib_a-__atexit.o)
 .debug_aranges
                0x00000000000005e8       0x28 /usr/lib/gcc/arm-none-eabi/10.3.1/../../../arm-none-eabi/lib/thumb/v7-m/nofp/libc.a(lib_a-__call_atexit.o)
 .debug_aranges
                0x0000000000000610       0x20 /usr/lib/gcc/arm-none-eabi/10.3.1/../../../arm-none-eabi/lib/thumb/v7-m/nofp/libc.a(lib_a-closer.o)
 .debug_aranges
                0x0000000000000630       0x20 /usr/lib/gcc/arm-none-eabi/10.3.1/../../../arm-none-eabi/lib/thumb/v7-m/nofp/libc.a(lib_a-dtoa.o)
 .debug_aranges
                0x0000000000000650       0x20 /usr/lib/gcc/arm-none-eabi/10.3.1/../../../arm-none-eabi/lib/thumb/v7-m/nofp/libc.a(lib_a-fclose.o)
 .debug_aranges
                0x0000000000000670       0x20 /usr/lib/gcc/arm-none-eabi/10.3.1/../../../arm-none-eabi/lib/thumb/v7-m/nofp/libc.a(lib_a-fvwrite.o)
 .debug_aranges
                0x0000000000000690       0x20 /usr/lib/gcc/arm-none-eabi/10.3.1/../../../arm-none-eabi/lib/thumb/v7-m/nofp/libc.a(lib_a-localeconv.o)
 .debug_aranges
                0x00000000000006b0       0x20 /usr/lib/gcc/arm-none-eabi/10.3.1/../../../arm-none-eabi/lib/thumb/v7-m/nofp/libc.a(lib_a-lseekr.o)
 .debug_aranges
                0x00000000000006d0       0x20 /usr/lib/gcc/arm-none-eabi/10.3.1/../../../arm-none-eabi/lib/thumb/v7-m/nofp/libc.a(lib_a-makebuf.o)
 .debug_aranges
                0x00000000000006f0       0x20 /usr/lib/gcc/arm-none-eabi/10.3.1/../../../arm-none-eabi/lib/thumb/v7-m/nofp/libc.a(lib_a-memchr-stub.o)
 .debug_aranges
                0x0000000000000710       0x20 /usr/lib/gcc/arm-none-eabi/10.3.1/../../../arm-none-eabi/lib/thumb/v7-m/nofp/libc.a(lib_a-memcpy.o)
 .debug_aranges
                0x0000000000000730       0x20 /usr/lib/gcc/arm-none-eabi/10.3.1/../../../arm-none-eabi/lib/thumb/v7-m/nofp/libc.a(lib_a-memmove.o)
 .debug_aranges
                0x0000000000000750       0x20 /usr/lib/gcc/arm-none-eabi/10.3.1/../../../arm-none-eabi/lib/thumb/v7-m/nofp/libc.a(lib_a-mprec.o)
 .debug_aranges
                0x0000000000000770       0x20 /usr/lib/gcc/arm-none-eabi/10.3.1/../../../arm-none-eabi/lib/thumb/v7-m/nofp/libc.a(lib_a-readr.o)
 .debug_aranges
                0x0000000000000790       0x20 /usr/lib/gcc/arm-none-eabi/10.3.1/../../../arm-none-eabi/lib/thumb/v7-m/nofp/libc.a(lib_a-reallocr.o)
 .debug_aranges
                0x00000000000007b0       0x20 /usr/lib/gcc/arm-none-eabi/10.3.1/../../../arm-none-eabi/lib/thumb/v7-m/nofp/libc.a(lib_a-reent.o)
 .debug_aranges
                0x00000000000007d0       0x20 /usr/lib/gcc/arm-none-eabi/10.3.1/../../../arm-none-eabi/lib/thumb/v7-m/nofp/libc.a(lib_a-vfiprintf.o)
 .debug_aranges
                0x00000000000007f0       0x20 /usr/lib/gcc/arm-none-eabi/10.3.1/../../../arm-none-eabi/lib/thumb/v7-m/nofp/libc.a(lib_a-assert.o)
 .debug_aranges
                0x0000000000000810       0x20 /usr/lib/gcc/arm-none-eabi/10.3.1/../../../arm-none-eabi/lib/thumb/v7-m/nofp/libc.a(lib_a-callocr.o)
 .debug_aranges
                0x0000000000000830       0x20 /usr/lib/gcc/arm-none-eabi/10.3.1/../../../arm-none-eabi/lib/thumb/v7-m/nofp/libc.a(lib_a-fiprintf.o)
 .debug_aranges
                0x0000000000000850       0x20 /usr/lib/gcc/arm-none-eabi/10.3.1/../../../arm-none-eabi/lib/thumb/v7-m/nofp/libc.a(lib_a-fputwc.o)
 .debug_aranges
                0x0000000000000870       0x20 /usr/lib/gcc/arm-none-eabi/10.3.1/../../../arm-none-eabi/lib/thumb/v7-m/nofp/libc.a(lib_a-fstatr.o)
 .debug_aranges
                0x0000000000000890       0x20 /usr/lib/gcc/arm-none-eabi/10.3.1/../../../arm-none-eabi/lib/thumb/v7-m/nofp/libc.a(lib_a-isattyr.o)
 .debug_aranges
                0x00000000000008b0       0x20 /usr/lib/gcc/arm-none-eabi/10.3.1/../../../arm-none-eabi/lib/thumb/v7-m/nofp/libc.a(lib_a-locale.o)
 .debug_aranges