Archive member included to satisfy reference by file (symbol)

/usr/lib/gcc/arm-none-eabi/10.3.1/thumb/v7-m/nofp/libgcc.a(_arm_muldf3.o)
                              build/drivers/time.o (__aeabi_dmul)
/usr/lib/gcc/arm-none-eabi/10.3.1/thumb/v7-m/nofp/libgcc.a(_arm_mulsf3.o)
                              build/drivers/can_controller.o (__aeabi_fmul)
/usr/lib/gcc/arm-none-eabi/10.3.1/thumb/v7-m/nofp/libgcc.a(_arm_addsubdf3.o)
                              build/drivers/PWM.o (__aeabi_ui2d)
/usr/lib/gcc/arm-none-eabi/10.3.1/thumb/v7-m/nofp/libgcc.a(_arm_muldivdf3.o)
                              build/drivers/time.o (__aeabi_ddiv)
/usr/lib/gcc/arm-none-eabi/10.3.1/thumb/v7-m/nofp/libgcc.a(_arm_fixdfsi.o)
                              build/drivers/PWM.o (__aeabi_d2iz)
/usr/lib/gcc/arm-none-eabi/10.3.1/thumb/v7-m/nofp/libgcc.a(_arm_truncdfsf2.o)
                              build/drivers/time.o (__aeabi_d2f)
/usr/lib/gcc/arm-none-eabi/10.3.1/thumb/v7-m/nofp/libgcc.a(_arm_addsubsf3.o)
                              build/drivers/PWM.o (__aeabi_fsub)
/usr/lib/gcc/arm-none-eabi/10.3.1/thumb/v7-m/nofp/libgcc.a(_arm_muldivsf3.o)
                              build/drivers/can_controller.o (__aeabi_fdiv)
/usr/lib/gcc/arm-none-eabi/10.3.1/thumb/v7-m/nofp/libgcc.a(_arm_cmpsf2.o)
                              build/drivers/PI.o (__aeabi_fcmpeq)
/usr/lib/gcc/arm-none-eabi/10.3.1/thumb/v7-m/nofp/libgcc.a(_arm_fixsfsi.o)
                              build/main.o (__aeabi_f2iz)
/usr/lib/gcc/arm-none-eabi/10.3.1/thumb/v7-m/nofp/libgcc.a(_arm_fixunssfsi.o)
                              build/drivers/PWM.o (__aeabi_f2uiz)
/usr/lib/gcc/arm-none-eabi/10.3.1/thumb/v7-m/nofp/libgcc.a(_aeabi_uldivmod.o)
                              build/drivers/time.o (__aeabi_uldivmod)
/usr/lib/gcc/arm-none-eabi/10.3.1/thumb/v7-m/nofp/libgcc.a(_udivmoddi4.o)
                              /usr/lib/gcc/arm-none-eabi/10.3.1/thumb/v7-m/nofp/libgcc.a(_aeabi_uldivmod.o) (__udivmoddi4)
/usr/lib/gcc/arm-none-eabi/10.3.1/thumb/v7-m/nofp/libgcc.a(_dvmd_tls.o)
                              /usr/lib/gcc/arm-none-eabi/10.3.1/thumb/v7-m/nofp/libgcc.a(_aeabi_uldivmod.o) (__aeabi_ldiv0)
/usr/lib/gcc/arm-none-eabi/10.3.1/../../../arm-none-eabi/lib/thumb/v7-m/nofp/libc.a(lib_a-atexit.o)
                              /usr/lib/gcc/arm-none-eabi/10.3.1/../../../arm-none-eabi/lib/thumb/v7-m/nofp/crt0.o (atexit)
/usr/lib/gcc/arm-none-eabi/10.3.1/../../../arm-none-eabi/lib/thumb/v7-m/nofp/libc.a(lib_a-exit.o)
                              /usr/lib/gcc/arm-none-eabi/10.3.1/../../../arm-none-eabi/lib/thumb/v7-m/nofp/crt0.o (exit)
/usr/lib/gcc/arm-none-eabi/10.3.1/../../../arm-none-eabi/lib/thumb/v7-m/nofp/libc.a(lib_a-fflush.o)
                              build/main.o (fflush)
/usr/lib/gcc/arm-none-eabi/10.3.1/../../../arm-none-eabi/lib/thumb/v7-m/nofp/libc.a(lib_a-findfp.o)
                              /usr/lib/gcc/arm-none-eabi/10.3.1/../../../arm-none-eabi/lib/thumb/v7-m/nofp/libc.a(lib_a-fflush.o) (__sinit)
/usr/lib/gcc/arm-none-eabi/10.3.1/../../../arm-none-eabi/lib/thumb/v7-m/nofp/libc.a(lib_a-fini.o)
                              /usr/lib/gcc/arm-none-eabi/10.3.1/../../../arm-none-eabi/lib/thumb/v7-m/nofp/crt0.o (__libc_fini_array)
/usr/lib/gcc/arm-none-eabi/10.3.1/../../../arm-none-eabi/lib/thumb/v7-m/nofp/libc.a(lib_a-freer.o)
                              /usr/lib/gcc/arm-none-eabi/10.3.1/../../../arm-none-eabi/lib/thumb/v7-m/nofp/libc.a(lib_a-fflush.o) (_free_r)
/usr/lib/gcc/arm-none-eabi/10.3.1/../../../arm-none-eabi/lib/thumb/v7-m/nofp/libc.a(lib_a-fwalk.o)
                              /usr/lib/gcc/arm-none-eabi/10.3.1/../../../arm-none-eabi/lib/thumb/v7-m/nofp/libc.a(lib_a-findfp.o) (_fwalk)
/usr/lib/gcc/arm-none-eabi/10.3.1/../../../arm-none-eabi/lib/thumb/v7-m/nofp/libc.a(lib_a-impure.o)
                              /usr/lib/gcc/arm-none-eabi/10.3.1/../../../arm-none-eabi/lib/thumb/v7-m/nofp/libc.a(lib_a-exit.o) (_global_impure_ptr)
/usr/lib/gcc/arm-none-eabi/10.3.1/../../../arm-none-eabi/lib/thumb/v7-m/nofp/libc.a(lib_a-init.o)
                              /usr/lib/gcc/arm-none-eabi/10.3.1/../../../arm-none-eabi/lib/thumb/v7-m/nofp/crt0.o (__libc_init_array)
/usr/lib/gcc/arm-none-eabi/10.3.1/../../../arm-none-eabi/lib/thumb/v7-m/nofp/libc.a(lib_a-malloc.o)
                              build/main.o (malloc)
/usr/lib/gcc/arm-none-eabi/10.3.1/../../../arm-none-eabi/lib/thumb/v7-m/nofp/libc.a(lib_a-mallocr.o)
                              /usr/lib/gcc/arm-none-eabi/10.3.1/../../../arm-none-eabi/lib/thumb/v7-m/nofp/libc.a(lib_a-findfp.o) (_malloc_r)
/usr/lib/gcc/arm-none-eabi/10.3.1/../../../arm-none-eabi/lib/thumb/v7-m/nofp/libc.a(lib_a-memset.o)
                              /usr/lib/gcc/arm-none-eabi/10.3.1/../../../arm-none-eabi/lib/thumb/v7-m/nofp/crt0.o (memset)
/usr/lib/gcc/arm-none-eabi/10.3.1/../../../arm-none-eabi/lib/thumb/v7-m/nofp/libc.a(lib_a-mlock.o)
[...]
Memory Configuration

Name             Origin             Length             Attributes
rom              0x0000000000080000 0x0000000000080000 xr
sram0            0x0000000020000000 0x0000000000010000 xrw
sram1            0x0000000020080000 0x0000000000008000 xrw
ram              0x0000000020070000 0x0000000000018000 xrw
*default*        0x0000000000000000 0xffffffffffffffff

Linker script and memory map

LOAD /usr/lib/gcc/arm-none-eabi/10.3.1/thumb/v7-m/nofp/crti.o
LOAD /usr/lib/gcc/arm-none-eabi/10.3.1/thumb/v7-m/nofp/crtbegin.o
LOAD /usr/lib/gcc/arm-none-eabi/10.3.1/../../../arm-none-eabi/lib/thumb/v7-m/nofp/crt0.o
LOAD build/sam/sam3x/source/exceptions.o
LOAD build/sam/sam3x/source/startup_sam3x.o
LOAD build/sam/sam3x/source/system_sam3x.o
LOAD build/main.o
LOAD build/drivers/can_controller.o
LOAD build/drivers/can_interrupt.o
LOAD build/drivers/time.o
LOAD build/drivers/uart.o
LOAD build/drivers/PWM.o
LOAD build/drivers/adc.o
LOAD build/drivers/game_func.o
LOAD build/drivers/solenoid.o
LOAD build/drivers/motor_controller.o
LOAD build/drivers/PI.o
LOAD build/sam/interrupt/interrupt_sam_nvic.o
START GROUP
LOAD /usr/lib/gcc/arm-none-eabi/10.3.1/thumb/v7-m/nofp/libgcc.a
LOAD /usr/lib/gcc/arm-none-eabi/10.3.1/../../../arm-none-eabi/lib/thumb/v7-m/nofp/libc.a
END GROUP
LOAD /usr/lib/gcc/arm-none-eabi/10.3.1/thumb/v7-m/nofp/crtend.o
LOAD /usr/lib/gcc/arm-none-eabi/10.3.1/thumb/v7-m/nofp/crtn.o
                0x0000000000002000                __stack_size__ = DEFINED (__stack_size__)?__stack_size__:0x2000
                0x0000000020087ffc                __ram_end__ = ((ORIGIN (ram) + LENGTH (ram)) - 0x4)

.text           0x0000000000080000     0x9cf4
                0x0000000000080000                . = ALIGN (0x4)
                0x0000000000080000                _sfixed = .
 *(.vectors .vectors.*)
 .vectors       0x0000000000080000       0xf4 build/sam/sam3x/source/startup_sam3x.o
                0x0000000000080000                exception_table
 *(.text .text.* .gnu.linkonce.t.*)
 .text          0x00000000000800f4       0x88 /usr/lib/gcc/arm-none-eabi/10.3.1/thumb/v7-m/nofp/crtbegin.o
 .text          0x000000000008017c        0x6 build/sam/sam3x/source/exceptions.o
                0x000000000008017c                DACC_Handler
                0x000000000008017c                DebugMon_Handler
                0x000000000008017c                DMAC_Handler
                0x000000000008017c                TRNG_Handler
                0x000000000008017c                HardFault_Handler
                0x000000000008017c                TC2_Handler
                0x000000000008017c                USART3_Handler
                0x000000000008017c                TWI1_Handler
                0x000000000008017c                PendSV_Handler
                0x000000000008017c                NMI_Handler
                0x000000000008017c                TC7_Handler
                0x000000000008017c                ADC_Handler
                0x000000000008017c                SMC_Handler
                0x000000000008017c                USART0_Handler
                0x000000000008017c                RTT_Handler
                0x000000000008017c                EFC1_Handler
                0x000000000008017c                PIOB_Handler
                0x000000000008017c                RTC_Handler
                0x000000000008017c                UsageFault_Handler
                0x000000000008017c                TC6_Handler
                0x000000000008017c                WDT_Handler
                0x000000000008017c                TC4_Handler
                0x000000000008017c                TC1_Handler
                0x000000000008017c                HSMCI_Handler
                0x000000000008017c                TC3_Handler
                0x000000000008017c                Dummy_Handler
                0x000000000008017c                TWI0_Handler
                0x000000000008017c                USART1_Handler
                0x000000000008017c                PIOA_Handler
                0x000000000008017c                SSC_Handler
                0x000000000008017c                EFC0_Handler
                0x000000000008017c                PMC_Handler
                0x000000000008017c                PWM_Handler
                0x000000000008017c                CAN1_Handler
                0x000000000008017c                MemManage_Handler
                0x000000000008017c                SUPC_Handler
                0x000000000008017c                SVC_Handler
                0x000000000008017c                TC8_Handler
                0x000000000008017c                USART2_Handler
                0x000000000008017c                PIOD_Handler
                0x000000000008017c                EMAC_Handler
                0x000000000008017c                PIOC_Handler
                0x000000000008017c                BusFault_Handler
                0x000000000008017c                RSTC_Handler
                0x000000000008017c                TC0_Handler
                0x000000000008017c                TC5_Handler
                0x000000000008017c                UOTGHS_Handler
                0x000000000008017c                SPI0_Handler
 *fill*         0x0000000000080182        0x2 
 .text          0x0000000000080184       0xa0 build/sam/sam3x/source/startup_sam3x.o
                0x0000000000080184                Reset_Handler
 .text          0x0000000000080224      0x270 build/main.o
                0x0000000000080224                main
 .text          0x0000000000080494      0x600 build/drivers/can_controller.o
                0x0000000000080494                can_init_def_tx_rx_mb
                0x00000000000804b0                can_init
                0x0000000000080630                can_send
                0x0000000000080710                can_receive
                0x000000000008081c                scale_result
 .text          0x0000000000080a94       0xc0 build/drivers/can_interrupt.o
                0x0000000000080ad0                CAN0_Handler
 .text          0x0000000000080b54      0x8f4 build/drivers/time.o
                0x0000000000080ba8                time_init
                0x0000000000080bf4                SysTick_Handler
                0x0000000000080c20                time_now
                0x0000000000080c68                usecs
                0x0000000000080cb0                msecs
                0x0000000000080ce8                seconds
                0x0000000000080d6c                minutes
                0x0000000000080e0c                hours
                0x0000000000080e60                totalUsecs
                0x0000000000080eb8                totalMsecs
                0x0000000000080f04                totalSeconds
                0x0000000000080f5c                totalMinutes
                0x0000000000080fcc                totalHours
                0x000000000008104c                time_split
                0x0000000000081318                time_combine
                0x00000000000813e0                time_spinFor
                0x0000000000081408                time_spinUntil
                0x000000000008142e                ticksPerMs
 .text          0x0000000000081448      0x3a4 build/drivers/uart.o
                0x0000000000081480                push
                0x00000000000814d4                pop
                0x0000000000081526                uart_init
                0x00000000000815a4                uart_tx
                0x00000000000815d0                uart_rx
                0x00000000000815f0                uart_flush
                0x0000000000081632                UART_Handler
                0x0000000000081688                _sbrk
                0x00000000000816c4                _close
                0x00000000000816da                _fstat
                0x00000000000816f8                _isatty
                0x000000000008170c                _lseek
                0x0000000000081724                _exit
                0x0000000000081726                _kill
                0x000000000008173a                _getpid
                0x000000000008174a                _write
                0x000000000008178e                _read
 *fill*         0x00000000000817ec        0x4 
 .text          0x00000000000817f0      0x3cc build/drivers/PWM.o
                0x00000000000817f0                PWMinit
                0x000000000008194c                ENABLEpwm_init
                0x0000000000081aa4                controller_output_to_duty_ratio
                0x0000000000081b4c                set_duty_cycle
 .text          0x0000000000081bbc       0x70 build/drivers/adc.o
                0x0000000000081bbc                ADC_init
                0x0000000000081c18                ADC_read
 .text          0x0000000000081c2c       0x50 build/drivers/game_func.o
                0x0000000000081c2c                score
 .text          0x0000000000081c7c       0x7c build/drivers/solenoid.o
                0x0000000000081c7c                solenoid_init
                0x0000000000081cc0                solenoid_activate
                0x0000000000081cdc                solenoid_deactivate
 .text          0x0000000000081cf8      0x1dc build/drivers/motor_controller.o
                0x0000000000081cf8                encoder_init
                0x0000000000081e5c                get_encoder_pos
                0x0000000000081e70                set_motor_dir
                0x0000000000081eb0                set_motor_pos
 .text          0x0000000000081ed4      0x3f8 build/drivers/PI.o
                0x0000000000081ed4                set_phase_positive
                0x0000000000081eec                set_phase_negative
                0x0000000000081f04                set_enable_pwm_duty_ratio
                0x0000000000082014                motor_pid_step
                0x000000000008220c                scale_joystick_pos_to_motor_pos
                0x00000000000822a0                control_loop_tick
 .text          0x00000000000822cc      0x378 /usr/lib/gcc/arm-none-eabi/10.3.1/thumb/v7-m/nofp/libgcc.a(_arm_addsubdf3.o)
                0x00000000000822cc                __aeabi_drsub
                0x00000000000822d4                __aeabi_dsub
                0x00000000000822d4                __subdf3
                0x00000000000822d8                __adddf3
                0x00000000000822d8                __aeabi_dadd
                0x0000000000082550                __aeabi_ui2d
                0x0000000000082550                __floatunsidf
                0x0000000000082570                __floatsidf
                0x0000000000082570                __aeabi_i2d
                0x0000000000082594                __extendsfdf2
                0x0000000000082594                __aeabi_f2d
                0x00000000000825d8                __aeabi_ul2d
                0x00000000000825d8                __floatundidf
                0x00000000000825e8                __floatdidf
                0x00000000000825e8                __aeabi_l2d
 .text          0x0000000000082644      0x424 /usr/lib/gcc/arm-none-eabi/10.3.1/thumb/v7-m/nofp/libgcc.a(_arm_muldivdf3.o)
                0x0000000000082644                __aeabi_dmul
                0x0000000000082644                __muldf3
                0x0000000000082898                __aeabi_ddiv
                0x0000000000082898                __divdf3
 .text          0x0000000000082a68       0x50 /usr/lib/gcc/arm-none-eabi/10.3.1/thumb/v7-m/nofp/libgcc.a(_arm_fixdfsi.o)
                0x0000000000082a68                __fixdfsi
                0x0000000000082a68                __aeabi_d2iz
 .text          0x0000000000082ab8       0xa0 /usr/lib/gcc/arm-none-eabi/10.3.1/thumb/v7-m/nofp/libgcc.a(_arm_truncdfsf2.o)
                0x0000000000082ab8                __aeabi_d2f
                0x0000000000082ab8                __truncdfsf2
 .text          0x0000000000082b58      0x21c /usr/lib/gcc/arm-none-eabi/10.3.1/thumb/v7-m/nofp/libgcc.a(_arm_addsubsf3.o)
                0x0000000000082b58                __aeabi_frsub
                0x0000000000082b60                __subsf3
                0x0000000000082b60                __aeabi_fsub
                0x0000000000082b64                __aeabi_fadd
                0x0000000000082b64                __addsf3
                0x0000000000082cc4                __aeabi_ui2f
                0x0000000000082cc4                __floatunsisf
                0x0000000000082ccc                __aeabi_i2f
                0x0000000000082ccc                __floatsisf
                0x0000000000082ce8                __floatundisf
                0x0000000000082ce8                __aeabi_ul2f
                0x0000000000082cf8                __floatdisf
                0x0000000000082cf8                __aeabi_l2f
 .text          0x0000000000082d74      0x2a0 /usr/lib/gcc/arm-none-eabi/10.3.1/thumb/v7-m/nofp/libgcc.a(_arm_muldivsf3.o)
                0x0000000000082d74                __mulsf3
                0x0000000000082d74                __aeabi_fmul
                0x0000000000082edc                __divsf3
                0x0000000000082edc                __aeabi_fdiv
 .text          0x0000000000083014       0xec /usr/lib/gcc/arm-none-eabi/10.3.1/thumb/v7-m/nofp/libgcc.a(_arm_cmpsf2.o)
                0x0000000000083014                __gtsf2
                0x0000000000083014                __gesf2
                0x000000000008301c                __lesf2
                0x000000000008301c                __ltsf2
                0x0000000000083024                __nesf2
                0x0000000000083024                __eqsf2
                0x0000000000083024                __cmpsf2
                0x0000000000083084                __aeabi_cfrcmple
                0x000000000008308c                __aeabi_cfcmple
                0x000000000008308c                __aeabi_cfcmpeq
                0x000000000008309c                __aeabi_fcmpeq
                0x00000000000830b0                __aeabi_fcmplt
                0x00000000000830c4                __aeabi_fcmple
                0x00000000000830d8                __aeabi_fcmpge
                0x00000000000830ec                __aeabi_fcmpgt
 .text          0x0000000000083100       0x4c /usr/lib/gcc/arm-none-eabi/10.3.1/thumb/v7-m/nofp/libgcc.a(_arm_fixsfsi.o)
                0x0000000000083100                __fixsfsi
                0x0000000000083100                __aeabi_f2iz
 .text          0x000000000008314c       0x40 /usr/lib/gcc/arm-none-eabi/10.3.1/thumb/v7-m/nofp/libgcc.a(_arm_fixunssfsi.o)
                0x000000000008314c                __aeabi_f2uiz
                0x000000000008314c                __fixunssfsi
 .text          0x000000000008318c       0x30 /usr/lib/gcc/arm-none-eabi/10.3.1/thumb/v7-m/nofp/libgcc.a(_aeabi_uldivmod.o)
                0x000000000008318c                __aeabi_uldivmod
 .text          0x00000000000831bc      0x2d4 /usr/lib/gcc/arm-none-eabi/10.3.1/thumb/v7-m/nofp/libgcc.a(_udivmoddi4.o)
                0x00000000000831bc                __udivmoddi4
 .text          0x0000000000083490        0x4 /usr/lib/gcc/arm-none-eabi/10.3.1/thumb/v7-m/nofp/libgcc.a(_dvmd_tls.o)
                0x0000000000083490                __aeabi_ldiv0
                0x0000000000083490                __aeabi_idiv0
 .text          0x0000000000083494        0xc /usr/lib/gcc/arm-none-eabi/10.3.1/../../../arm-none-eabi/lib/thumb/v7-m/nofp/libc.a(lib_a-atexit.o)
                0x0000000000083494                atexit
 .text          0x00000000000834a0      0x1a0 /usr/lib/gcc/arm-none-eabi/10.3.1/../../../arm-none-eabi/lib/thumb/v7-m/nofp/libc.a(lib_a-fflush.o)
                0x00000000000834a0                __sflush_r
                0x00000000000835c4                _fflush_r
                0x00000000000835f0                fflush
 .text          0x0000000000083640      0x214 /usr/lib/gcc/arm-none-eabi/10.3.1/../../../arm-none-eabi/lib/thumb/v7-m/nofp/libc.a(lib_a-findfp.o)
                0x0000000000083644                _cleanup_r
                0x0000000000083728                __sfmoreglue
                0x0000000000083758                __sfp
                0x0000000000083800                _cleanup
                0x0000000000083814                __sinit
                0x000000000008381c                __sfp_lock_acquire
                0x0000000000083820                __sfp_lock_release
                0x0000000000083824                __sinit_lock_acquire
                0x0000000000083828                __sinit_lock_release
                0x000000000008382c                __fp_lock_all
                0x0000000000083840                __fp_unlock_all
 .text          0x0000000000083854       0x2c /usr/lib/gcc/arm-none-eabi/10.3.1/../../../arm-none-eabi/lib/thumb/v7-m/nofp/libc.a(lib_a-fini.o)
                0x0000000000083854                __libc_fini_array
 .text          0x0000000000083880      0x2a0 /usr/lib/gcc/arm-none-eabi/10.3.1/../../../arm-none-eabi/lib/thumb/v7-m/nofp/libc.a(lib_a-freer.o)
                0x0000000000083880                _malloc_trim_r
                0x0000000000083920                _free_r
 .text          0x0000000000083b20       0x88 /usr/lib/gcc/arm-none-eabi/10.3.1/../../../arm-none-eabi/lib/thumb/v7-m/nofp/libc.a(lib_a-fwalk.o)
                0x0000000000083b20                _fwalk
                0x0000000000083b60                _fwalk_reent
 .text          0x0000000000083ba8       0x48 /usr/lib/gcc/arm-none-eabi/10.3.1/../../../arm-none-eabi/lib/thumb/v7-m/nofp/libc.a(lib_a-init.o)
                0x0000000000083ba8                __libc_init_array
 .text          0x0000000000083bf0       0x20 /usr/lib/gcc/arm-none-eabi/10.3.1/../../../arm-none-eabi/lib/thumb/v7-m/nofp/libc.a(lib_a-malloc.o)
                0x0000000000083bf0                malloc
                0x0000000000083c00                free
 .text          0x0000000000083c10      0x54c /usr/lib/gcc/arm-none-eabi/10.3.1/../../../arm-none-eabi/lib/thumb/v7-m/nofp/libc.a(lib_a-mallocr.o)
                0x0000000000083c10                _malloc_r
 .text          0x000000000008415c       0xa4 /usr/lib/gcc/arm-none-eabi/10.3.1/../../../arm-none-eabi/lib/thumb/v7-m/nofp/libc.a(lib_a-memset.o)
                0x000000000008415c                memset
 .text          0x0000000000084200        0x8 /usr/lib/gcc/arm-none-eabi/10.3.1/../../../arm-none-eabi/lib/thumb/v7-m/nofp/libc.a(lib_a-mlock.o)
                0x0000000000084200                __malloc_lock
                0x0000000000084204                __malloc_unlock
 .text          0x0000000000084208       0x48 /usr/lib/gcc/arm-none-eabi/10.3.1/../../../arm-none-eabi/lib/thumb/v7-m/nofp/libc.a(lib_a-printf.o)
                0x0000000000084208                _printf_r
                0x0000000000084228                printf
 .text          0x0000000000084250       0x78 /usr/lib/gcc/arm-none-eabi/10.3.1/../../../arm-none-eabi/lib/thumb/v7-m/nofp/libc.a(lib_a-puts.o)
                0x0000000000084250                _puts_r
                0x00000000000842b8                puts
 .text          0x00000000000842c8       0x24 /usr/lib/gcc/arm-none-eabi/10.3.1/../../../arm-none-eabi/lib/thumb/v7-m/nofp/libc.a(lib_a-sbrkr.o)
                0x00000000000842c8                _sbrk_r
 .text          0x00000000000842ec       0x90 /usr/lib/gcc/arm-none-eabi/10.3.1/../../../arm-none-eabi/lib/thumb/v7-m/nofp/libc.a(lib_a-stdio.o)
                0x00000000000842ec                __sread
                0x0000000000084310                __seofread
                0x0000000000084314                __swrite
                0x0000000000084354                __sseek
                0x0000000000084374                __sclose
 .text          0x000000000008437c       0x5c /usr/lib/gcc/arm-none-eabi/10.3.1/../../../arm-none-eabi/lib/thumb/v7-m/nofp/libc.a(lib_a-strlen-stub.o)
                0x000000000008437c                strlen
 .text          0x00000000000843d8     0x1568 /usr/lib/gcc/arm-none-eabi/10.3.1/../../../arm-none-eabi/lib/thumb/v7-m/nofp/libc.a(lib_a-vfprintf.o)
                0x00000000000843d8                _vfprintf_r
                0x00000000000858b8                vfprintf
 .text          0x0000000000085940       0x2c /usr/lib/gcc/arm-none-eabi/10.3.1/../../../arm-none-eabi/lib/thumb/v7-m/nofp/libc.a(lib_a-writer.o)
                0x0000000000085940                _write_r
 .text          0x000000000008596c       0xd4 /usr/lib/gcc/arm-none-eabi/10.3.1/../../../arm-none-eabi/lib/thumb/v7-m/nofp/libc.a(lib_a-wsetup.o)
                0x000000000008596c                __swsetup_r
 .text          0x0000000000085a40       0x64 /usr/lib/gcc/arm-none-eabi/10.3.1/../../../arm-none-eabi/lib/thumb/v7-m/nofp/libc.a(lib_a-__atexit.o)
                0x0000000000085a40                __register_exitproc
 .text.startup  0x0000000000085aa4       0x14 /usr/lib/gcc/arm-none-eabi/10.3.1/../../../arm-none-eabi/lib/thumb/v7-m/nofp/libc.a(lib_a-__call_atexit.o)
 .text          0x0000000000085ab8       0x24 /usr/lib/gcc/arm-none-eabi/10.3.1/../../../arm-none-eabi/lib/thumb/v7-m/nofp/libc.a(lib_a-closer.o)
                0x0000000000085ab8                _close_r
 *fill*         0x0000000000085adc        0x4 
 .text          0x0000000000085ae0      0xff4 /usr/lib/gcc/arm-none-eabi/10.3.1/../../../arm-none-eabi/lib/thumb/v7-m/nofp/libc.a(lib_a-dtoa.o)
                0x0000000000085c0c                _dtoa_r
 .text          0x0000000000086ad4       0xd4 /usr/lib/gcc/arm-none-eabi/10.3.1/../../../arm-none-eabi/lib/thumb/v7-m/nofp/libc.a(lib_a-fclose.o)
                0x0000000000086b38                _fclose_r
                0x0000000000086b6c                fclose
 .text          0x0000000000086ba8      0x2f0 /usr/lib/gcc/arm-none-eabi/10.3.1/../../../arm-none-eabi/lib/thumb/v7-m/nofp/libc.a(lib_a-fvwrite.o)
                0x0000000000086ba8                __sfvwrite_r
 .text          0x0000000000086e98       0x14 /usr/lib/gcc/arm-none-eabi/10.3.1/../../../arm-none-eabi/lib/thumb/v7-m/nofp/libc.a(lib_a-localeconv.o)
                0x0000000000086e98                __localeconv_l
                0x0000000000086e9c                _localeconv_r
                0x0000000000086ea4                localeconv
 .text          0x0000000000086eac       0x2c /usr/lib/gcc/arm-none-eabi/10.3.1/../../../arm-none-eabi/lib/thumb/v7-m/nofp/libc.a(lib_a-lseekr.o)
                0x0000000000086eac                _lseek_r
 .text          0x0000000000086ed8      0x140 /usr/lib/gcc/arm-none-eabi/10.3.1/../../../arm-none-eabi/lib/thumb/v7-m/nofp/libc.a(lib_a-makebuf.o)
                0x0000000000086ed8                __smakebuf_r
                0x0000000000086fb8                __swhatbuf_r
 .text          0x0000000000087018       0x90 /usr/lib/gcc/arm-none-eabi/10.3.1/../../../arm-none-eabi/lib/thumb/v7-m/nofp/libc.a(lib_a-memchr-stub.o)
                0x0000000000087018                memchr
 .text          0x00000000000870a8       0xec /usr/lib/gcc/arm-none-eabi/10.3.1/../../../arm-none-eabi/lib/thumb/v7-m/nofp/libc.a(lib_a-memcpy.o)
                0x00000000000870a8                memcpy
 .text          0x0000000000087194       0xf8 /usr/lib/gcc/arm-none-eabi/10.3.1/../../../arm-none-eabi/lib/thumb/v7-m/nofp/libc.a(lib_a-memmove.o)
                0x0000000000087194                memmove
 .text          0x000000000008728c      0xa68 /usr/lib/gcc/arm-none-eabi/10.3.1/../../../arm-none-eabi/lib/thumb/v7-m/nofp/libc.a(lib_a-mprec.o)
                0x000000000008728c                _Balloc
                0x00000000000872d8                _Bfree
                0x00000000000872ec                __multadd
                0x0000000000087390                __s2b
                0x0000000000087444                __hi0bits
                0x0000000000087484                __lo0bits
                0x00000000000874dc                __i2b
                0x0000000000087538                __multiply
                0x0000000000087694                __pow5mult
                0x000000000008774c                __lshift
                0x0000000000087838                __mcmp
                0x0000000000087878                __mdiff
                0x00000000000879c4                __ulp
                0x0000000000087a08                __b2d
                0x0000000000087ad8                __d2b
                0x0000000000087b9c                __ratio
                0x0000000000087bfc                _mprec_log10
                0x0000000000087c34                __copybits
                0x0000000000087c94                __any_on
 .text          0x0000000000087cf4       0x2c /usr/lib/gcc/arm-none-eabi/10.3.1/../../../arm-none-eabi/lib/thumb/v7-m/nofp/libc.a(lib_a-readr.o)
                0x0000000000087cf4                _read_r
 .text          0x0000000000087d20      0x3dc /usr/lib/gcc/arm-none-eabi/10.3.1/../../../arm-none-eabi/lib/thumb/v7-m/nofp/libc.a(lib_a-reallocr.o)
                0x0000000000087d20                _realloc_r
 .text          0x00000000000880fc      0xd48 /usr/lib/gcc/arm-none-eabi/10.3.1/../../../arm-none-eabi/lib/thumb/v7-m/nofp/libc.a(lib_a-vfiprintf.o)
                0x0000000000088174                __sprint_r
                0x0000000000088188                _vfiprintf_r
                0x0000000000088dbc                vfiprintf
 .text          0x0000000000088e44       0x4c /usr/lib/gcc/arm-none-eabi/10.3.1/../../../arm-none-eabi/lib/thumb/v7-m/nofp/libc.a(lib_a-assert.o)
                0x0000000000088e44                __assert_func
                0x0000000000088e84                __assert
 .text          0x0000000000088e90       0x60 /usr/lib/gcc/arm-none-eabi/10.3.1/../../../arm-none-eabi/lib/thumb/v7-m/nofp/libc.a(lib_a-callocr.o)
                0x0000000000088e90                _calloc_r
 .text          0x0000000000088ef0       0x44 /usr/lib/gcc/arm-none-eabi/10.3.1/../../../arm-none-eabi/lib/thumb/v7-m/nofp/libc.a(lib_a-fiprintf.o)
                0x0000000000088ef0                _fiprintf_r
                0x0000000000088f0c                fiprintf
 .text          0x0000000000088f34      0x104 /usr/lib/gcc/arm-none-eabi/10.3.1/../../../arm-none-eabi/lib/thumb/v7-m/nofp/libc.a(lib_a-fputwc.o)
                0x0000000000088f34                __fputwc
                0x0000000000088fd4                _fputwc_r
                0x0000000000088ff8                fputwc
 .text          0x0000000000089038       0x28 /usr/lib/gcc/arm-none-eabi/10.3.1/../../../arm-none-eabi/lib/thumb/v7-m/nofp/libc.a(lib_a-fstatr.o)
                0x0000000000089038                _fstat_r
 .text          0x0000000000089060       0x24 /usr/lib/gcc/arm-none-eabi/10.3.1/../../../arm-none-eabi/lib/thumb/v7-m/nofp/libc.a(lib_a-isattyr.o)
                0x0000000000089060                _isatty_r
 .text          0x0000000000089084       0x8c /usr/lib/gcc/arm-none-eabi/10.3.1/../../../arm-none-eabi/lib/thumb/v7-m/nofp/libc.a(lib_a-locale.o)
                0x0000000000089084                _setlocale_r
                0x00000000000890c4                __locale_mb_cur_max
                0x00000000000890d0                setlocale
 .text          0x0000000000089110       0x40 /usr/lib/gcc/arm-none-eabi/10.3.1/../../../arm-none-eabi/lib/thumb/v7-m/nofp/libc.a(lib_a-mbtowc_r.o)
                0x0000000000089110                _mbtowc_r
                0x0000000000089124                __ascii_mbtowc
 .text          0x0000000000089150      0x1bc /usr/lib/gcc/arm-none-eabi/10.3.1/../../../arm-none-eabi/lib/thumb/v7-m/nofp/libc.a(lib_a-strcmp.o)
                0x0000000000089150                strcmp
 .text          0x000000000008930c       0xc4 /usr/lib/gcc/arm-none-eabi/10.3.1/../../../arm-none-eabi/lib/thumb/v7-m/nofp/libc.a(lib_a-wbuf.o)
                0x000000000008930c                __swbuf_r
                0x00000000000893bc                __swbuf
 .text          0x00000000000893d0       0x88 /usr/lib/gcc/arm-none-eabi/10.3.1/../../../arm-none-eabi/lib/thumb/v7-m/nofp/libc.a(lib_a-wcrtomb.o)
                0x00000000000893d0                _wcrtomb_r
                0x000000000008940c                wcrtomb
 .text          0x0000000000089458       0x30 /usr/lib/gcc/arm-none-eabi/10.3.1/../../../arm-none-eabi/lib/thumb/v7-m/nofp/libc.a(lib_a-wctomb_r.o)
                0x0000000000089458                _wctomb_r
                0x000000000008946c                __ascii_wctomb
 .text          0x0000000000089488       0x10 /usr/lib/gcc/arm-none-eabi/10.3.1/../../../arm-none-eabi/lib/thumb/v7-m/nofp/libc.a(lib_a-abort.o)
                0x0000000000089488                abort
 .text          0x0000000000089498      0x28c /usr/lib/gcc/arm-none-eabi/10.3.1/../../../arm-none-eabi/lib/thumb/v7-m/nofp/libc.a(lib_a-signal.o)
                0x0000000000089498                _init_signal_r
                0x00000000000894c8                _signal_r
                0x0000000000089514                _raise_r
                0x000000000008956c                __sigtramp_r
                0x00000000000895d4                raise
                0x0000000000089630                signal
                0x0000000000089684                _init_signal
                0x00000000000896bc                __sigtramp
 .text          0x0000000000089724       0x2c /usr/lib/gcc/arm-none-eabi/10.3.1/../../../arm-none-eabi/lib/thumb/v7-m/nofp/libc.a(lib_a-signalr.o)
                0x0000000000089724                _kill_r
                0x000000000008974c                _getpid_r
 .text          0x0000000000089750      0x110 /usr/lib/gcc/arm-none-eabi/10.3.1/thumb/v7-m/nofp/libgcc.a(_arm_cmpdf2.o)
                0x0000000000089750                __gtdf2
                0x0000000000089750                __gedf2
                0x0000000000089758                __ltdf2
                0x0000000000089758                __ledf2
                0x0000000000089760                __cmpdf2
                0x0000000000089760                __eqdf2
                0x0000000000089760                __nedf2
                0x00000000000897dc                __aeabi_cdrcmple
                0x00000000000897ec                __aeabi_cdcmple
                0x00000000000897ec                __aeabi_cdcmpeq
                0x00000000000897fc                __aeabi_dcmpeq
                0x0000000000089810                __aeabi_dcmplt
                0x0000000000089824                __aeabi_dcmple
                0x0000000000089838                __aeabi_dcmpge
                0x000000000008984c                __aeabi_dcmpgt
 .text          0x0000000000089860       0x2c /usr/lib/gcc/arm-none-eabi/10.3.1/thumb/v7-m/nofp/libgcc.a(_arm_unorddf2.o)
                0x0000000000089860                __aeabi_dcmpun
                0x0000000000089860                __unorddf2
 *(.glue_7t)
 .glue_7t       0x000000000008988c        0x0 linker stubs
 *(.glue_7)
 .glue_7        0x000000000008988c        0x0 linker stubs
 *(.rodata .rodata* .gnu.linkonce.r.*)
 .rodata        0x000000000008988c       0x3c build/main.o
 .rodata        0x00000000000898c8       0x13 build/drivers/can_controller.o
 *fill*         0x00000000000898db        0x1 
 .rodata        0x00000000000898dc       0x2b build/drivers/can_interrupt.o
 *fill*         0x0000000000089907        0x1 
 .rodata        0x0000000000089908       0x19 build/drivers/uart.o
 *fill*         0x0000000000089921        0x3 
 .rodata        0x0000000000089924        0xa build/drivers/PWM.o
 *fill*         0x000000000008992e        0x2 
 .rodata        0x0000000000089930        0x4 /usr/lib/gcc/arm-none-eabi/10.3.1/../../../arm-none-eabi/lib/thumb/v7-m/nofp/libc.a(lib_a-impure.o)
                0x0000000000089930                _global_impure_ptr
 .rodata.str1.4
                0x0000000000089934        0x2 /usr/lib/gcc/arm-none-eabi/10.3.1/../../../arm-none-eabi/lib/thumb/v7-m/nofp/libc.a(lib_a-puts.o)
 *fill*         0x0000000000089936        0x2 
 .rodata.str1.4
                0x0000000000089938       0x42 /usr/lib/gcc/arm-none-eabi/10.3.1/../../../arm-none-eabi/lib/thumb/v7-m/nofp/libc.a(lib_a-vfprintf.o)
 *fill*         0x000000000008997a        0x2 
 .rodata        0x000000000008997c       0x20 /usr/lib/gcc/arm-none-eabi/10.3.1/../../../arm-none-eabi/lib/thumb/v7-m/nofp/libc.a(lib_a-vfprintf.o)
 .rodata.str1.4
                0x000000000008999c       0x56 /usr/lib/gcc/arm-none-eabi/10.3.1/../../../arm-none-eabi/lib/thumb/v7-m/nofp/libc.a(lib_a-dtoa.o)
                                         0x5a (size before relaxing)
 *fill*         0x00000000000899f2        0x2 
 .rodata.str1.4
                0x00000000000899f4       0x33 /usr/lib/gcc/arm-none-eabi/10.3.1/../../../arm-none-eabi/lib/thumb/v7-m/nofp/libc.a(lib_a-mprec.o)
                                         0x47 (size before relaxing)
 *fill*         0x0000000000089a27        0x1 
 .rodata        0x0000000000089a28      0x128 /usr/lib/gcc/arm-none-eabi/10.3.1/../../../arm-none-eabi/lib/thumb/v7-m/nofp/libc.a(lib_a-mprec.o)
                0x0000000000089a38                __mprec_tens
                0x0000000000089b00                __mprec_tinytens
                0x0000000000089b28                __mprec_bigtens
 .rodata.str1.4
                0x0000000000089b50       0x2f /usr/lib/gcc/arm-none-eabi/10.3.1/../../../arm-none-eabi/lib/thumb/v7-m/nofp/libc.a(lib_a-vfiprintf.o)
 .rodata        0x0000000000089b50       0x20 /usr/lib/gcc/arm-none-eabi/10.3.1/../../../arm-none-eabi/lib/thumb/v7-m/nofp/libc.a(lib_a-vfiprintf.o)
 .rodata.str1.4
                0x0000000000089b70       0x3f /usr/lib/gcc/arm-none-eabi/10.3.1/../../../arm-none-eabi/lib/thumb/v7-m/nofp/libc.a(lib_a-assert.o)
                                         0x43 (size before relaxing)
 *fill*         0x0000000000089baf        0x1 
 .rodata.str1.4
                0x0000000000089bb0        0xe /usr/lib/gcc/arm-none-eabi/10.3.1/../../../arm-none-eabi/lib/thumb/v7-m/nofp/libc.a(lib_a-locale.o)
                                         0x12 (size before relaxing)
 *fill*         0x0000000000089bbe        0x2 
 .rodata        0x0000000000089bc0      0x101 /usr/lib/gcc/arm-none-eabi/10.3.1/../../../arm-none-eabi/lib/thumb/v7-m/nofp/libc.a(lib_a-ctype_.o)
                0x0000000000089bc0                _ctype_
 *(.ARM.extab* .gnu.linkonce.armextab.*)
                0x0000000000089cc4                . = ALIGN (0x4)
 *fill*         0x0000000000089cc1        0x3 
 *(.init)
 .init          0x0000000000089cc4        0x4 /usr/lib/gcc/arm-none-eabi/10.3.1/thumb/v7-m/nofp/crti.o
                0x0000000000089cc4                _init
 .init          0x0000000000089cc8        0x8 /usr/lib/gcc/arm-none-eabi/10.3.1/thumb/v7-m/nofp/crtn.o
                0x0000000000089cd0                . = ALIGN (0x4)
                0x0000000000089cd0                __preinit_array_start = .
 *(.preinit_array)
                0x0000000000089cd0                __preinit_array_end = .
                0x0000000000089cd0                . = ALIGN (0x4)
                0x0000000000089cd0                __init_array_start = .
 *(SORT_BY_NAME(.init_array.*))
 .init_array.00000
                0x0000000000089cd0        0x4 /usr/lib/gcc/arm-none-eabi/10.3.1/../../../arm-none-eabi/lib/thumb/v7-m/nofp/libc.a(lib_a-__call_atexit.o)
 *(.init_array)
 .init_array    0x0000000000089cd4        0x4 /usr/lib/gcc/arm-none-eabi/10.3.1/thumb/v7-m/nofp/crtbegin.o
 .init_array    0x0000000000089cd8        0x4 build/drivers/time.o
                0x0000000000089cdc                __init_array_end = .
                0x0000000000089cdc                . = ALIGN (0x4)
 *crtbegin.o(.ctors)
 *(EXCLUDE_FILE(*crtend.o) .ctors)
 *(SORT_BY_NAME(.ctors.*))
 *crtend.o(.ctors)
                0x0000000000089cdc                . = ALIGN (0x4)
 *(.fini)
 .fini          0x0000000000089cdc        0x4 /usr/lib/gcc/arm-none-eabi/10.3.1/thumb/v7-m/nofp/crti.o
                0x0000000000089cdc                _fini
 .fini          0x0000000000089ce0        0x8 /usr/lib/gcc/arm-none-eabi/10.3.1/thumb/v7-m/nofp/crtn.o
 .fini.__stub   0x0000000000089ce8        0x8 linker stubs
                0x0000000000089cf0                . = ALIGN (0x4)
                0x0000000000089cf0                __fini_array_start = .
 *(.fini_array)
 .fini_array    0x0000000000089cf0        0x4 /usr/lib/gcc/arm-none-eabi/10.3.1/thumb/v7-m/nofp/crtbegin.o
 *(SORT_BY_NAME(.fini_array.*))
                0x0000000000089cf4                __fini_array_end = .
 *crtbegin.o(.dtors)
 *(EXCLUDE_FILE(*crtend.o) .dtors)
 *(SORT_BY_NAME(.dtors.*))
 *crtend.o(.dtors)
                0x0000000000089cf4                . = ALIGN (0x4)
                0x0000000000089cf4                _efixed = .
                [!provide]                        PROVIDE (__exidx_start = .)

.vfp11_veneer   0x0000000000089cf4        0x0
 .vfp11_veneer  0x0000000000089cf4        0x0 linker stubs

.v4_bx          0x0000000000089cf4        0x0
 .v4_bx         0x0000000000089cf4        0x0 linker stubs

.iplt           0x0000000000089cf4        0x0
 .iplt          0x0000000000089cf4        0x0 /usr/lib/gcc/arm-none-eabi/10.3.1/thumb/v7-m/nofp/crtbegin.o

.ARM.exidx      0x0000000000089cf4        0x8
 *(.ARM.exidx* .gnu.linkonce.armexidx.*)
 .ARM.exidx     0x0000000000089cf4        0x8 /usr/lib/gcc/arm-none-eabi/10.3.1/thumb/v7-m/nofp/libgcc.a(_udivmoddi4.o)
                [!provide]                        PROVIDE (__exidx_end = .)

.eh_frame       0x0000000000089cfc        0x0
 .eh_frame      0x0000000000089cfc        0x0 /usr/lib/gcc/arm-none-eabi/10.3.1/thumb/v7-m/nofp/crtbegin.o

.rel.dyn        0x0000000000089cfc        0x0
 .rel.iplt      0x0000000000089cfc        0x0 /usr/lib/gcc/arm-none-eabi/10.3.1/thumb/v7-m/nofp/crtbegin.o

.tm_clone_table
                0x0000000000089cfc        0x0
 .tm_clone_table
                0x0000000000089cfc        0x0 /usr/lib/gcc/arm-none-eabi/10.3.1/thumb/v7-m/nofp/crtbegin.o
 .tm_clone_table
                0x0000000000089cfc        0x0 /usr/lib/gcc/arm-none-eabi/10.3.1/thumb/v7-m/nofp/crtend.o

.igot.plt       0x0000000000089cfc        0x0
 .igot.plt      0x0000000000089cfc        0x0 /usr/lib/gcc/arm-none-eabi/10.3.1/thumb/v7-m/nofp/crtbegin.o
                0x0000000000089cfc                . = ALIGN (0x4)
                0x0000000000089cfc                _etext = .

.relocate       0x0000000020070000      0xb5c load address 0x0000000000089cfc
                0x0000000020070000                . = ALIGN (0x4)
                0x0000000020070000                _srelocate = .
 *(.ramfunc .ramfunc.*)
 .ramfunc       0x0000000020070000      0x18c build/sam/sam3x/source/system_sam3x.o
                0x0000000020070000                SystemInit
                0x00000000200700d0                system_init_flash
 *(.data .data.*)
 .data          0x000000002007018c        0x4 build/sam/sam3x/source/system_sam3x.o
                0x000000002007018c                SystemCoreClock
 .data          0x0000000020070190        0x1 build/drivers/game_func.o
                0x0000000020070190                register_goal
 *fill*         0x0000000020070191        0x3 
 .data          0x0000000020070194       0x18 build/drivers/PI.o
 *fill*         0x00000000200701ac        0x4 
 .data          0x00000000200701b0      0x430 /usr/lib/gcc/arm-none-eabi/10.3.1/../../../arm-none-eabi/lib/thumb/v7-m/nofp/libc.a(lib_a-impure.o)
                0x00000000200701b0                _impure_ptr
 .data          0x00000000200705e0      0x410 /usr/lib/gcc/arm-none-eabi/10.3.1/../../../arm-none-eabi/lib/thumb/v7-m/nofp/libc.a(lib_a-mallocr.o)
                0x00000000200705e0                __malloc_av_
                0x00000000200709e8                __malloc_sbrk_base
                0x00000000200709ec                __malloc_trim_threshold
 .data          0x00000000200709f0      0x16c /usr/lib/gcc/arm-none-eabi/10.3.1/../../../arm-none-eabi/lib/thumb/v7-m/nofp/libc.a(lib_a-locale.o)
                0x00000000200709f0                __global_locale
                0x0000000020070b5c                . = ALIGN (0x4)
                0x0000000020070b5c                _erelocate = .

.bss            0x0000000020070b60      0x4c0 load address 0x000000000008a860
                0x0000000020070b60                . = ALIGN (0x4)
                0x0000000020070b60                _sbss = .
                0x0000000020070b60                _szero = .
 *(.bss .bss.*)
 .bss           0x0000000020070b60       0x1c /usr/lib/gcc/arm-none-eabi/10.3.1/thumb/v7-m/nofp/crtbegin.o
 .bss           0x0000000020070b7c       0x1c build/main.o
                0x0000000020070b94                goals
 .bss           0x0000000020070b98       0x10 build/drivers/time.o
 .bss           0x0000000020070ba8      0x41c build/drivers/uart.o
                0x0000000020070bb0                ringBuf
 .bss           0x0000000020070fc4       0x15 build/drivers/PI.o
 *fill*         0x0000000020070fd9        0x3 
 .bss           0x0000000020070fdc       0x34 /usr/lib/gcc/arm-none-eabi/10.3.1/../../../arm-none-eabi/lib/thumb/v7-m/nofp/libc.a(lib_a-mallocr.o)
                0x0000000020070fdc                __malloc_top_pad
                0x0000000020070fe0                __malloc_current_mallinfo
                0x0000000020071008                __malloc_max_sbrked_mem
                0x000000002007100c                __malloc_max_total_mem
 .bss           0x0000000020071010        0x4 /usr/lib/gcc/arm-none-eabi/10.3.1/../../../arm-none-eabi/lib/thumb/v7-m/nofp/libc.a(lib_a-reent.o)
                0x0000000020071010                errno
 *(COMMON)
 *fill*         0x0000000020071014        0x4 
 COMMON         0x0000000020071018        0x8 build/drivers/time.o
                0x0000000020071018                calib
                0x0000000020071020                . = ALIGN (0x4)
                0x0000000020071020                _ebss = .
                0x0000000020071020                _ezero = .

.stack          0x0000000020071020     0x2000 load address 0x000000000008ad20
                0x0000000020071020                . = ALIGN (0x8)
                0x0000000020071020                _sstack = .
                0x0000000020073020                . = (. + __stack_size__)
 *fill*         0x0000000020071020     0x2000 
                0x0000000020073020                . = ALIGN (0x8)
                0x0000000020073020                _estack = .
                0x0000000020073020                . = ALIGN (0x4)
                0x0000000020073020                _end = .
OUTPUT(build/main.elf elf32-littlearm)
LOAD linker stubs

.ARM.attributes
                0x0000000000000000       0x29
 .ARM.attributes
                0x0000000000000000       0x1d /usr/lib/gcc/arm-none-eabi/10.3.1/thumb/v7-m/nofp/crti.o
 .ARM.attributes
                0x000000000000001d       0x2d /usr/lib/gcc/arm-none-eabi/10.3.1/thumb/v7-m/nofp/crtbegin.o
 .ARM.attributes
                0x000000000000004a       0x2d build/sam/sam3x/source/exceptions.o
 .ARM.attributes
                0x0000000000000077       0x2d build/sam/sam3x/source/startup_sam3x.o
 .ARM.attributes
                0x00000000000000a4       0x2d build/sam/sam3x/source/system_sam3x.o
 .ARM.attributes
                0x00000000000000d1       0x2d build/main.o
 .ARM.attributes
                0x00000000000000fe       0x2d build/drivers/can_controller.o
 .ARM.attributes
                0x000000000000012b       0x2d build/drivers/can_interrupt.o
 .ARM.attributes
                0x0000000000000158       0x2d build/drivers/time.o
 .ARM.attributes
                0x0000000000000185       0x2d build/drivers/uart.o
 .ARM.attributes
                0x00000000000001b2       0x2d build/drivers/PWM.o
 .ARM.attributes
                0x00000000000001df       0x2d build/drivers/adc.o
 .ARM.attributes
                0x000000000000020c       0x2d build/drivers/game_func.o
 .ARM.attributes
                0x0000000000000239       0x2d build/drivers/solenoid.o
 .ARM.attributes
                0x0000000000000266       0x2d build/drivers/motor_controller.o
 .ARM.attributes
                0x0000000000000293       0x2d build/drivers/PI.o
 .ARM.attributes
                0x00000000000002c0       0x1d /usr/lib/gcc/arm-none-eabi/10.3.1/thumb/v7-m/nofp/libgcc.a(_arm_addsubdf3.o)
 .ARM.attributes
                0x00000000000002dd       0x1d /usr/lib/gcc/arm-none-eabi/10.3.1/thumb/v7-m/nofp/libgcc.a(_arm_muldivdf3.o)
 .ARM.attributes
                0x00000000000002fa       0x1d /usr/lib/gcc/arm-none-eabi/10.3.1/thumb/v7-m/nofp/libgcc.a(_arm_fixdfsi.o)
 .ARM.attributes
                0x0000000000000317       0x1d /usr/lib/gcc/arm-none-eabi/10.3.1/thumb/v7-m/nofp/libgcc.a(_arm_truncdfsf2.o)
 .ARM.attributes
                0x0000000000000334       0x1d /usr/lib/gcc/arm-none-eabi/10.3.1/thumb/v7-m/nofp/libgcc.a(_arm_addsubsf3.o)
 .ARM.attributes
                0x0000000000000351       0x1d /usr/lib/gcc/arm-none-eabi/10.3.1/thumb/v7-m/nofp/libgcc.a(_arm_muldivsf3.o)
 .ARM.attributes
                0x000000000000036e       0x1d /usr/lib/gcc/arm-none-eabi/10.3.1/thumb/v7-m/nofp/libgcc.a(_arm_cmpsf2.o)
 .ARM.attributes
                0x000000000000038b       0x1d /usr/lib/gcc/arm-none-eabi/10.3.1/thumb/v7-m/nofp/libgcc.a(_arm_fixsfsi.o)
 .ARM.attributes
                0x00000000000003a8       0x1d /usr/lib/gcc/arm-none-eabi/10.3.1/thumb/v7-m/nofp/libgcc.a(_arm_fixunssfsi.o)
 .ARM.attributes
                0x00000000000003c5       0x1d /usr/lib/gcc/arm-none-eabi/10.3.1/thumb/v7-m/nofp/libgcc.a(_aeabi_uldivmod.o)
 .ARM.attributes
                0x00000000000003e2       0x2d /usr/lib/gcc/arm-none-eabi/10.3.1/thumb/v7-m/nofp/libgcc.a(_udivmoddi4.o)
 .ARM.attributes
                0x000000000000040f       0x1d /usr/lib/gcc/arm-none-eabi/10.3.1/thumb/v7-m/nofp/libgcc.a(_dvmd_tls.o)
 .ARM.attributes
                0x000000000000042c       0x2d /usr/lib/gcc/arm-none-eabi/10.3.1/../../../arm-none-eabi/lib/thumb/v7-m/nofp/libc.a(lib_a-atexit.o)
 .ARM.attributes
                0x0000000000000459       0x2d /usr/lib/gcc/arm-none-eabi/10.3.1/../../../arm-none-eabi/lib/thumb/v7-m/nofp/libc.a(lib_a-fflush.o)
 .ARM.attributes
                0x0000000000000486       0x2d /usr/lib/gcc/arm-none-eabi/10.3.1/../../../arm-none-eabi/lib/thumb/v7-m/nofp/libc.a(lib_a-findfp.o)
 .ARM.attributes
                0x00000000000004b3       0x2d /usr/lib/gcc/arm-none-eabi/10.3.1/../../../arm-none-eabi/lib/thumb/v7-m/nofp/libc.a(lib_a-fini.o)
 .ARM.attributes
                0x00000000000004e0       0x2d /usr/lib/gcc/arm-none-eabi/10.3.1/../../../arm-none-eabi/lib/thumb/v7-m/nofp/libc.a(lib_a-freer.o)
 .ARM.attributes
                0x000000000000050d       0x2d /usr/lib/gcc/arm-none-eabi/10.3.1/../../../arm-none-eabi/lib/thumb/v7-m/nofp/libc.a(lib_a-fwalk.o)
 .ARM.attributes
                0x000000000000053a       0x2d /usr/lib/gcc/arm-none-eabi/10.3.1/../../../arm-none-eabi/lib/thumb/v7-m/nofp/libc.a(lib_a-impure.o)
 .ARM.attributes
                0x0000000000000567       0x2d /usr/lib/gcc/arm-none-eabi/10.3.1/../../../arm-none-eabi/lib/thumb/v7-m/nofp/libc.a(lib_a-init.o)
 .ARM.attributes
                0x0000000000000594       0x2d /usr/lib/gcc/arm-none-eabi/10.3.1/../../../arm-none-eabi/lib/thumb/v7-m/nofp/libc.a(lib_a-malloc.o)
 .ARM.attributes
                0x00000000000005c1       0x2d /usr/lib/gcc/arm-none-eabi/10.3.1/../../../arm-none-eabi/lib/thumb/v7-m/nofp/libc.a(lib_a-mallocr.o)
 .ARM.attributes
                0x00000000000005ee       0x2d /usr/lib/gcc/arm-none-eabi/10.3.1/../../../arm-none-eabi/lib/thumb/v7-m/nofp/libc.a(lib_a-memset.o)
 .ARM.attributes
                0x000000000000061b       0x2d /usr/lib/gcc/arm-none-eabi/10.3.1/../../../arm-none-eabi/lib/thumb/v7-m/nofp/libc.a(lib_a-mlock.o)
 .ARM.attributes
                0x0000000000000648       0x2d /usr/lib/gcc/arm-none-eabi/10.3.1/../../../arm-none-eabi/lib/thumb/v7-m/nofp/libc.a(lib_a-printf.o)
 .ARM.attributes
                0x0000000000000675       0x2d /usr/lib/gcc/arm-none-eabi/10.3.1/../../../arm-none-eabi/lib/thumb/v7-m/nofp/libc.a(lib_a-puts.o)
 .ARM.attributes
                0x00000000000006a2       0x2d /usr/lib/gcc/arm-none-eabi/10.3.1/../../../arm-none-eabi/lib/thumb/v7-m/nofp/libc.a(lib_a-sbrkr.o)
 .ARM.attributes
                0x00000000000006cf       0x2d /usr/lib/gcc/arm-none-eabi/10.3.1/../../../arm-none-eabi/lib/thumb/v7-m/nofp/libc.a(lib_a-stdio.o)
 .ARM.attributes
                0x00000000000006fc       0x2d /usr/lib/gcc/arm-none-eabi/10.3.1/../../../arm-none-eabi/lib/thumb/v7-m/nofp/libc.a(lib_a-strlen-stub.o)
 .ARM.attributes
                0x0000000000000729       0x2d /usr/lib/gcc/arm-none-eabi/10.3.1/../../../arm-none-eabi/lib/thumb/v7-m/nofp/libc.a(lib_a-vfprintf.o)
 .ARM.attributes
                0x0000000000000756       0x2d /usr/lib/gcc/arm-none-eabi/10.3.1/../../../arm-none-eabi/lib/thumb/v7-m/nofp/libc.a(lib_a-writer.o)
 .ARM.attributes
                0x0000000000000783       0x2d /usr/lib/gcc/arm-none-eabi/10.3.1/../../../arm-none-eabi/lib/thumb/v7-m/nofp/libc.a(lib_a-wsetup.o)
 .ARM.attributes
                0x00000000000007b0       0x2d /usr/lib/gcc/arm-none-eabi/10.3.1/../../../arm-none-eabi/lib/thumb/v7-m/nofp/libc.a(lib_a-__atexit.o)
 .ARM.attributes
                0x00000000000007dd       0x2d /usr/lib/gcc/arm-none-eabi/10.3.1/../../../arm-none-eabi/lib/thumb/v7-m/nofp/libc.a(lib_a-__call_atexit.o)
 .ARM.attributes
                0x000000000000080a       0x2d /usr/lib/gcc/arm-none-eabi/10.3.1/../../../arm-none-eabi/lib/thumb/v7-m/nofp/libc.a(lib_a-closer.o)
 .ARM.attributes
                0x0000000000000837       0x2d /usr/lib/gcc/arm-none-eabi/10.3.1/../../../arm-none-eabi/lib/thumb/v7-m/nofp/libc.a(lib_a-dtoa.o)
 .ARM.attributes
                0x0000000000000864       0x2d /usr/lib/gcc/arm-none-eabi/10.3.1/../../../arm-none-eabi/lib/thumb/v7-m/nofp/libc.a(lib_a-fclose.o)
 .ARM.attributes
                0x0000000000000891       0x2d /usr/lib/gcc/arm-none-eabi/10.3.1/../../../arm-none-eabi/lib/thumb/v7-m/nofp/libc.a(lib_a-fvwrite.o)
 .ARM.attributes
                0x00000000000008be       0x2d /usr/lib/gcc/arm-none-eabi/10.3.1/../../../arm-none-eabi/lib/thumb/v7-m/nofp/libc.a(lib_a-localeconv.o)
 .ARM.attributes
                0x00000000000008eb       0x2d /usr/lib/gcc/arm-none-eabi/10.3.1/../../../arm-none-eabi/lib/thumb/v7-m/nofp/libc.a(lib_a-lseekr.o)
 .ARM.attributes
                0x0000000000000918       0x2d /usr/lib/gcc/arm-none-eabi/10.3.1/../../../arm-none-eabi/lib/thumb/v7-m/nofp/libc.a(lib_a-makebuf.o)
 .ARM.attributes
                0x0000000000000945       0x2d /usr/lib/gcc/arm-none-eabi/10.3.1/../../../arm-none-eabi/lib/thumb/v7-m/nofp/libc.a(lib_a-memchr-stub.o)
 .ARM.attributes
                0x0000000000000972       0x1b /usr/lib/gcc/arm-none-eabi/10.3.1/../../../arm-none-eabi/lib/thumb/v7-m/nofp/libc.a(lib_a-memcpy.o)
 .ARM.attributes
                0x000000000000098d       0x2d /usr/lib/gcc/arm-none-eabi/10.3.1/../../../arm-none-eabi/lib/thumb/v7-m/nofp/libc.a(lib_a-memmove.o)
 .ARM.attributes
                0x00000000000009ba       0x2d /usr/lib/gcc/arm-none-eabi/10.3.1/../../../arm-none-eabi/lib/thumb/v7-m/nofp/libc.a(lib_a-mprec.o)
 .ARM.attributes
                0x00000000000009e7       0x2d /usr/lib/gcc/arm-none-eabi/10.3.1/../../../arm-none-eabi/lib/thumb/v7-m/nofp/libc.a(lib_a-readr.o)
 .ARM.attributes
                0x0000000000000a14       0x2d /usr/lib/gcc/arm-none-eabi/10.3.1/../../../arm-none-eabi/lib/thumb/v7-m/nofp/libc.a(lib_a-reallocr.o)
 .ARM.attributes
                0x0000000000000a41       0x2d /usr/lib/gcc/arm-none-eabi/10.3.1/../../../arm-none-eabi/lib/thumb/v7-m/nofp/libc.a(lib_a-reent.o)
 .ARM.attributes
                0x0000000000000a6e       0x2d /usr/lib/gcc/arm-none-eabi/10.3.1/../../../arm-none-eabi/lib/thumb/v7-m/nofp/libc.a(lib_a-vfiprintf.o)
 .ARM.attributes
                0x0000000000000a9b       0x2d /usr/lib/gcc/arm-none-eabi/10.3.1/../../../arm-none-eabi/lib/thumb/v7-m/nofp/libc.a(lib_a-assert.o)
 .ARM.attributes
                0x0000000000000ac8       0x2d /usr/lib/gcc/arm-none-eabi/10.3.1/../../../arm-none-eabi/lib/thumb/v7-m/nofp/libc.a(lib_a-callocr.o)
 .ARM.attributes
                0x0000000000000af5       0x2d /usr/lib/gcc/arm-none-eabi/10.3.1/../../../arm-none-eabi/lib/thumb/v7-m/nofp/libc.a(lib_a-fiprintf.o)
 .ARM.attributes
                0x0000000000000b22       0x2d /usr/lib/gcc/arm-none-eabi/10.3.1/../../../arm-none-eabi/lib/thumb/v7-m/nofp/libc.a(lib_a-fputwc.o)
 .ARM.attributes
                0x0000000000000b4f       0x2d /usr/lib/gcc/arm-none-eabi/10.3.1/../../../arm-none-eabi/lib/thumb/v7-m/nofp/libc.a(lib_a-fstatr.o)
 .ARM.attributes
                0x0000000000000b7c       0x2d /usr/lib/gcc/arm-none-eabi/10.3.1/../../../arm-none-eabi/lib/thumb/v7-m/nofp/libc.a(lib_a-isattyr.o)
 .ARM.attributes
                0x0000000000000ba9       0x2d /usr/lib/gcc/arm-none-eabi/10.3.1/../../../arm-none-eabi/lib/thumb/v7-m/nofp/libc.a(lib_a-locale.o)
 .ARM.attributes
                0x0000000000000bd6       0x2d /usr/lib/gcc/arm-none-eabi/10.3.1/../../../arm-none-eabi/lib/thumb/v7-m/nofp/libc.a(lib_a-mbtowc_r.o)
 .ARM.attributes
                0x0000000000000c03       0x1b /usr/lib/gcc/arm-none-eabi/10.3.1/../../../arm-none-eabi/lib/thumb/v7-m/nofp/libc.a(lib_a-strcmp.o)
 .ARM.attributes
                0x0000000000000c1e       0x2d /usr/lib/gcc/arm-none-eabi/10.3.1/../../../arm-none-eabi/lib/thumb/v7-m/nofp/libc.a(lib_a-wbuf.o)
 .ARM.attributes
                0x0000000000000c4b       0x2d /usr/lib/gcc/arm-none-eabi/10.3.1/../../../arm-none-eabi/lib/thumb/v7-m/nofp/libc.a(lib_a-wcrtomb.o)
 .ARM.attributes
                0x0000000000000c78       0x2d /usr/lib/gcc/arm-none-eabi/10.3.1/../../../arm-none-eabi/lib/thumb/v7-m/nofp/libc.a(lib_a-wctomb_r.o)
 .ARM.attributes
                0x0000000000000ca5       0x2d /usr/lib/gcc/arm-none-eabi/10.3.1/../../../arm-none-eabi/lib/thumb/v7-m/nofp/libc.a(lib_a-abort.o)
 .ARM.attributes
                0x0000000000000cd2       0x2d /usr/lib/gcc/arm-none-eabi/10.3.1/../../../arm-none-eabi/lib/thumb/v7-m/nofp/libc.a(lib_a-ctype_.o)
 .ARM.attributes
                0x0000000000000cff       0x2d /usr/lib/gcc/arm-none-eabi/10.3.1/../../../arm-none-eabi/lib/thumb/v7-m/nofp/libc.a(lib_a-signal.o)
 .ARM.attributes
                0x0000000000000d2c       0x2d /usr/lib/gcc/arm-none-eabi/10.3.1/../../../arm-none-eabi/lib/thumb/v7-m/nofp/libc.a(lib_a-signalr.o)
 .ARM.attributes
                0x0000000000000d59       0x1d /usr/lib/gcc/arm-none-eabi/10.3.1/thumb/v7-m/nofp/libgcc.a(_arm_cmpdf2.o)
 .ARM.attributes
                0x0000000000000d76       0x1d /usr/lib/gcc/arm-none-eabi/10.3.1/thumb/v7-m/nofp/libgcc.a(_arm_unorddf2.o)
 .ARM.attributes
                0x0000000000000d93       0x2d /usr/lib/gcc/arm-none-eabi/10.3.1/thumb/v7-m/nofp/crtend.o
 .ARM.attributes
                0x0000000000000dc0       0x1d /usr/lib/gcc/arm-none-eabi/10.3.1/thumb/v7-m/nofp/crtn.o

.comment        0x0000000000000000       0x8c
 .comment       0x0000000000000000       0x33 /usr/lib/gcc/arm-none-eabi/10.3.1/thumb/v7-m/nofp/crtbegin.o
                                         0x34 (size before relaxing)
 .comment       0x0000000000000033       0x59 build/sam/sam3x/source/exceptions.o
                                         0x5a (size before relaxing)
 .comment       0x000000000000008c       0x5a build/sam/sam3x/source/startup_sam3x.o
 .comment       0x000000000000008c       0x5a build/sam/sam3x/source/system_sam3x.o
 .comment       0x000000000000008c       0x34 build/main.o
 .comment       0x000000000000008c       0x34 build/drivers/can_controller.o
 .comment       0x000000000000008c       0x34 build/drivers/can_interrupt.o
 .comment       0x000000000000008c       0x5a build/drivers/time.o
 .comment       0x000000000000008c       0x5a build/drivers/uart.o
 .comment       0x000000000000008c       0x34 build/drivers/PWM.o
 .comment       0x000000000000008c       0x34 build/drivers/adc.o
 .comment       0x000000000000008c       0x34 build/drivers/game_func.o
 .comment       0x000000000000008c       0x34 build/drivers/solenoid.o
 .comment       0x000000000000008c       0x34 build/drivers/motor_controller.o
 .comment       0x000000000000008c       0x34 build/drivers/PI.o
 .comment       0x000000000000008c       0x34 /usr/lib/gcc/arm-none-eabi/10.3.1/thumb/v7-m/nofp/libgcc.a(_udivmoddi4.o)
 .comment       0x000000000000008c       0x34 /usr/lib/gcc/arm-none-eabi/10.3.1/../../../arm-none-eabi/lib/thumb/v7-m/nofp/libc.a(lib_a-atexit.o)
 .comment       0x000000000000008c       0x34 /usr/lib/gcc/arm-none-eabi/10.3.1/../../../arm-none-eabi/lib/thumb/v7-m/nofp/libc.a(lib_a-fflush.o)
 .comment       0x000000000000008c       0x34 /usr/lib/gcc/arm-none-eabi/10.3.1/../../../arm-none-eabi/lib/thumb/v7-m/nofp/libc.a(lib_a-findfp.o)
 .comment       0x000000000000008c       0x34 /usr/lib/gcc/arm-none-eabi/10.3.1/../../../arm-none-eabi/lib/thumb/v7-m/nofp/libc.a(lib_a-fini.o)
 .comment       0x000000000000008c       0x34 /usr/lib/gcc/arm-none-eabi/10.3.1/../../../arm-none-eabi/lib/thumb/v7-m/nofp/libc.a(lib_a-freer.o)
 .comment       0x000000000000008c       0x34 /usr/lib/gcc/arm-none-eabi/10.3.1/../../../arm-none-eabi/lib/thumb/v7-m/nofp/libc.a(lib_a-fwalk.o)
 .comment       0x000000000000008c       0x34 /usr/lib/gcc/arm-none-eabi/10.3.1/../../../arm-none-eabi/lib/thumb/v7-m/nofp/libc.a(lib_a-impure.o)
 .comment       0x000000000000008c       0x34 /usr/lib/gcc/arm-none-eabi/10.3.1/../../../arm-none-eabi/lib/thumb/v7-m/nofp/libc.a(lib_a-init.o)
 .comment       0x000000000000008c       0x34 /usr/lib/gcc/arm-none-eabi/10.3.1/../../../arm-none-eabi/lib/thumb/v7-m/nofp/libc.a(lib_a-malloc.o)
 .comment       0x000000000000008c       0x34 /usr/lib/gcc/arm-none-eabi/10.3.1/../../../arm-none-eabi/lib/thumb/v7-m/nofp/libc.a(lib_a-mallocr.o)
 .comment       0x000000000000008c       0x34 /usr/lib/gcc/arm-none-eabi/10.3.1/../../../arm-none-eabi/lib/thumb/v7-m/nofp/libc.a(lib_a-memset.o)
 .comment       0x000000000000008c       0x34 /usr/lib/gcc/arm-none-eabi/10.3.1/../../../arm-none-eabi/lib/thumb/v7-m/nofp/libc.a(lib_a-mlock.o)
 .comment       0x000000000000008c       0x34 /usr/lib/gcc/arm-none-eabi/10.3.1/../../../arm-none-eabi/lib/thumb/v7-m/nofp/libc.a(lib_a-printf.o)
 .comment       0x000000000000008c       0x34 /usr/lib/gcc/arm-none-eabi/10.3.1/../../../arm-none-eabi/lib/thumb/v7-m/nofp/libc.a(lib_a-puts.o)
 .comment       0x000000000000008c       0x34 /usr/lib/gcc/arm-none-eabi/10.3.1/../../../arm-none-eabi/lib/thumb/v7-m/nofp/libc.a(lib_a-sbrkr.o)
 .comment       0x000000000000008c       0x34 /usr/lib/gcc/arm-none-eabi/10.3.1/../../../arm-none-eabi/lib/thumb/v7-m/nofp/libc.a(lib_a-stdio.o)
 .comment       0x000000000000008c       0x34 /usr/lib/gcc/arm-none-eabi/10.3.1/../../../arm-none-eabi/lib/thumb/v7-m/nofp/libc.a(lib_a-strlen-stub.o)
 .comment       0x000000000000008c       0x34 /usr/lib/gcc/arm-none-eabi/10.3.1/../../../arm-none-eabi/lib/thumb/v7-m/nofp/libc.a(lib_a-vfprintf.o)
 .comment       0x000000000000008c       0x34 /usr/lib/gcc/arm-none-eabi/10.3.1/../../../arm-none-eabi/lib/thumb/v7-m/nofp/libc.a(lib_a-writer.o)
 .comment       0x000000000000008c       0x34 /usr/lib/gcc/arm-none-eabi/10.3.1/../../../arm-none-eabi/lib/thumb/v7-m/nofp/libc.a(lib_a-wsetup.o)
 .comment       0x000000000000008c       0x34 /usr/lib/gcc/arm-none-eabi/10.3.1/../../../arm-none-eabi/lib/thumb/v7-m/nofp/libc.a(lib_a-__atexit.o)
 .comment       0x000000000000008c       0x34 /usr/lib/gcc/arm-none-eabi/10.3.1/../../../arm-none-eabi/lib/thumb/v7-m/nofp/libc.a(lib_a-__call_atexit.o)
 .comment       0x000000000000008c       0x34 /usr/lib/gcc/arm-none-eabi/10.3.1/../../../arm-none-eabi/lib/thumb/v7-m/nofp/libc.a(lib_a-closer.o)
 .comment       0x000000000000008c       0x34 /usr/lib/gcc/arm-none-eabi/10.3.1/../../../arm-none-eabi/lib/thumb/v7-m/nofp/libc.a(lib_a-dtoa.o)
 .comment       0x000000000000008c       0x34 /usr/lib/gcc/arm-none-eabi/10.3.1/../../../arm-none-eabi/lib/thumb/v7-m/nofp/libc.a(lib_a-fclose.o)
 .comment       0x000000000000008c       0x34 /usr/lib/gcc/arm-none-eabi/10.3.1/../../../arm-none-eabi/lib/thumb/v7-m/nofp/libc.a(lib_a-fvwrite.o)
 .comment       0x000000000000008c       0x34 /usr/lib/gcc/arm-none-eabi/10.3.1/../../../arm-none-eabi/lib/thumb/v7-m/nofp/libc.a(lib_a-localeconv.o)
 .comment       0x000000000000008c       0x34 /usr/lib/gcc/arm-none-eabi/10.3.1/../../../arm-none-eabi/lib/thumb/v7-m/nofp/libc.a(lib_a-lseekr.o)
 .comment       0x000000000000008c       0x34 /usr/lib/gcc/arm-none-eabi/10.3.1/../../../arm-none-eabi/lib/thumb/v7-m/nofp/libc.a(lib_a-makebuf.o)
 .comment       0x000000000000008c       0x34 /usr/lib/gcc/arm-none-eabi/10.3.1/../../../arm-none-eabi/lib/thumb/v7-m/nofp/libc.a(lib_a-memchr-stub.o)
 .comment       0x000000000000008c       0x34 /usr/lib/gcc/arm-none-eabi/10.3.1/../../../arm-none-eabi/lib/thumb/v7-m/nofp/libc.a(lib_a-memmove.o)
 .comment       0x000000000000008c       0x34 /usr/lib/gcc/arm-none-eabi/10.3.1/../../../arm-none-eabi/lib/thumb/v7-m/nofp/libc.a(lib_a-mprec.o)
 .comment       0x000000000000008c       0x34 /usr/lib/gcc/arm-none-eabi/10.3.1/../../../arm-none-eabi/lib/thumb/v7-m/nofp/libc.a(lib_a-readr.o)
 .comment       0x000000000000008c       0x34 /usr/lib/gcc/arm-none-eabi/10.3.1/../../../arm-none-eabi/lib/thumb/v7-m/nofp/libc.a(lib_a-reallocr.o)
 .comment       0x000000000000008c       0x34 /usr/lib/gcc/arm-none-eabi/10.3.1/../../../arm-none-eabi/lib/thumb/v7-m/nofp/libc.a(lib_a-reent.o)
 .comment       0x000000000000008c       0x34 /usr/lib/gcc/arm-none-eabi/10.3.1/../../../arm-none-eabi/lib/thumb/v7-m/nofp/libc.a(lib_a-vfiprintf.o)
 .comment       0x000000000000008c       0x34 /usr/lib/gcc/arm-none-eabi/10.3.1/../../../arm-none-eabi/lib/thumb/v7-m/nofp/libc.a(lib_a-assert.o)
 .comment       0x000000000000008c       0x34 /usr/lib/gcc/arm-none-eabi/10.3.1/../../../arm-none-eabi/lib/thumb/v7-m/nofp/libc.a(lib_a-callocr.o)
 .comment       0x000000000000008c       0x34 /usr/lib/gcc/arm-none-eabi/10.3.1/../../../arm-none-eabi/lib/thumb/v7-m/nofp/libc.a(lib_a-fiprintf.o)
 .comment       0x000000000000008c       0x34 /usr/lib/gcc/arm-none-eabi/10.3.1/../../../arm-none-eabi/lib/thumb/v7-m/nofp/libc.a(lib_a-fputwc.o)
 .comment       0x000000000000008c       0x34 /usr/lib/gcc/arm-none-eabi/10.3.1/../../../arm-none-eabi/lib/thumb/v7-m/nofp/libc.a(lib_a-fstatr.o)
 .comment       0x000000000000008c       0x34 /usr/lib/gcc/arm-none-eabi/10.3.1/../../../arm-none-eabi/lib/thumb/v7-m/nofp/libc.a(lib_a-isattyr.o)
 .comment       0x000000000000008c       0x34 /usr/lib/gcc/arm-none-eabi/10.3.1/../../../arm-none-eabi/lib/thumb/v7-m/nofp/libc.a(lib_a-locale.o)
 .comment       0x000000000000008c       0x34 /usr/lib/gcc/arm-none-eabi/10.3.1/../../../arm-none-eabi/lib/thumb/v7-m/nofp/libc.a(lib_a-mbtowc_r.o)
 .comment       0x000000000000008c       0x34 /usr/lib/gcc/arm-none-eabi/10.3.1/../../../arm-none-eabi/lib/thumb/v7-m/nofp/libc.a(lib_a-wbuf.o)
 .comment       0x000000000000008c       0x34 /usr/lib/gcc/arm-none-eabi/10.3.1/../../../arm-none-eabi/lib/thumb/v7-m/nofp/libc.a(lib_a-wcrtomb.o)
 .comment       0x000000000000008c       0x34 /usr/lib/gcc/arm-none-eabi/10.3.1/../../../arm-none-eabi/lib/thumb/v7-m/nofp/libc.a(lib_a-wctomb_r.o)
 .comment       0x000000000000008c       0x34 /usr/lib/gcc/arm-none-eabi/10.3.1/../../../arm-none-eabi/lib/thumb/v7-m/nofp/libc.a(lib_a-abort.o)
 .comment       0x000000000000008c       0x34 /usr/lib/gcc/arm-none-eabi/10.3.1/../../../arm-none-eabi/lib/thumb/v7-m/nofp/libc.a(lib_a-ctype_.o)
 .comment       0x000000000000008c       0x34 /usr/lib/gcc/arm-none-eabi/10.3.1/../../../arm-none-eabi/lib/thumb/v7-m/nofp/libc.a(lib_a-signal.o)
 .comment       0x000000000000008c       0x34 /usr/lib/gcc/arm-none-eabi/10.3.1/../../../arm-none-eabi/lib/thumb/v7-m/nofp/libc.a(lib_a-signalr.o)
 .comment       0x000000000000008c       0x34 /usr/lib/gcc/arm-none-eabi/10.3.1/thumb/v7-m/nofp/crtend.o

.debug_info     0x0000000000000000    0x2d0b9
 .debug_info    0x0000000000000000      0x9a1 build/sam/sam3x/source/exceptions.o
 .debug_info    0x00000000000009a1      0xc30 build/sam/sam3x/source/startup_sam3x.o
 .debug_info    0x00000000000015d1      0xd02 build/sam/sam3x/source/system_sam3x.o
 .debug_info    0x00000000000022d3     0x11b3 build/main.o
 .debug_info    0x0000000000003486      0xafd build/drivers/can_controller.o
 .debug_info    0x0000000000003f83      0x63b build/drivers/can_interrupt.o
 .debug_info    0x00000000000045be     0x1190 build/drivers/time.o
 .debug_info    0x000000000000574e     0x19a2 build/drivers/uart.o
 .debug_info    0x00000000000070f0      0xc9d build/drivers/PWM.o
 .debug_info    0x0000000000007d8d      0x59e build/drivers/adc.o
 .debug_info    0x000000000000832b      0x105 build/drivers/game_func.o
 .debug_info    0x0000000000008430      0x6a1 build/drivers/solenoid.o
 .debug_info    0x0000000000008ad1      0x869 build/drivers/motor_controller.o
 .debug_info    0x000000000000933a      0xb81 build/drivers/PI.o
 .debug_info    0x0000000000009ebb       0x26 /usr/lib/gcc/arm-none-eabi/10.3.1/thumb/v7-m/nofp/libgcc.a(_arm_addsubdf3.o)
 .debug_info    0x0000000000009ee1       0x26 /usr/lib/gcc/arm-none-eabi/10.3.1/thumb/v7-m/nofp/libgcc.a(_arm_muldivdf3.o)
 .debug_info    0x0000000000009f07       0x26 /usr/lib/gcc/arm-none-eabi/10.3.1/thumb/v7-m/nofp/libgcc.a(_arm_fixdfsi.o)
 .debug_info    0x0000000000009f2d       0x26 /usr/lib/gcc/arm-none-eabi/10.3.1/thumb/v7-m/nofp/libgcc.a(_arm_truncdfsf2.o)
 .debug_info    0x0000000000009f53       0x26 /usr/lib/gcc/arm-none-eabi/10.3.1/thumb/v7-m/nofp/libgcc.a(_arm_addsubsf3.o)
 .debug_info    0x0000000000009f79       0x26 /usr/lib/gcc/arm-none-eabi/10.3.1/thumb/v7-m/nofp/libgcc.a(_arm_muldivsf3.o)
 .debug_info    0x0000000000009f9f       0x26 /usr/lib/gcc/arm-none-eabi/10.3.1/thumb/v7-m/nofp/libgcc.a(_arm_cmpsf2.o)
 .debug_info    0x0000000000009fc5       0x26 /usr/lib/gcc/arm-none-eabi/10.3.1/thumb/v7-m/nofp/libgcc.a(_arm_fixsfsi.o)
 .debug_info    0x0000000000009feb       0x26 /usr/lib/gcc/arm-none-eabi/10.3.1/thumb/v7-m/nofp/libgcc.a(_arm_fixunssfsi.o)
 .debug_info    0x000000000000a011       0x26 /usr/lib/gcc/arm-none-eabi/10.3.1/thumb/v7-m/nofp/libgcc.a(_aeabi_uldivmod.o)
 .debug_info    0x000000000000a037      0x717 /usr/lib/gcc/arm-none-eabi/10.3.1/thumb/v7-m/nofp/libgcc.a(_udivmoddi4.o)
 .debug_info    0x000000000000a74e       0x26 /usr/lib/gcc/arm-none-eabi/10.3.1/thumb/v7-m/nofp/libgcc.a(_dvmd_tls.o)
 .debug_info    0x000000000000a774      0x100 /usr/lib/gcc/arm-none-eabi/10.3.1/../../../arm-none-eabi/lib/thumb/v7-m/nofp/libc.a(lib_a-atexit.o)
 .debug_info    0x000000000000a874      0xbe0 /usr/lib/gcc/arm-none-eabi/10.3.1/../../../arm-none-eabi/lib/thumb/v7-m/nofp/libc.a(lib_a-fflush.o)
 .debug_info    0x000000000000b454      0xf66 /usr/lib/gcc/arm-none-eabi/10.3.1/../../../arm-none-eabi/lib/thumb/v7-m/nofp/libc.a(lib_a-findfp.o)
 .debug_info    0x000000000000c3ba      0x102 /usr/lib/gcc/arm-none-eabi/10.3.1/../../../arm-none-eabi/lib/thumb/v7-m/nofp/libc.a(lib_a-fini.o)
 .debug_info    0x000000000000c4bc      0xd10 /usr/lib/gcc/arm-none-eabi/10.3.1/../../../arm-none-eabi/lib/thumb/v7-m/nofp/libc.a(lib_a-freer.o)
 .debug_info    0x000000000000d1cc      0xa66 /usr/lib/gcc/arm-none-eabi/10.3.1/../../../arm-none-eabi/lib/thumb/v7-m/nofp/libc.a(lib_a-fwalk.o)
 .debug_info    0x000000000000dc32      0x92a /usr/lib/gcc/arm-none-eabi/10.3.1/../../../arm-none-eabi/lib/thumb/v7-m/nofp/libc.a(lib_a-impure.o)
 .debug_info    0x000000000000e55c      0x11a /usr/lib/gcc/arm-none-eabi/10.3.1/../../../arm-none-eabi/lib/thumb/v7-m/nofp/libc.a(lib_a-init.o)
 .debug_info    0x000000000000e676      0x998 /usr/lib/gcc/arm-none-eabi/10.3.1/../../../arm-none-eabi/lib/thumb/v7-m/nofp/libc.a(lib_a-malloc.o)
 .debug_info    0x000000000000f00e      0xe94 /usr/lib/gcc/arm-none-eabi/10.3.1/../../../arm-none-eabi/lib/thumb/v7-m/nofp/libc.a(lib_a-mallocr.o)
 .debug_info    0x000000000000fea2      0x137 /usr/lib/gcc/arm-none-eabi/10.3.1/../../../arm-none-eabi/lib/thumb/v7-m/nofp/libc.a(lib_a-memset.o)
 .debug_info    0x000000000000ffd9      0x942 /usr/lib/gcc/arm-none-eabi/10.3.1/../../../arm-none-eabi/lib/thumb/v7-m/nofp/libc.a(lib_a-mlock.o)
 .debug_info    0x000000000001091b      0xa31 /usr/lib/gcc/arm-none-eabi/10.3.1/../../../arm-none-eabi/lib/thumb/v7-m/nofp/libc.a(lib_a-printf.o)
 .debug_info    0x000000000001134c      0xadb /usr/lib/gcc/arm-none-eabi/10.3.1/../../../arm-none-eabi/lib/thumb/v7-m/nofp/libc.a(lib_a-puts.o)
 .debug_info    0x0000000000011e27      0x98e /usr/lib/gcc/arm-none-eabi/10.3.1/../../../arm-none-eabi/lib/thumb/v7-m/nofp/libc.a(lib_a-sbrkr.o)
 .debug_info    0x00000000000127b5      0xc22 /usr/lib/gcc/arm-none-eabi/10.3.1/../../../arm-none-eabi/lib/thumb/v7-m/nofp/libc.a(lib_a-stdio.o)
 .debug_info    0x00000000000133d7       0xbc /usr/lib/gcc/arm-none-eabi/10.3.1/../../../arm-none-eabi/lib/thumb/v7-m/nofp/libc.a(lib_a-strlen-stub.o)
 .debug_info    0x0000000000013493     0x1b17 /usr/lib/gcc/arm-none-eabi/10.3.1/../../../arm-none-eabi/lib/thumb/v7-m/nofp/libc.a(lib_a-vfprintf.o)
 .debug_info    0x0000000000014faa      0x9c0 /usr/lib/gcc/arm-none-eabi/10.3.1/../../../arm-none-eabi/lib/thumb/v7-m/nofp/libc.a(lib_a-writer.o)
 .debug_info    0x000000000001596a      0x9c2 /usr/lib/gcc/arm-none-eabi/10.3.1/../../../arm-none-eabi/lib/thumb/v7-m/nofp/libc.a(lib_a-wsetup.o)
 .debug_info    0x000000000001632c      0x9b0 /usr/lib/gcc/arm-none-eabi/10.3.1/../../../arm-none-eabi/lib/thumb/v7-m/nofp/libc.a(lib_a-__atexit.o)
 .debug_info    0x0000000000016cdc      0xa3d /usr/lib/gcc/arm-none-eabi/10.3.1/../../../arm-none-eabi/lib/thumb/v7-m/nofp/libc.a(lib_a-__call_atexit.o)
 .debug_info    0x0000000000017719      0x96b /usr/lib/gcc/arm-none-eabi/10.3.1/../../../arm-none-eabi/lib/thumb/v7-m/nofp/libc.a(lib_a-closer.o)
 .debug_info    0x0000000000018084     0x1a50 /usr/lib/gcc/arm-none-eabi/10.3.1/../../../arm-none-eabi/lib/thumb/v7-m/nofp/libc.a(lib_a-dtoa.o)
 .debug_info    0x0000000000019ad4      0xb4a /usr/lib/gcc/arm-none-eabi/10.3.1/../../../arm-none-eabi/lib/thumb/v7-m/nofp/libc.a(lib_a-fclose.o)
 .debug_info    0x000000000001a61e      0xcba /usr/lib/gcc/arm-none-eabi/10.3.1/../../../arm-none-eabi/lib/thumb/v7-m/nofp/libc.a(lib_a-fvwrite.o)
 .debug_info    0x000000000001b2d8      0xc3e /usr/lib/gcc/arm-none-eabi/10.3.1/../../../arm-none-eabi/lib/thumb/v7-m/nofp/libc.a(lib_a-localeconv.o)
 .debug_info    0x000000000001bf16      0x9a1 /usr/lib/gcc/arm-none-eabi/10.3.1/../../../arm-none-eabi/lib/thumb/v7-m/nofp/libc.a(lib_a-lseekr.o)
 .debug_info    0x000000000001c8b7      0xdf2 /usr/lib/gcc/arm-none-eabi/10.3.1/../../../arm-none-eabi/lib/thumb/v7-m/nofp/libc.a(lib_a-makebuf.o)
 .debug_info    0x000000000001d6a9      0x14e /usr/lib/gcc/arm-none-eabi/10.3.1/../../../arm-none-eabi/lib/thumb/v7-m/nofp/libc.a(lib_a-memchr-stub.o)
 .debug_info    0x000000000001d7f7       0x26 /usr/lib/gcc/arm-none-eabi/10.3.1/../../../arm-none-eabi/lib/thumb/v7-m/nofp/libc.a(lib_a-memcpy.o)
 .debug_info    0x000000000001d81d      0x152 /usr/lib/gcc/arm-none-eabi/10.3.1/../../../arm-none-eabi/lib/thumb/v7-m/nofp/libc.a(lib_a-memmove.o)
 .debug_info    0x000000000001d96f     0x20b7 /usr/lib/gcc/arm-none-eabi/10.3.1/../../../arm-none-eabi/lib/thumb/v7-m/nofp/libc.a(lib_a-mprec.o)
 .debug_info    0x000000000001fa26      0x9b9 /usr/lib/gcc/arm-none-eabi/10.3.1/../../../arm-none-eabi/lib/thumb/v7-m/nofp/libc.a(lib_a-readr.o)
 .debug_info    0x00000000000203df      0xdb4 /usr/lib/gcc/arm-none-eabi/10.3.1/../../../arm-none-eabi/lib/thumb/v7-m/nofp/libc.a(lib_a-reallocr.o)
 .debug_info    0x0000000000021193      0xbda /usr/lib/gcc/arm-none-eabi/10.3.1/../../../arm-none-eabi/lib/thumb/v7-m/nofp/libc.a(lib_a-reent.o)
 .debug_info    0x0000000000021d6d     0x1926 /usr/lib/gcc/arm-none-eabi/10.3.1/../../../arm-none-eabi/lib/thumb/v7-m/nofp/libc.a(lib_a-vfiprintf.o)
 .debug_info    0x0000000000023693      0xa23 /usr/lib/gcc/arm-none-eabi/10.3.1/../../../arm-none-eabi/lib/thumb/v7-m/nofp/libc.a(lib_a-assert.o)
 .debug_info    0x00000000000240b6      0xa81 /usr/lib/gcc/arm-none-eabi/10.3.1/../../../arm-none-eabi/lib/thumb/v7-m/nofp/libc.a(lib_a-callocr.o)
 .debug_info    0x0000000000024b37      0xa5f /usr/lib/gcc/arm-none-eabi/10.3.1/../../../arm-none-eabi/lib/thumb/v7-m/nofp/libc.a(lib_a-fiprintf.o)
 .debug_info    0x0000000000025596      0xc26 /usr/lib/gcc/arm-none-eabi/10.3.1/../../../arm-none-eabi/lib/thumb/v7-m/nofp/libc.a(lib_a-fputwc.o)
 .debug_info    0x00000000000261bc      0xb83 /usr/lib/gcc/arm-none-eabi/10.3.1/../../../arm-none-eabi/lib/thumb/v7-m/nofp/libc.a(lib_a-fstatr.o)
 .debug_info    0x0000000000026d3f      0x96b /usr/lib/gcc/arm-none-eabi/10.3.1/../../../arm-none-eabi/lib/thumb/v7-m/nofp/libc.a(lib_a-isattyr.o)
 .debug_info    0x00000000000276aa      0xe0a /usr/lib/gcc/arm-none-eabi/10.3.1/../../../arm-none-eabi/lib/thumb/v7-m/nofp/libc.a(lib_a-locale.o)
 .debug_info    0x00000000000284b4      0xccd /usr/lib/gcc/arm-none-eabi/10.3.1/../../../arm-none-eabi/lib/thumb/v7-m/nofp/libc.a(lib_a-mbtowc_r.o)
 .debug_info    0x0000000000029181       0x26 /usr/lib/gcc/arm-none-eabi/10.3.1/../../../arm-none-eabi/lib/thumb/v7-m/nofp/libc.a(lib_a-strcmp.o)
 .debug_info    0x00000000000291a7      0xa5f /usr/lib/gcc/arm-none-eabi/10.3.1/../../../arm-none-eabi/lib/thumb/v7-m/nofp/libc.a(lib_a-wbuf.o)
 .debug_info    0x0000000000029c06      0xd4f /usr/lib/gcc/arm-none-eabi/10.3.1/../../../arm-none-eabi/lib/thumb/v7-m/nofp/libc.a(lib_a-wcrtomb.o)
 .debug_info    0x000000000002a955      0xc8c /usr/lib/gcc/arm-none-eabi/10.3.1/../../../arm-none-eabi/lib/thumb/v7-m/nofp/libc.a(lib_a-wctomb_r.o)
 .debug_info    0x000000000002b5e1       0xcb /usr/lib/gcc/arm-none-eabi/10.3.1/../../../arm-none-eabi/lib/thumb/v7-m/nofp/libc.a(lib_a-abort.o)
 .debug_info    0x000000000002b6ac       0xb8 /usr/lib/gcc/arm-none-eabi/10.3.1/../../../arm-none-eabi/lib/thumb/v7-m/nofp/libc.a(lib_a-ctype_.o)
 .debug_info    0x000000000002b764      0xf32 /usr/lib/gcc/arm-none-eabi/10.3.1/../../../arm-none-eabi/lib/thumb/v7-m/nofp/libc.a(lib_a-signal.o)
 .debug_info    0x000000000002c696      0x9d7 /usr/lib/gcc/arm-none-eabi/10.3.1/../../../arm-none-eabi/lib/thumb/v7-m/nofp/libc.a(lib_a-signalr.o)
 .debug_info    0x000000000002d06d       0x26 /usr/lib/gcc/arm-none-eabi/10.3.1/thumb/v7-m/nofp/libgcc.a(_arm_cmpdf2.o)
 .debug_info    0x000000000002d093       0x26 /usr/lib/gcc/arm-none-eabi/10.3.1/thumb/v7-m/nofp/libgcc.a(_arm_unorddf2.o)

.debug_abbrev   0x0000000000000000     0x8f2e
 .debug_abbrev  0x0000000000000000      0x1e7 build/sam/sam3x/source/exceptions.o
 .debug_abbrev  0x00000000000001e7      0x20d build/sam/sam3x/source/startup_sam3x.o
 .debug_abbrev  0x00000000000003f4      0x241 build/sam/sam3x/source/system_sam3x.o
 .debug_abbrev  0x0000000000000635      0x234 build/main.o
 .debug_abbrev  0x0000000000000869      0x183 build/drivers/can_controller.o
 .debug_abbrev  0x00000000000009ec      0x1bb build/drivers/can_interrupt.o
 .debug_abbrev  0x0000000000000ba7      0x345 build/drivers/time.o
 .debug_abbrev  0x0000000000000eec      0x368 build/drivers/uart.o
 .debug_abbrev  0x0000000000001254      0x149 build/drivers/PWM.o
 .debug_abbrev  0x000000000000139d       0xdc build/drivers/adc.o
 .debug_abbrev  0x0000000000001479       0x8d build/drivers/game_func.o
 .debug_abbrev  0x0000000000001506       0xd1 build/drivers/solenoid.o
 .debug_abbrev  0x00000000000015d7      0x136 build/drivers/motor_controller.o
 .debug_abbrev  0x000000000000170d      0x15a build/drivers/PI.o
 .debug_abbrev  0x0000000000001867       0x14 /usr/lib/gcc/arm-none-eabi/10.3.1/thumb/v7-m/nofp/libgcc.a(_arm_addsubdf3.o)
 .debug_abbrev  0x000000000000187b       0x14 /usr/lib/gcc/arm-none-eabi/10.3.1/thumb/v7-m/nofp/libgcc.a(_arm_muldivdf3.o)
 .debug_abbrev  0x000000000000188f       0x14 /usr/lib/gcc/arm-none-eabi/10.3.1/thumb/v7-m/nofp/libgcc.a(_arm_fixdfsi.o)
 .debug_abbrev  0x00000000000018a3       0x14 /usr/lib/gcc/arm-none-eabi/10.3.1/thumb/v7-m/nofp/libgcc.a(_arm_truncdfsf2.o)
 .debug_abbrev  0x00000000000018b7       0x14 /usr/lib/gcc/arm-none-eabi/10.3.1/thumb/v7-m/nofp/libgcc.a(_arm_addsubsf3.o)
 .debug_abbrev  0x00000000000018cb       0x14 /usr/lib/gcc/arm-none-eabi/10.3.1/thumb/v7-m/nofp/libgcc.a(_arm_muldivsf3.o)
 .debug_abbrev  0x00000000000018df       0x14 /usr/lib/gcc/arm-none-eabi/10.3.1/thumb/v7-m/nofp/libgcc.a(_arm_cmpsf2.o)
 .debug_abbrev  0x00000000000018f3       0x14 /usr/lib/gcc/arm-none-eabi/10.3.1/thumb/v7-m/nofp/libgcc.a(_arm_fixsfsi.o)
 .debug_abbrev  0x0000000000001907       0x14 /usr/lib/gcc/arm-none-eabi/10.3.1/thumb/v7-m/nofp/libgcc.a(_arm_fixunssfsi.o)
 .debug_abbrev  0x000000000000191b       0x14 /usr/lib/gcc/arm-none-eabi/10.3.1/thumb/v7-m/nofp/libgcc.a(_aeabi_uldivmod.o)
 .debug_abbrev  0x000000000000192f      0x163 /usr/lib/gcc/arm-none-eabi/10.3.1/thumb/v7-m/nofp/libgcc.a(_udivmoddi4.o)
 .debug_abbrev  0x0000000000001a92       0x14 /usr/lib/gcc/arm-none-eabi/10.3.1/thumb/v7-m/nofp/libgcc.a(_dvmd_tls.o)
 .debug_abbrev  0x0000000000001aa6       0xb7 /usr/lib/gcc/arm-none-eabi/10.3.1/../../../arm-none-eabi/lib/thumb/v7-m/nofp/libc.a(lib_a-atexit.o)
 .debug_abbrev  0x0000000000001b5d      0x333 /usr/lib/gcc/arm-none-eabi/10.3.1/../../../arm-none-eabi/lib/thumb/v7-m/nofp/libc.a(lib_a-fflush.o)
 .debug_abbrev  0x0000000000001e90      0x41a /usr/lib/gcc/arm-none-eabi/10.3.1/../../../arm-none-eabi/lib/thumb/v7-m/nofp/libc.a(lib_a-findfp.o)
 .debug_abbrev  0x00000000000022aa       0xcf /usr/lib/gcc/arm-none-eabi/10.3.1/../../../arm-none-eabi/lib/thumb/v7-m/nofp/libc.a(lib_a-fini.o)
 .debug_abbrev  0x0000000000002379      0x2b1 /usr/lib/gcc/arm-none-eabi/10.3.1/../../../arm-none-eabi/lib/thumb/v7-m/nofp/libc.a(lib_a-freer.o)
 .debug_abbrev  0x000000000000262a      0x1fe /usr/lib/gcc/arm-none-eabi/10.3.1/../../../arm-none-eabi/lib/thumb/v7-m/nofp/libc.a(lib_a-fwalk.o)
 .debug_abbrev  0x0000000000002828      0x1b8 /usr/lib/gcc/arm-none-eabi/10.3.1/../../../arm-none-eabi/lib/thumb/v7-m/nofp/libc.a(lib_a-impure.o)
 .debug_abbrev  0x00000000000029e0       0xcc /usr/lib/gcc/arm-none-eabi/10.3.1/../../../arm-none-eabi/lib/thumb/v7-m/nofp/libc.a(lib_a-init.o)
 .debug_abbrev  0x0000000000002aac      0x21d /usr/lib/gcc/arm-none-eabi/10.3.1/../../../arm-none-eabi/lib/thumb/v7-m/nofp/libc.a(lib_a-malloc.o)
 .debug_abbrev  0x0000000000002cc9      0x2f6 /usr/lib/gcc/arm-none-eabi/10.3.1/../../../arm-none-eabi/lib/thumb/v7-m/nofp/libc.a(lib_a-mallocr.o)
 .debug_abbrev  0x0000000000002fbf       0xb4 /usr/lib/gcc/arm-none-eabi/10.3.1/../../../arm-none-eabi/lib/thumb/v7-m/nofp/libc.a(lib_a-memset.o)
 .debug_abbrev  0x0000000000003073      0x1f0 /usr/lib/gcc/arm-none-eabi/10.3.1/../../../arm-none-eabi/lib/thumb/v7-m/nofp/libc.a(lib_a-mlock.o)
 .debug_abbrev  0x0000000000003263      0x27a /usr/lib/gcc/arm-none-eabi/10.3.1/../../../arm-none-eabi/lib/thumb/v7-m/nofp/libc.a(lib_a-printf.o)
 .debug_abbrev  0x00000000000034dd      0x28d /usr/lib/gcc/arm-none-eabi/10.3.1/../../../arm-none-eabi/lib/thumb/v7-m/nofp/libc.a(lib_a-puts.o)
 .debug_abbrev  0x000000000000376a      0x23d /usr/lib/gcc/arm-none-eabi/10.3.1/../../../arm-none-eabi/lib/thumb/v7-m/nofp/libc.a(lib_a-sbrkr.o)
 .debug_abbrev  0x00000000000039a7      0x262 /usr/lib/gcc/arm-none-eabi/10.3.1/../../../arm-none-eabi/lib/thumb/v7-m/nofp/libc.a(lib_a-stdio.o)
 .debug_abbrev  0x0000000000003c09       0x79 /usr/lib/gcc/arm-none-eabi/10.3.1/../../../arm-none-eabi/lib/thumb/v7-m/nofp/libc.a(lib_a-strlen-stub.o)
 .debug_abbrev  0x0000000000003c82      0x44f /usr/lib/gcc/arm-none-eabi/10.3.1/../../../arm-none-eabi/lib/thumb/v7-m/nofp/libc.a(lib_a-vfprintf.o)
 .debug_abbrev  0x00000000000040d1      0x217 /usr/lib/gcc/arm-none-eabi/10.3.1/../../../arm-none-eabi/lib/thumb/v7-m/nofp/libc.a(lib_a-writer.o)
 .debug_abbrev  0x00000000000042e8      0x246 /usr/lib/gcc/arm-none-eabi/10.3.1/../../../arm-none-eabi/lib/thumb/v7-m/nofp/libc.a(lib_a-wsetup.o)
 .debug_abbrev  0x000000000000452e      0x23f /usr/lib/gcc/arm-none-eabi/10.3.1/../../../arm-none-eabi/lib/thumb/v7-m/nofp/libc.a(lib_a-__atexit.o)
 .debug_abbrev  0x000000000000476d      0x2b2 /usr/lib/gcc/arm-none-eabi/10.3.1/../../../arm-none-eabi/lib/thumb/v7-m/nofp/libc.a(lib_a-__call_atexit.o)
 .debug_abbrev  0x0000000000004a1f      0x212 /usr/lib/gcc/arm-none-eabi/10.3.1/../../../arm-none-eabi/lib/thumb/v7-m/nofp/libc.a(lib_a-closer.o)
 .debug_abbrev  0x0000000000004c31      0x323 /usr/lib/gcc/arm-none-eabi/10.3.1/../../../arm-none-eabi/lib/thumb/v7-m/nofp/libc.a(lib_a-dtoa.o)
 .debug_abbrev  0x0000000000004f54      0x2f1 /usr/lib/gcc/arm-none-eabi/10.3.1/../../../arm-none-eabi/lib/thumb/v7-m/nofp/libc.a(lib_a-fclose.o)
 .debug_abbrev  0x0000000000005245      0x25b /usr/lib/gcc/arm-none-eabi/10.3.1/../../../arm-none-eabi/lib/thumb/v7-m/nofp/libc.a(lib_a-fvwrite.o)
 .debug_abbrev  0x00000000000054a0      0x26a /usr/lib/gcc/arm-none-eabi/10.3.1/../../../arm-none-eabi/lib/thumb/v7-m/nofp/libc.a(lib_a-localeconv.o)
 .debug_abbrev  0x000000000000570a      0x226 /usr/lib/gcc/arm-none-eabi/10.3.1/../../../arm-none-eabi/lib/thumb/v7-m/nofp/libc.a(lib_a-lseekr.o)
 .debug_abbrev  0x0000000000005930      0x2df /usr/lib/gcc/arm-none-eabi/10.3.1/../../../arm-none-eabi/lib/thumb/v7-m/nofp/libc.a(lib_a-makebuf.o)
 .debug_abbrev  0x0000000000005c0f       0xd4 /usr/lib/gcc/arm-none-eabi/10.3.1/../../../arm-none-eabi/lib/thumb/v7-m/nofp/libc.a(lib_a-memchr-stub.o)
 .debug_abbrev  0x0000000000005ce3       0x14 /usr/lib/gcc/arm-none-eabi/10.3.1/../../../arm-none-eabi/lib/thumb/v7-m/nofp/libc.a(lib_a-memcpy.o)
 .debug_abbrev  0x0000000000005cf7       0xc0 /usr/lib/gcc/arm-none-eabi/10.3.1/../../../arm-none-eabi/lib/thumb/v7-m/nofp/libc.a(lib_a-memmove.o)
 .debug_abbrev  0x0000000000005db7      0x4ae /usr/lib/gcc/arm-none-eabi/10.3.1/../../../arm-none-eabi/lib/thumb/v7-m/nofp/libc.a(lib_a-mprec.o)
 .debug_abbrev  0x0000000000006265      0x212 /usr/lib/gcc/arm-none-eabi/10.3.1/../../../arm-none-eabi/lib/thumb/v7-m/nofp/libc.a(lib_a-readr.o)
 .debug_abbrev  0x0000000000006477      0x275 /usr/lib/gcc/arm-none-eabi/10.3.1/../../../arm-none-eabi/lib/thumb/v7-m/nofp/libc.a(lib_a-reallocr.o)
 .debug_abbrev  0x00000000000066ec      0x2f4 /usr/lib/gcc/arm-none-eabi/10.3.1/../../../arm-none-eabi/lib/thumb/v7-m/nofp/libc.a(lib_a-reent.o)
 .debug_abbrev  0x00000000000069e0      0x430 /usr/lib/gcc/arm-none-eabi/10.3.1/../../../arm-none-eabi/lib/thumb/v7-m/nofp/libc.a(lib_a-vfiprintf.o)
 .debug_abbrev  0x0000000000006e10      0x22a /usr/lib/gcc/arm-none-eabi/10.3.1/../../../arm-none-eabi/lib/thumb/v7-m/nofp/libc.a(lib_a-assert.o)
 .debug_abbrev  0x000000000000703a      0x241 /usr/lib/gcc/arm-none-eabi/10.3.1/../../../arm-none-eabi/lib/thumb/v7-m/nofp/libc.a(lib_a-callocr.o)
 .debug_abbrev  0x000000000000727b      0x255 /usr/lib/gcc/arm-none-eabi/10.3.1/../../../arm-none-eabi/lib/thumb/v7-m/nofp/libc.a(lib_a-fiprintf.o)
 .debug_abbrev  0x00000000000074d0      0x34f /usr/lib/gcc/arm-none-eabi/10.3.1/../../../arm-none-eabi/lib/thumb/v7-m/nofp/libc.a(lib_a-fputwc.o)
 .debug_abbrev  0x000000000000781f      0x226 /usr/lib/gcc/arm-none-eabi/10.3.1/../../../arm-none-eabi/lib/thumb/v7-m/nofp/libc.a(lib_a-fstatr.o)
 .debug_abbrev  0x0000000000007a45      0x212 /usr/lib/gcc/arm-none-eabi/10.3.1/../../../arm-none-eabi/lib/thumb/v7-m/nofp/libc.a(lib_a-isattyr.o)
 .debug_abbrev  0x0000000000007c57      0x2f5 /usr/lib/gcc/arm-none-eabi/10.3.1/../../../arm-none-eabi/lib/thumb/v7-m/nofp/libc.a(lib_a-locale.o)
 .debug_abbrev  0x0000000000007f4c      0x247 /usr/lib/gcc/arm-none-eabi/10.3.1/../../../arm-none-eabi/lib/thumb/v7-m/nofp/libc.a(lib_a-mbtowc_r.o)
 .debug_abbrev  0x0000000000008193       0x14 /usr/lib/gcc/arm-none-eabi/10.3.1/../../../arm-none-eabi/lib/thumb/v7-m/nofp/libc.a(lib_a-strcmp.o)
 .debug_abbrev  0x00000000000081a7      0x286 /usr/lib/gcc/arm-none-eabi/10.3.1/../../../arm-none-eabi/lib/thumb/v7-m/nofp/libc.a(lib_a-wbuf.o)
 .debug_abbrev  0x000000000000842d      0x254 /usr/lib/gcc/arm-none-eabi/10.3.1/../../../arm-none-eabi/lib/thumb/v7-m/nofp/libc.a(lib_a-wcrtomb.o)
 .debug_abbrev  0x0000000000008681      0x240 /usr/lib/gcc/arm-none-eabi/10.3.1/../../../arm-none-eabi/lib/thumb/v7-m/nofp/libc.a(lib_a-wctomb_r.o)
 .debug_abbrev  0x00000000000088c1       0x80 /usr/lib/gcc/arm-none-eabi/10.3.1/../../../arm-none-eabi/lib/thumb/v7-m/nofp/libc.a(lib_a-abort.o)
 .debug_abbrev  0x0000000000008941       0x62 /usr/lib/gcc/arm-none-eabi/10.3.1/../../../arm-none-eabi/lib/thumb/v7-m/nofp/libc.a(lib_a-ctype_.o)
 .debug_abbrev  0x00000000000089a3      0x321 /usr/lib/gcc/arm-none-eabi/10.3.1/../../../arm-none-eabi/lib/thumb/v7-m/nofp/libc.a(lib_a-signal.o)
 .debug_abbrev  0x0000000000008cc4      0x242 /usr/lib/gcc/arm-none-eabi/10.3.1/../../../arm-none-eabi/lib/thumb/v7-m/nofp/libc.a(lib_a-signalr.o)
 .debug_abbrev  0x0000000000008f06       0x14 /usr/lib/gcc/arm-none-eabi/10.3.1/thumb/v7-m/nofp/libgcc.a(_arm_cmpdf2.o)
 .debug_abbrev  0x0000000000008f1a       0x14 /usr/lib/gcc/arm-none-eabi/10.3.1/thumb/v7-m/nofp/libgcc.a(_arm_unorddf2.o)

.debug_aranges  0x0000000000000000      0xa28
 .debug_aranges
                0x0000000000000000       0x20 build/sam/sam3x/source/exceptions.o
 .debug_aranges
                0x0000000000000020       0x20 build/sam/sam3x/source/startup_sam3x.o
 .debug_aranges
                0x0000000000000040       0x30 build/sam/sam3x/source/system_sam3x.o
 .debug_aranges
                0x0000000000000070       0x20 build/main.o
 .debug_aranges
                0x0000000000000090       0x20 build/drivers/can_controller.o
 .debug_aranges
                0x00000000000000b0       0x20 build/drivers/can_interrupt.o
 .debug_aranges
                0x00000000000000d0       0x20 build/drivers/time.o
 .debug_aranges
                0x00000000000000f0       0x20 build/drivers/uart.o
 .debug_aranges
                0x0000000000000110       0x20 build/drivers/PWM.o
 .debug_aranges
                0x0000000000000130       0x20 build/drivers/adc.o
 .debug_aranges
                0x0000000000000150       0x20 build/drivers/game_func.o
 .debug_aranges
                0x0000000000000170       0x20 build/drivers/solenoid.o
 .debug_aranges
                0x0000000000000190       0x20 build/drivers/motor_controller.o
 .debug_aranges
                0x00000000000001b0       0x20 build/drivers/PI.o
 .debug_aranges
                0x00000000000001d0       0x20 /usr/lib/gcc/arm-none-eabi/10.3.1/thumb/v7-m/nofp/libgcc.a(_arm_addsubdf3.o)
 .debug_aranges
                0x00000000000001f0       0x20 /usr/lib/gcc/arm-none-eabi/10.3.1/thumb/v7-m/nofp/libgcc.a(_arm_muldivdf3.o)
 .debug_aranges
                0x0000000000000210       0x20 /usr/lib/gcc/arm-none-eabi/10.3.1/thumb/v7-m/nofp/libgcc.a(_arm_fixdfsi.o)
 .debug_aranges
                0x0000000000000230       0x20 /usr/lib/gcc/arm-none-eabi/10.3.1/thumb/v7-m/nofp/libgcc.a(_arm_truncdfsf2.o)
 .debug_aranges
                0x0000000000000250       0x20 /usr/lib/gcc/arm-none-eabi/10.3.1/thumb/v7-m/nofp/libgcc.a(_arm_addsubsf3.o)
 .debug_aranges
                0x0000000000000270       0x20 /usr/lib/gcc/arm-none-eabi/10.3.1/thumb/v7-m/nofp/libgcc.a(_arm_muldivsf3.o)
 .debug_aranges
                0x0000000000000290       0x20 /usr/lib/gcc/arm-none-eabi/10.3.1/thumb/v7-m/nofp/libgcc.a(_arm_cmpsf2.o)
 .debug_aranges
                0x00000000000002b0       0x20 /usr/lib/gcc/arm-none-eabi/10.3.1/thumb/v7-m/nofp/libgcc.a(_arm_fixsfsi.o)
 .debug_aranges
                0x00000000000002d0       0x20 /usr/lib/gcc/arm-none-eabi/10.3.1/thumb/v7-m/nofp/libgcc.a(_arm_fixunssfsi.o)
 .debug_aranges
                0x00000000000002f0       0x20 /usr/lib/gcc/arm-none-eabi/10.3.1/thumb/v7-m/nofp/libgcc.a(_aeabi_uldivmod.o)
 .debug_aranges
                0x0000000000000310       0x20 /usr/lib/gcc/arm-none-eabi/10.3.1/thumb/v7-m/nofp/libgcc.a(_udivmoddi4.o)
 .debug_aranges
                0x0000000000000330       0x20 /usr/lib/gcc/arm-none-eabi/10.3.1/thumb/v7-m/nofp/libgcc.a(_dvmd_tls.o)
 .debug_aranges
                0x0000000000000350       0x20 /usr/lib/gcc/arm-none-eabi/10.3.1/../../../arm-none-eabi/lib/thumb/v7-m/nofp/libc.a(lib_a-atexit.o)
 .debug_aranges
                0x0000000000000370       0x20 /usr/lib/gcc/arm-none-eabi/10.3.1/../../../arm-none-eabi/lib/thumb/v7-m/nofp/libc.a(lib_a-fflush.o)
 .debug_aranges
                0x0000000000000390       0x20 /usr/lib/gcc/arm-none-eabi/10.3.1/../../../arm-none-eabi/lib/thumb/v7-m/nofp/libc.a(lib_a-findfp.o)
 .debug_aranges
                0x00000000000003b0       0x20 /usr/lib/gcc/arm-none-eabi/10.3.1/../../../arm-none-eabi/lib/thumb/v7-m/nofp/libc.a(lib_a-fini.o)
 .debug_aranges
                0x00000000000003d0       0x20 /usr/lib/gcc/arm-none-eabi/10.3.1/../../../arm-none-eabi/lib/thumb/v7-m/nofp/libc.a(lib_a-freer.o)
 .debug_aranges
                0x00000000000003f0       0x20 /usr/lib/gcc/arm-none-eabi/10.3.1/../../../arm-none-eabi/lib/thumb/v7-m/nofp/libc.a(lib_a-fwalk.o)
 .debug_aranges
                0x0000000000000410       0x18 /usr/lib/gcc/arm-none-eabi/10.3.1/../../../arm-none-eabi/lib/thumb/v7-m/nofp/libc.a(lib_a-impure.o)
 .debug_aranges
                0x0000000000000428       0x20 /usr/lib/gcc/arm-none-eabi/10.3.1/../../../arm-none-eabi/lib/thumb/v7-m/nofp/libc.a(lib_a-init.o)
 .debug_aranges
                0x0000000000000448       0x20 /usr/lib/gcc/arm-none-eabi/10.3.1/../../../arm-none-eabi/lib/thumb/v7-m/nofp/libc.a(lib_a-malloc.o)
 .debug_aranges
                0x0000000000000468       0x20 /usr/lib/gcc/arm-none-eabi/10.3.1/../../../arm-none-eabi/lib/thumb/v7-m/nofp/libc.a(lib_a-mallocr.o)
 .debug_aranges
                0x0000000000000488       0x20 /usr/lib/gcc/arm-none-eabi/10.3.1/../../../arm-none-eabi/lib/thumb/v7-m/nofp/libc.a(lib_a-memset.o)
 .debug_aranges
                0x00000000000004a8       0x20 /usr/lib/gcc/arm-none-eabi/10.3.1/../../../arm-none-eabi/lib/thumb/v7-m/nofp/libc.a(lib_a-mlock.o)
 .debug_aranges
                0x00000000000004c8       0x20 /usr/lib/gcc/arm-none-eabi/10.3.1/../../../arm-none-eabi/lib/thumb/v7-m/nofp/libc.a(lib_a-printf.o)
 .debug_aranges
                0x00000000000004e8       0x20 /usr/lib/gcc/arm-none-eabi/10.3.1/../../../arm-none-eabi/lib/thumb/v7-m/nofp/libc.a(lib_a-puts.o)
 .debug_aranges
                0x0000000000000508       0x20 /usr/lib/gcc/arm-none-eabi/10.3.1/../../../arm-none-eabi/lib/thumb/v7-m/nofp/libc.a(lib_a-sbrkr.o)
 .debug_aranges
                0x0000000000000528       0x20 /usr/lib/gcc/arm-none-eabi/10.3.1/../../../arm-none-eabi/lib/thumb/v7-m/nofp/libc.a(lib_a-stdio.o)
 .debug_aranges
                0x0000000000000548       0x20 /usr/lib/gcc/arm-none-eabi/10.3.1/../../../arm-none-eabi/lib/thumb/v7-m/nofp/libc.a(lib_a-strlen-stub.o)
 .debug_aranges
                0x0000000000000568       0x20 /usr/lib/gcc/arm-none-eabi/10.3.1/../../../arm-none-eabi/lib/thumb/v7-m/nofp/libc.a(lib_a-vfprintf.o)
 .debug_aranges
                0x0000000000000588       0x20 /usr/lib/gcc/arm-none-eabi/10.3.1/../../../arm-none-eabi/lib/thumb/v7-m/nofp/libc.a(lib_a-writer.o)
 .debug_aranges
                0x00000000000005a8       0x20 /usr/lib/gcc/arm-none-eabi/10.3.1/../../../arm-none-eabi/lib/thumb/v7-m/nofp/libc.a(lib_a-wsetup.o)
 .debug_aranges
                0x00000000000005c8       0x20 /usr/lib/gcc/arm-none-eabi/10.3.1/../../../arm-none-eabi/lib/thumb/v7-m/nofp/libc.a(lib_a-__atexit.o)
 .debug_aranges
                0x00000000000005e8       0x28 /usr/lib/gcc/arm-none-eabi/10.3.1/../../../arm-none-eabi/lib/thumb/v7-m/nofp/libc.a(lib_a-__call_atexit.o)
 .debug_aranges
                0x0000000000000610       0x20 /usr/lib/gcc/arm-none-eabi/10.3.1/../../../arm-none-eabi/lib/thumb/v7-m/nofp/libc.a(lib_a-closer.o)
 .debug_aranges
                0x0000000000000630       0x20 /usr/lib/gcc/arm-none-eabi/10.3.1/../../../arm-none-eabi/lib/thumb/v7-m/nofp/libc.a(lib_a-dtoa.o)
 .debug_aranges
                0x0000000000000650       0x20 /usr/lib/gcc/arm-none-eabi/10.3.1/../../../arm-none-eabi/lib/thumb/v7-m/nofp/libc.a(lib_a-fclose.o)
 .debug_aranges
                0x0000000000000670       0x20 /usr/lib/gcc/arm-none-eabi/10.3.1/../../../arm-none-eabi/lib/thumb/v7-m/nofp/libc.a(lib_a-fvwrite.o)
 .debug_aranges
                0x0000000000000690       0x20 /usr/lib/gcc/arm-none-eabi/10.3.1/../../../arm-none-eabi/lib/thumb/v7-m/nofp/libc.a(lib_a-localeconv.o)
 .debug_aranges
                0x00000000000006b0       0x20 /usr/lib/gcc/arm-none-eabi/10.3.1/../../../arm-none-eabi/lib/thumb/v7-m/nofp/libc.a(lib_a-lseekr.o)
 .debug_aranges
                0x00000000000006d0       0x20 /usr/lib/gcc/arm-none-eabi/10.3.1/../../../arm-none-eabi/lib/thumb/v7-m/nofp/libc.a(lib_a-makebuf.o)
 .debug_aranges
                0x00000000000006f0       0x20 /usr/lib/gcc/arm-none-eabi/10.3.1/../../../arm-none-eabi/lib/thumb/v7-m/nofp/libc.a(lib_a-memchr-stub.o)
 .debug_aranges
                0x0000000000000710       0x20 /usr/lib/gcc/arm-none-eabi/10.3.1/../../../arm-none-eabi/lib/thumb/v7-m/nofp/libc.a(lib_a-memcpy.o)
 .debug_aranges
                0x0000000000000730       0x20 /usr/lib/gcc/arm-none-eabi/10.3.1/../../../arm-none-eabi/lib/thumb/v7-m/nofp/libc.a(lib_a-memmove.o)
 .debug_aranges
                0x0000000000000750       0x20 /usr/lib/gcc/arm-none-eabi/10.3.1/../../../arm-none-eabi/lib/thumb/v7-m/nofp/libc.a(lib_a-mprec.o)
 .debug_aranges
                0x0000000000000770       0x20 /usr/lib/gcc/arm-none-eabi/10.3.1/../../../arm-none-eabi/lib/thumb/v7-m/nofp/libc.a(lib_a-readr.o)
 .debug_aranges
                0x0000000000000790       0x20 /usr/lib/gcc/arm-none-eabi/10.3.1/../../../arm-none-eabi/lib/thumb/v7-m/nofp/libc.a(lib_a-reallocr.o)
 .debug_aranges
                0x00000000000007b0       0x20 /usr/lib/gcc/arm-none-eabi/10.3.1/../../../arm-none-eabi/lib/thumb/v7-m/nofp/libc.a(lib_a-reent.o)
 .debug_aranges
                0x00000000000007d0       0x20 /usr/lib/gcc/arm-none-eabi/10.3.1/../../../arm-none-eabi/lib/thumb/v7-m/nofp/libc.a(lib_a-vfiprintf.o)
 .debug_aranges
                0x00000000000007f0       0x20 /usr/lib/gcc/arm-none-eabi/10.3.1/../../../arm-none-eabi/lib/thumb/v7-m/nofp/libc.a(lib_a-assert.o)
 .debug_aranges
                0x0000000000000810       0x20 /usr/lib/gcc/arm-none-eabi/10.3.1/../../../arm-none-eabi/lib/thumb/v7-m/nofp/libc.a(lib_a-callocr.o)
 .debug_aranges
                0x0000000000000830       0x20 /usr/lib/gcc/arm-none-eabi/10.3.1/../../../arm-none-eabi/lib/thumb/v7-m/nofp/libc.a(lib_a-fiprintf.o)
 .debug_aranges
                0x0000000000000850       0x20 /usr/lib/gcc/arm-none-eabi/10.3.1/../../../arm-none-eabi/lib/thumb/v7-m/nofp/libc.a(lib_a-fputwc.o)
 .debug_aranges